Component: ARM Compiler 5.06 update 6 (build 750) Tool: armlink [4d35ed]

==============================================================================

Section Cross References

    startup_stm32f429xx.o(RESET) refers to startup_stm32f429xx.o(STACK) for __initial_sp
    startup_stm32f429xx.o(RESET) refers to startup_stm32f429xx.o(.text) for Reset_Handler
    startup_stm32f429xx.o(RESET) refers to stm32f4xx_it.o(i.NMI_Handler) for NMI_Handler
    startup_stm32f429xx.o(RESET) refers to stm32f4xx_it.o(i.HardFault_Handler) for HardFault_Handler
    startup_stm32f429xx.o(RESET) refers to stm32f4xx_it.o(i.MemManage_Handler) for MemManage_Handler
    startup_stm32f429xx.o(RESET) refers to stm32f4xx_it.o(i.BusFault_Handler) for BusFault_Handler
    startup_stm32f429xx.o(RESET) refers to stm32f4xx_it.o(i.UsageFault_Handler) for UsageFault_Handler
    startup_stm32f429xx.o(RESET) refers to stm32f4xx_it.o(i.SVC_Handler) for SVC_Handler
    startup_stm32f429xx.o(RESET) refers to stm32f4xx_it.o(i.DebugMon_Handler) for DebugMon_Handler
    startup_stm32f429xx.o(RESET) refers to stm32f4xx_it.o(i.PendSV_Handler) for PendSV_Handler
    startup_stm32f429xx.o(RESET) refers to stm32f4xx_it.o(i.SysTick_Handler) for SysTick_Handler
    startup_stm32f429xx.o(RESET) refers to stm32f4xx_it.o(i.USART1_IRQHandler) for USART1_IRQHandler
    startup_stm32f429xx.o(RESET) refers to stm32f4xx_it.o(i.DMA2_Stream2_IRQHandler) for DMA2_Stream2_IRQHandler
    startup_stm32f429xx.o(.text) refers to system_stm32f4xx.o(i.SystemInit) for SystemInit
    startup_stm32f429xx.o(.text) refers to entry.o(.ARM.Collect$$$$00000000) for __main
    main.o(i.MX_FMC_Init) refers to stm32f4xx_hal_sdram.o(i.HAL_SDRAM_Init) for HAL_SDRAM_Init
    main.o(i.MX_FMC_Init) refers to main.o(.bss) for .bss
    main.o(i.MX_GPIO_Init) refers to stm32f4xx_hal_gpio.o(i.HAL_GPIO_WritePin) for HAL_GPIO_WritePin
    main.o(i.MX_GPIO_Init) refers to stm32f4xx_hal_gpio.o(i.HAL_GPIO_Init) for HAL_GPIO_Init
    main.o(i.MX_SPI5_Init) refers to stm32f4xx_hal_spi.o(i.HAL_SPI_Init) for HAL_SPI_Init
    main.o(i.MX_SPI5_Init) refers to main.o(.bss) for .bss
    main.o(i.SDRAM_Initialization_Sequence) refers to stm32f4xx_hal_sdram.o(i.HAL_SDRAM_SendCommand) for HAL_SDRAM_SendCommand
    main.o(i.SDRAM_Initialization_Sequence) refers to stm32f4xx_hal.o(i.HAL_Delay) for HAL_Delay
    main.o(i.SDRAM_Initialization_Sequence) refers to stm32f4xx_hal_sdram.o(i.HAL_SDRAM_ProgramRefreshRate) for HAL_SDRAM_ProgramRefreshRate
    main.o(i.SystemClock_Config) refers to stm32f4xx_hal_rcc.o(i.HAL_RCC_OscConfig) for HAL_RCC_OscConfig
    main.o(i.SystemClock_Config) refers to stm32f4xx_hal_pwr_ex.o(i.HAL_PWREx_EnableOverDrive) for HAL_PWREx_EnableOverDrive
    main.o(i.SystemClock_Config) refers to stm32f4xx_hal_rcc.o(i.HAL_RCC_ClockConfig) for HAL_RCC_ClockConfig
    main.o(i.SystemClock_Config) refers to stm32f4xx_hal_rcc.o(i.HAL_RCC_GetHCLKFreq) for HAL_RCC_GetHCLKFreq
    main.o(i.SystemClock_Config) refers to stm32f4xx_hal_cortex.o(i.HAL_SYSTICK_Config) for HAL_SYSTICK_Config
    main.o(i.SystemClock_Config) refers to stm32f4xx_hal_cortex.o(i.HAL_SYSTICK_CLKSourceConfig) for HAL_SYSTICK_CLKSourceConfig
    main.o(i.SystemClock_Config) refers to stm32f4xx_hal_cortex.o(i.HAL_NVIC_SetPriority) for HAL_NVIC_SetPriority
    main.o(i.main) refers to stm32f4xx_hal.o(i.HAL_Init) for HAL_Init
    main.o(i.main) refers to main.o(i.SystemClock_Config) for SystemClock_Config
    main.o(i.main) refers to main.o(i.MX_GPIO_Init) for MX_GPIO_Init
    main.o(i.main) refers to stm32f4xx_hal_cortex.o(i.HAL_NVIC_SetPriority) for HAL_NVIC_SetPriority
    main.o(i.main) refers to stm32f4xx_hal_cortex.o(i.HAL_NVIC_EnableIRQ) for HAL_NVIC_EnableIRQ
    main.o(i.main) refers to main.o(i.MX_SPI5_Init) for MX_SPI5_Init
    main.o(i.main) refers to stm32f4xx_hal_uart.o(i.HAL_UART_Init) for HAL_UART_Init
    main.o(i.main) refers to main.o(i.MX_FMC_Init) for MX_FMC_Init
    main.o(i.main) refers to fatfs.o(i.MX_FATFS_Init) for MX_FATFS_Init
    main.o(i.main) refers to libjpeg.o(i.MX_LIBJPEG_Init) for MX_LIBJPEG_Init
    main.o(i.main) refers to flash_drv.o(i.flash_init) for flash_init
    main.o(i.main) refers to main.o(i.SDRAM_Initialization_Sequence) for SDRAM_Initialization_Sequence
    main.o(i.main) refers to protocol.o(i.protocol_init) for protocol_init
    main.o(i.main) refers to ff_1.o(i.f_mount) for f_mount
    main.o(i.main) refers to uart.o(i.uart_send_buf) for uart_send_buf
    main.o(i.main) refers to printf8.o(i.__0printf$8) for __2printf
    main.o(i.main) refers to ff_1.o(i.f_mkfs) for f_mkfs
    main.o(i.main) refers to ff_1.o(i.f_open) for f_open
    main.o(i.main) refers to uart.o(i.uart_rec_start) for uart_rec_start
    main.o(i.main) refers to ff_1.o(i.f_read) for f_read
    main.o(i.main) refers to ff_1.o(i.f_close) for f_close
    main.o(i.main) refers to main.o(.bss) for .bss
    main.o(i.main) refers to fatfs.o(.bss) for USERFatFS
[...]
    .ARM.Collect$$$$0000000D                 0x080001bc   Section        0  entry10a.o(.ARM.Collect$$$$0000000D)
    .ARM.Collect$$$$0000000F                 0x080001bc   Section        0  entry11a.o(.ARM.Collect$$$$0000000F)
    .ARM.Collect$$$$00002712                 0x080001bc   Section        4  entry2.o(.ARM.Collect$$$$00002712)
    __lit__00000000                          0x080001bc   Data           4  entry2.o(.ARM.Collect$$$$00002712)
    .text                                    0x080001c0   Section       36  startup_stm32f429xx.o(.text)
    $v0                                      0x080001c0   Number         0  startup_stm32f429xx.o(.text)
    .text                                    0x080001e4   Section        0  uldiv.o(.text)
    .text                                    0x08000246   Section        0  memcpya.o(.text)
    .text                                    0x0800026a   Section        0  llshl.o(.text)
    .text                                    0x08000288   Section        0  llushr.o(.text)
    .text                                    0x080002a8   Section       36  init.o(.text)
    i.BusFault_Handler                       0x080002cc   Section        0  stm32f4xx_it.o(i.BusFault_Handler)
    i.DMA2_Stream2_IRQHandler                0x080002d0   Section        0  stm32f4xx_it.o(i.DMA2_Stream2_IRQHandler)
    i.DMA_CalcBaseAndBitshift                0x080002dc   Section        0  stm32f4xx_hal_dma.o(i.DMA_CalcBaseAndBitshift)
    DMA_CalcBaseAndBitshift                  0x080002dd   Thumb Code    34  stm32f4xx_hal_dma.o(i.DMA_CalcBaseAndBitshift)
    i.DMA_CheckFifoParam                     0x08000304   Section        0  stm32f4xx_hal_dma.o(i.DMA_CheckFifoParam)
    DMA_CheckFifoParam                       0x08000305   Thumb Code    84  stm32f4xx_hal_dma.o(i.DMA_CheckFifoParam)
    i.DMA_SetConfig                          0x08000358   Section        0  stm32f4xx_hal_dma.o(i.DMA_SetConfig)
    DMA_SetConfig                            0x08000359   Thumb Code    40  stm32f4xx_hal_dma.o(i.DMA_SetConfig)
    i.DebugMon_Handler                       0x08000380   Section        0  stm32f4xx_it.o(i.DebugMon_Handler)
    i.FATFS_LinkDriver                       0x08000382   Section        0  ff_gen_drv.o(i.FATFS_LinkDriver)
    i.FATFS_LinkDriverEx                     0x08000388   Section        0  ff_gen_drv.o(i.FATFS_LinkDriverEx)
    i.FMC_SDRAM_Init                         0x080003c8   Section        0  stm32f4xx_ll_fmc.o(i.FMC_SDRAM_Init)
    i.FMC_SDRAM_ProgramRefreshRate           0x08000418   Section        0  stm32f4xx_ll_fmc.o(i.FMC_SDRAM_ProgramRefreshRate)
    i.FMC_SDRAM_SendCommand                  0x08000424   Section        0  stm32f4xx_ll_fmc.o(i.FMC_SDRAM_SendCommand)
    i.FMC_SDRAM_Timing_Init                  0x0800046c   Section        0  stm32f4xx_ll_fmc.o(i.FMC_SDRAM_Timing_Init)
    i.HAL_DMA_Abort                          0x080004ec   Section        0  stm32f4xx_hal_dma.o(i.HAL_DMA_Abort)
    i.HAL_DMA_Abort_IT                       0x0800057a   Section        0  stm32f4xx_hal_dma.o(i.HAL_DMA_Abort_IT)
    i.HAL_DMA_IRQHandler                     0x080005a0   Section        0  stm32f4xx_hal_dma.o(i.HAL_DMA_IRQHandler)
    i.HAL_DMA_Init                           0x08000740   Section        0  stm32f4xx_hal_dma.o(i.HAL_DMA_Init)
    i.HAL_DMA_Start_IT                       0x08000814   Section        0  stm32f4xx_hal_dma.o(i.HAL_DMA_Start_IT)
    i.HAL_Delay                              0x0800088c   Section        0  stm32f4xx_hal.o(i.HAL_Delay)
    i.HAL_FMC_MspInit                        0x080008b0   Section        0  stm32f4xx_hal_msp.o(i.HAL_FMC_MspInit)
    HAL_FMC_MspInit                          0x080008b1   Thumb Code   154  stm32f4xx_hal_msp.o(i.HAL_FMC_MspInit)
    i.HAL_GPIO_Init                          0x08000968   Section        0  stm32f4xx_hal_gpio.o(i.HAL_GPIO_Init)
    i.HAL_GPIO_WritePin                      0x08000b34   Section        0  stm32f4xx_hal_gpio.o(i.HAL_GPIO_WritePin)
    i.HAL_GetTick                            0x08000b40   Section        0  stm32f4xx_hal.o(i.HAL_GetTick)
    i.HAL_IncTick                            0x08000b4c   Section        0  stm32f4xx_hal.o(i.HAL_IncTick)
    i.HAL_Init                               0x08000b5c   Section        0  stm32f4xx_hal.o(i.HAL_Init)
    i.HAL_InitTick                           0x08000b90   Section        0  stm32f4xx_hal.o(i.HAL_InitTick)
    i.HAL_MspInit                            0x08000bd0   Section        0  stm32f4xx_hal_msp.o(i.HAL_MspInit)
    i.HAL_NVIC_EnableIRQ                     0x08000c54   Section        0  stm32f4xx_hal_cortex.o(i.HAL_NVIC_EnableIRQ)
    i.HAL_NVIC_SetPriority                   0x08000c6c   Section        0  stm32f4xx_hal_cortex.o(i.HAL_NVIC_SetPriority)
    i.HAL_NVIC_SetPriorityGrouping           0x08000cac   Section        0  stm32f4xx_hal_cortex.o(i.HAL_NVIC_SetPriorityGrouping)
    i.HAL_PWREx_EnableOverDrive              0x08000cd0   Section        0  stm32f4xx_hal_pwr_ex.o(i.HAL_PWREx_EnableOverDrive)
    i.HAL_RCC_ClockConfig                    0x08000d40   Section        0  stm32f4xx_hal_rcc.o(i.HAL_RCC_ClockConfig)
    i.HAL_RCC_GetHCLKFreq                    0x08000e70   Section        0  stm32f4xx_hal_rcc.o(i.HAL_RCC_GetHCLKFreq)
    i.HAL_RCC_GetPCLK1Freq                   0x08000e7c   Section        0  stm32f4xx_hal_rcc.o(i.HAL_RCC_GetPCLK1Freq)
    i.HAL_RCC_GetPCLK2Freq                   0x08000e9c   Section        0  stm32f4xx_hal_rcc.o(i.HAL_RCC_GetPCLK2Freq)
    i.HAL_RCC_GetSysClockFreq                0x08000ebc   Section        0  stm32f4xx_hal_rcc.o(i.HAL_RCC_GetSysClockFreq)
    i.HAL_RCC_OscConfig                      0x08000f20   Section        0  stm32f4xx_hal_rcc.o(i.HAL_RCC_OscConfig)
    i.HAL_SDRAM_Init                         0x0800123c   Section        0  stm32f4xx_hal_sdram.o(i.HAL_SDRAM_Init)
    i.HAL_SDRAM_MspInit                      0x0800127e   Section        0  stm32f4xx_hal_msp.o(i.HAL_SDRAM_MspInit)
    i.HAL_SDRAM_ProgramRefreshRate           0x08001282   Section        0  stm32f4xx_hal_sdram.o(i.HAL_SDRAM_ProgramRefreshRate)
    i.HAL_SDRAM_SendCommand                  0x080012a4   Section        0  stm32f4xx_hal_sdram.o(i.HAL_SDRAM_SendCommand)
    i.HAL_SPI_Init                           0x080012d4   Section        0  stm32f4xx_hal_spi.o(i.HAL_SPI_Init)
    i.HAL_SPI_MspInit                        0x08001354   Section        0  stm32f4xx_hal_msp.o(i.HAL_SPI_MspInit)
    i.HAL_SPI_Receive                        0x080013a0   Section        0  stm32f4xx_hal_spi.o(i.HAL_SPI_Receive)
    i.HAL_SPI_Transmit                       0x080014f0   Section        0  stm32f4xx_hal_spi.o(i.HAL_SPI_Transmit)
    i.HAL_SPI_TransmitReceive                0x08001658   Section        0  stm32f4xx_hal_spi.o(i.HAL_SPI_TransmitReceive)
    i.HAL_SYSTICK_CLKSourceConfig            0x08001830   Section        0  stm32f4xx_hal_cortex.o(i.HAL_SYSTICK_CLKSourceConfig)
    i.HAL_SYSTICK_Callback                   0x08001848   Section        0  stm32f4xx_hal_cortex.o(i.HAL_SYSTICK_Callback)
    i.HAL_SYSTICK_Config                     0x0800184a   Section        0  stm32f4xx_hal_cortex.o(i.HAL_SYSTICK_Config)
    i.HAL_SYSTICK_IRQHandler                 0x08001872   Section        0  stm32f4xx_hal_cortex.o(i.HAL_SYSTICK_IRQHandler)
    i.HAL_UART_DMAStop                       0x0800187a   Section        0  stm32f4xx_hal_uart.o(i.HAL_UART_DMAStop)
    i.HAL_UART_ErrorCallback                 0x080018d2   Section        0  stm32f4xx_hal_uart.o(i.HAL_UART_ErrorCallback)
    i.HAL_UART_IRQHandler                    0x080018d4   Section        0  stm32f4xx_hal_uart.o(i.HAL_UART_IRQHandler)
    i.HAL_UART_Init                          0x080019e4   Section        0  stm32f4xx_hal_uart.o(i.HAL_UART_Init)
    i.HAL_UART_MspInit                       0x08001a48   Section        0  stm32f4xx_hal_msp.o(i.HAL_UART_MspInit)
    i.HAL_UART_Receive_DMA                   0x08001b00   Section        0  stm32f4xx_hal_uart.o(i.HAL_UART_Receive_DMA)
    i.HAL_UART_RxCpltCallback                0x08001b98   Section        0  stm32f4xx_hal_uart.o(i.HAL_UART_RxCpltCallback)
    i.HAL_UART_RxHalfCpltCallback            0x08001b9a   Section        0  stm32f4xx_hal_uart.o(i.HAL_UART_RxHalfCpltCallback)
    i.HAL_UART_Transmit                      0x08001b9c   Section        0  stm32f4xx_hal_uart.o(i.HAL_UART_Transmit)
    i.HAL_UART_TxCpltCallback                0x08001c56   Section        0  stm32f4xx_hal_uart.o(i.HAL_UART_TxCpltCallback)
    i.HardFault_Handler                      0x08001c58   Section        0  stm32f4xx_it.o(i.HardFault_Handler)
    i.MX_FATFS_Init                          0x08001c5c   Section        0  fatfs.o(i.MX_FATFS_Init)
    i.MX_FMC_Init                            0x08001c78   Section        0  main.o(i.MX_FMC_Init)
    MX_FMC_Init                              0x08001c79   Thumb Code    88  main.o(i.MX_FMC_Init)
    i.MX_GPIO_Init                           0x08001cd8   Section        0  main.o(i.MX_GPIO_Init)
    MX_GPIO_Init                             0x08001cd9   Thumb Code   158  main.o(i.MX_GPIO_Init)
    i.MX_LIBJPEG_Init                        0x08001d80   Section        0  libjpeg.o(i.MX_LIBJPEG_Init)
    i.MX_SPI5_Init                           0x08001d84   Section        0  main.o(i.MX_SPI5_Init)
    MX_SPI5_Init                             0x08001d85   Thumb Code    54  main.o(i.MX_SPI5_Init)
    i.MemManage_Handler                      0x08001dc4   Section        0  stm32f4xx_it.o(i.MemManage_Handler)
    i.NMI_Handler                            0x08001dc6   Section        0  stm32f4xx_it.o(i.NMI_Handler)
    i.NVIC_SetPriority                       0x08001dc8   Section        0  stm32f4xx_hal_cortex.o(i.NVIC_SetPriority)
    NVIC_SetPriority                         0x08001dc9   Thumb Code    32  stm32f4xx_hal_cortex.o(i.NVIC_SetPriority)
    i.PendSV_Handler                         0x08001de8   Section        0  stm32f4xx_it.o(i.PendSV_Handler)
    i.SDRAM_Initialization_Sequence          0x08001dea   Section        0  main.o(i.SDRAM_Initialization_Sequence)
    SDRAM_Initialization_Sequence            0x08001deb   Thumb Code   120  main.o(i.SDRAM_Initialization_Sequence)
    i.SPI_CheckFlag_BSY                      0x08001e62   Section        0  stm32f4xx_hal_spi.o(i.SPI_CheckFlag_BSY)
    SPI_CheckFlag_BSY                        0x08001e63   Thumb Code    32  stm32f4xx_hal_spi.o(i.SPI_CheckFlag_BSY)
    i.SPI_WaitFlagStateUntilTimeout          0x08001e82   Section        0  stm32f4xx_hal_spi.o(i.SPI_WaitFlagStateUntilTimeout)
    SPI_WaitFlagStateUntilTimeout            0x08001e83   Thumb Code   150  stm32f4xx_hal_spi.o(i.SPI_WaitFlagStateUntilTimeout)
    i.SVC_Handler                            0x08001f18   Section        0  stm32f4xx_it.o(i.SVC_Handler)
    i.SysTick_Handler                        0x08001f1a   Section        0  stm32f4xx_it.o(i.SysTick_Handler)
    i.SystemClock_Config                     0x08001f28   Section        0  main.o(i.SystemClock_Config)
    i.SystemInit                             0x08001fd0   Section        0  system_stm32f4xx.o(i.SystemInit)
    i.UART_DMAAbortOnError                   0x08002024   Section        0  stm32f4xx_hal_uart.o(i.UART_DMAAbortOnError)
    UART_DMAAbortOnError                     0x08002025   Thumb Code    16  stm32f4xx_hal_uart.o(i.UART_DMAAbortOnError)
    i.UART_DMAError                          0x08002034   Section        0  stm32f4xx_hal_uart.o(i.UART_DMAError)
    UART_DMAError                            0x08002035   Thumb Code    74  stm32f4xx_hal_uart.o(i.UART_DMAError)
    i.UART_DMAReceiveCplt                    0x0800207e   Section        0  stm32f4xx_hal_uart.o(i.UART_DMAReceiveCplt)
    UART_DMAReceiveCplt                      0x0800207f   Thumb Code    60  stm32f4xx_hal_uart.o(i.UART_DMAReceiveCplt)
    i.UART_DMARxHalfCplt                     0x080020ba   Section        0  stm32f4xx_hal_uart.o(i.UART_DMARxHalfCplt)
    UART_DMARxHalfCplt                       0x080020bb   Thumb Code    10  stm32f4xx_hal_uart.o(i.UART_DMARxHalfCplt)
    i.UART_EndRxTransfer                     0x080020c4   Section        0  stm32f4xx_hal_uart.o(i.UART_EndRxTransfer)
    UART_EndRxTransfer                       0x080020c5   Thumb Code    28  stm32f4xx_hal_uart.o(i.UART_EndRxTransfer)
    i.UART_EndTxTransfer                     0x080020e0   Section        0  stm32f4xx_hal_uart.o(i.UART_EndTxTransfer)
    UART_EndTxTransfer                       0x080020e1   Thumb Code    18  stm32f4xx_hal_uart.o(i.UART_EndTxTransfer)
    i.UART_Receive_IT                        0x080020f2   Section        0  stm32f4xx_hal_uart.o(i.UART_Receive_IT)
    UART_Receive_IT                          0x080020f3   Thumb Code   140  stm32f4xx_hal_uart.o(i.UART_Receive_IT)
    i.UART_SetConfig                         0x08002180   Section        0  stm32f4xx_hal_uart.o(i.UART_SetConfig)
    UART_SetConfig                           0x08002181   Thumb Code   676  stm32f4xx_hal_uart.o(i.UART_SetConfig)
    i.UART_Transmit_IT                       0x0800242c   Section        0  stm32f4xx_hal_uart.o(i.UART_Transmit_IT)
    UART_Transmit_IT                         0x0800242d   Thumb Code    98  stm32f4xx_hal_uart.o(i.UART_Transmit_IT)
    i.UART_WaitOnFlagUntilTimeout            0x0800248e   Section        0  stm32f4xx_hal_uart.o(i.UART_WaitOnFlagUntilTimeout)
    UART_WaitOnFlagUntilTimeout              0x0800248f   Thumb Code   100  stm32f4xx_hal_uart.o(i.UART_WaitOnFlagUntilTimeout)
    i.USART1_IRQHandler                      0x080024f4   Section        0  stm32f4xx_it.o(i.USART1_IRQHandler)
    i.USER_initialize                        0x08002514   Section        0  user_diskio.o(i.USER_initialize)
    i.USER_ioctl                             0x08002528   Section        0  user_diskio.o(i.USER_ioctl)
    i.USER_read                              0x0800255a   Section        0  user_diskio.o(i.USER_read)
    i.USER_status                            0x08002588   Section        0  user_diskio.o(i.USER_status)
    i.USER_write                             0x0800259c   Section        0  user_diskio.o(i.USER_write)
    i.UsageFault_Handler                     0x080025ca   Section        0  stm32f4xx_it.o(i.UsageFault_Handler)
    i._Error_Handler                         0x080025cc   Section        0  main.o(i._Error_Handler)
    i.__0printf$8                            0x080025d0   Section        0  printf8.o(i.__0printf$8)
    i.__scatterload_copy                     0x080025f0   Section       14  handlers.o(i.__scatterload_copy)
    i.__scatterload_null                     0x080025fe   Section        2  handlers.o(i.__scatterload_null)
    i.__scatterload_zeroinit                 0x08002600   Section       14  handlers.o(i.__scatterload_zeroinit)
    i._b_tp_check_data                       0x0800260e   Section        0  b_tp.o(i._b_tp_check_data)
    _b_tp_check_data                         0x0800260f   Thumb Code    32  b_tp.o(i._b_tp_check_data)
    i._b_tp_rec_check_head                   0x0800262e   Section        0  b_tp.o(i._b_tp_rec_check_head)
    i._b_tp_reset_rec_info                   0x08002634   Section        0  b_tp.o(i._b_tp_reset_rec_info)
    _b_tp_reset_rec_info                     0x08002635   Thumb Code    28  b_tp.o(i._b_tp_reset_rec_info)
    i._b_tp_send_set_head                    0x08002654   Section        0  b_tp.o(i._b_tp_send_set_head)
    i._b_tp_unpack_send                      0x08002658   Section        0  b_tp.o(i._b_tp_unpack_send)
    _b_tp_unpack_send                        0x08002659   Thumb Code   194  b_tp.o(i._b_tp_unpack_send)
    i._printf_core                           0x0800271c   Section        0  printf8.o(i._printf_core)
    _printf_core                             0x0800271d   Thumb Code   996  printf8.o(i._printf_core)
    i._printf_post_padding                   0x08002b2c   Section        0  printf8.o(i._printf_post_padding)
    _printf_post_padding                     0x08002b2d   Thumb Code    36  printf8.o(i._printf_post_padding)
    i._printf_pre_padding                    0x08002b50   Section        0  printf8.o(i._printf_pre_padding)
    _printf_pre_padding                      0x08002b51   Thumb Code    46  printf8.o(i._printf_pre_padding)
    i.b_tp_port_send                         0x08002b7e   Section        0  b_tp_port.o(i.b_tp_port_send)
    i.b_tp_receive_data                      0x08002b88   Section        0  b_tp.o(i.b_tp_receive_data)
    i.b_tp_reg_callback                      0x08002cb4   Section        0  b_tp.o(i.b_tp_reg_callback)
    i.b_tp_send_data                         0x08002cc8   Section        0  b_tp.o(i.b_tp_send_data)
    i.check_fs                               0x08002d28   Section        0  ff_1.o(i.check_fs)
    check_fs                                 0x08002d29   Thumb Code   102  ff_1.o(i.check_fs)
    i.chk_chr                                0x08002d98   Section        0  ff_1.o(i.chk_chr)
    chk_chr                                  0x08002d99   Thumb Code    16  ff_1.o(i.chk_chr)
    i.chk_lock                               0x08002da8   Section        0  ff_1.o(i.chk_lock)
    chk_lock                                 0x08002da9   Thumb Code    86  ff_1.o(i.chk_lock)
    i.clear_lock                             0x08002e04   Section        0  ff_1.o(i.clear_lock)
    clear_lock                               0x08002e05   Thumb Code    28  ff_1.o(i.clear_lock)
    i.clmt_clust                             0x08002e24   Section        0  ff_1.o(i.clmt_clust)
    clmt_clust                               0x08002e25   Thumb Code    36  ff_1.o(i.clmt_clust)
    i.clust2sect                             0x08002e48   Section        0  ff_1.o(i.clust2sect)
    clust2sect                               0x08002e49   Thumb Code    24  ff_1.o(i.clust2sect)
    i.cmp_lfn                                0x08002e60   Section        0  ff_1.o(i.cmp_lfn)
    cmp_lfn                                  0x08002e61   Thumb Code   124  ff_1.o(i.cmp_lfn)
    i.crc16                                  0x08002ee0   Section        0  crc16.o(i.crc16)
    i.create_chain                           0x08002f10   Section        0  ff_1.o(i.create_chain)
    create_chain                             0x08002f11   Thumb Code   164  ff_1.o(i.create_chain)
    i.create_name                            0x08002fb4   Section        0  ff_1.o(i.create_name)
    create_name                              0x08002fb5   Thumb Code   560  ff_1.o(i.create_name)
    i.dec_lock                               0x080031f8   Section        0  ff_1.o(i.dec_lock)
    dec_lock                                 0x080031f9   Thumb Code    48  ff_1.o(i.dec_lock)
    i.dir_find                               0x0800322c   Section        0  ff_1.o(i.dir_find)
    dir_find                                 0x0800322d   Thumb Code   208  ff_1.o(i.dir_find)
    i.dir_next                               0x080032fc   Section        0  ff_1.o(i.dir_next)
    dir_next                                 0x080032fd   Thumb Code   244  ff_1.o(i.dir_next)
    i.dir_register                           0x080033f0   Section        0  ff_1.o(i.dir_register)
    dir_register                             0x080033f1   Thumb Code   480  ff_1.o(i.dir_register)
    i.dir_sdi                                0x080035d4   Section        0  ff_1.o(i.dir_sdi)
    dir_sdi                                  0x080035d5   Thumb Code   130  ff_1.o(i.dir_sdi)
    i.disk_initialize                        0x08003658   Section        0  diskio_1.o(i.disk_initialize)
    i.disk_ioctl                             0x08003680   Section        0  diskio_1.o(i.disk_ioctl)
    i.disk_read                              0x0800369c   Section        0  diskio_1.o(i.disk_read)
    i.disk_status                            0x080036b8   Section        0  diskio_1.o(i.disk_status)
    i.disk_write                             0x080036d0   Section        0  diskio_1.o(i.disk_write)
    i.f_close                                0x080036ec   Section        0  ff_1.o(i.f_close)
    i.f_mkfs                                 0x08003714   Section        0  ff_1.o(i.f_mkfs)
    i.f_mount                                0x08003c68   Section        0  ff_1.o(i.f_mount)
    i.f_open                                 0x08003cc0   Section        0  ff_1.o(i.f_open)
    i.f_read                                 0x08003ecc   Section        0  ff_1.o(i.f_read)
    i.f_spi_read                             0x08004020   Section        0  flash_drv.o(i.f_spi_read)
    i.f_spi_rw_byte                          0x08004034   Section        0  flash_drv.o(i.f_spi_rw_byte)
    i.f_spi_write                            0x08004054   Section        0  flash_drv.o(i.f_spi_write)
    i.f_sync                                 0x08004068   Section        0  ff_1.o(i.f_sync)
    i.ff_convert                             0x080040f8   Section        0  cc936.o(i.ff_convert)
    i.ff_wtoupper                            0x08004144   Section        0  cc936.o(i.ff_wtoupper)
    i.find_volume                            0x080041c4   Section        0  ff_1.o(i.find_volume)
    find_volume                              0x080041c5   Thumb Code   586  ff_1.o(i.find_volume)
    i.flash_erase_xsector                    0x08004420   Section        0  flash_drv.o(i.flash_erase_xsector)
    i.flash_init                             0x08004490   Section        0  flash_drv.o(i.flash_init)
    i.flash_read_buf                         0x080044e8   Section        0  flash_drv.o(i.flash_read_buf)
    i.flash_wait_write_end                   0x0800454c   Section        0  flash_drv.o(i.flash_wait_write_end)
    flash_wait_write_end                     0x0800454d   Thumb Code    68  flash_drv.o(i.flash_wait_write_end)
    i.flash_write_buf                        0x08004594   Section        0  flash_drv.o(i.flash_write_buf)
    i.flash_write_buf_plus                   0x08004618   Section        0  flash_drv.o(i.flash_write_buf_plus)
    i.flash_write_enable                     0x080046b8   Section        0  flash_drv.o(i.flash_write_enable)
    flash_write_enable                       0x080046b9   Thumb Code    34  flash_drv.o(i.flash_write_enable)
    i.flash_write_page                       0x080046e0   Section        0  flash_drv.o(i.flash_write_page)
    flash_write_page                         0x080046e1   Thumb Code    94  flash_drv.o(i.flash_write_page)
    i.follow_path                            0x08004744   Section        0  ff_1.o(i.follow_path)
    follow_path                              0x08004745   Thumb Code   116  ff_1.o(i.follow_path)
    i.fputc                                  0x080047b8   Section        0  uart.o(i.fputc)
    i.gen_numname                            0x080047d8   Section        0  ff_1.o(i.gen_numname)
    gen_numname                              0x080047d9   Thumb Code   136  ff_1.o(i.gen_numname)
    i.get_fat                                0x08004864   Section        0  ff_1.o(i.get_fat)
    get_fat                                  0x08004865   Thumb Code   190  ff_1.o(i.get_fat)
    i.get_ldnumber                           0x08004922   Section        0  ff_1.o(i.get_ldnumber)
    get_ldnumber                             0x08004923   Thumb Code    60  ff_1.o(i.get_ldnumber)
    i.inc_lock                               0x08004960   Section        0  ff_1.o(i.inc_lock)
    inc_lock                                 0x08004961   Thumb Code   124  ff_1.o(i.inc_lock)
    i.ld_clust                               0x080049e0   Section        0  ff_1.o(i.ld_clust)
    ld_clust                                 0x080049e1   Thumb Code    38  ff_1.o(i.ld_clust)
    i.ld_dword                               0x08004a06   Section        0  ff_1.o(i.ld_dword)
    ld_dword                                 0x08004a07   Thumb Code    22  ff_1.o(i.ld_dword)
    i.ld_word                                0x08004a1c   Section        0  ff_1.o(i.ld_word)
    ld_word                                  0x08004a1d   Thumb Code    10  ff_1.o(i.ld_word)
    i.main                                   0x08004a28   Section        0  main.o(i.main)
    i.mem_cpy                                0x08004be0   Section        0  ff_1.o(i.mem_cpy)
    mem_cpy                                  0x08004be1   Thumb Code    18  ff_1.o(i.mem_cpy)
    i.mem_set                                0x08004bf4   Section        0  ff_1.o(i.mem_set)
    mem_set                                  0x08004bf5   Thumb Code    14  ff_1.o(i.mem_set)
    i.move_window                            0x08004c02   Section        0  ff_1.o(i.move_window)
    move_window                              0x08004c03   Thumb Code    50  ff_1.o(i.move_window)
    i.pro_file_ack                           0x08004c34   Section        0  protocol.o(i.pro_file_ack)
    i.protocol_cb                            0x08004c40   Section        0  protocol.o(i.protocol_cb)
    i.protocol_init                          0x08004ca0   Section        0  protocol.o(i.protocol_init)
    i.protocol_send                          0x08004cac   Section        0  protocol.o(i.protocol_send)
    i.put_fat                                0x08004cd6   Section        0  ff_1.o(i.put_fat)
    put_fat                                  0x08004cd7   Thumb Code   234  ff_1.o(i.put_fat)
    i.remove_chain                           0x08004dc0   Section        0  ff_1.o(i.remove_chain)
    remove_chain                             0x08004dc1   Thumb Code   116  ff_1.o(i.remove_chain)
    i.st_clust                               0x08004e34   Section        0  ff_1.o(i.st_clust)
    st_clust                                 0x08004e35   Thumb Code    40  ff_1.o(i.st_clust)
    i.st_dword                               0x08004e5c   Section        0  ff_1.o(i.st_dword)
    st_dword                                 0x08004e5d   Thumb Code    16  ff_1.o(i.st_dword)
    i.st_word                                0x08004e6c   Section        0  ff_1.o(i.st_word)
    st_word                                  0x08004e6d   Thumb Code     8  ff_1.o(i.st_word)
    i.sum_sfn                                0x08004e74   Section        0  ff_1.o(i.sum_sfn)
    sum_sfn                                  0x08004e75   Thumb Code    26  ff_1.o(i.sum_sfn)
    i.sync_fs                                0x08004e90   Section        0  ff_1.o(i.sync_fs)
    sync_fs                                  0x08004e91   Thumb Code   126  ff_1.o(i.sync_fs)
    i.sync_window                            0x08004f18   Section        0  ff_1.o(i.sync_window)
    sync_window                              0x08004f19   Thumb Code    82  ff_1.o(i.sync_window)
    i.uart1_idle_cb                          0x08004f6c   Section        0  uart.o(i.uart1_idle_cb)
    i.uart_rec_start                         0x08004fb4   Section        0  uart.o(i.uart_rec_start)
    i.uart_send_buf                          0x08004fdc   Section        0  uart.o(i.uart_send_buf)
    i.validate                               0x08004ff4   Section        0  ff_1.o(i.validate)
    validate                                 0x08004ff5   Thumb Code    50  ff_1.o(i.validate)
    .constdata                               0x08005026   Section        8  stm32f4xx_hal_dma.o(.constdata)
    flagBitshiftOffset                       0x08005026   Data           8  stm32f4xx_hal_dma.o(.constdata)
    .constdata                               0x0800502e   Section       16  system_stm32f4xx.o(.constdata)
    .constdata                               0x0800503e   Section        8  system_stm32f4xx.o(.constdata)
    .constdata                               0x08005046   Section    175030  cc936.o(.constdata)
    uni2oem                                  0x08005046   Data       87172  cc936.o(.constdata)
    oem2uni                                  0x0801a4ca   Data       87172  cc936.o(.constdata)
    cvt1                                     0x0802f94e   Data         498  cc936.o(.constdata)
    cvt2                                     0x0802fb40   Data         188  cc936.o(.constdata)
    .constdata                               0x0802fbfc   Section       42  ff_1.o(.constdata)
    LfnOfs                                   0x0802fbfc   Data          13  ff_1.o(.constdata)
    cst                                      0x0802fc0a   Data          14  ff_1.o(.constdata)
    cst32                                    0x0802fc18   Data          14  ff_1.o(.constdata)
    .data                                    0x20000000   Section        1  user_diskio.o(.data)
    Stat                                     0x20000000   Data           1  user_diskio.o(.data)
    .data                                    0x20000004   Section       20  user_diskio.o(.data)
    .data                                    0x20000018   Section        5  fatfs.o(.data)
    .data                                    0x20000020   Section        8  stm32f4xx_hal_msp.o(.data)
    FMC_Initialized                          0x20000020   Data           4  stm32f4xx_hal_msp.o(.data)
    FMC_DeInitialized                        0x20000024   Data           4  stm32f4xx_hal_msp.o(.data)
    .data                                    0x20000028   Section       12  stm32f4xx_hal.o(.data)
    .data                                    0x20000034   Section        4  system_stm32f4xx.o(.data)
    .data                                    0x20000038   Section        4  b_tp.o(.data)
    gps_rec_success_cb                       0x20000038   Data           4  b_tp.o(.data)
    .data                                    0x2000003c   Section        4  uart.o(.data)
    count                                    0x2000003c   Data           4  uart.o(.data)
    .data                                    0x20000040   Section        3  flash_drv.o(.data)
    sg_flash_breakdown                       0x20000040   Data           1  flash_drv.o(.data)
    sg_flash_power_count                     0x20000041   Data           1  flash_drv.o(.data)
    temp                                     0x20000042   Data           1  flash_drv.o(.data)
    .data                                    0x20000044   Section        8  ff_1.o(.data)
    Fsid                                     0x20000044   Data           2  ff_1.o(.data)
    FatFs                                    0x20000048   Data           4  ff_1.o(.data)
    .data                                    0x2000004c   Section        4  stdout.o(.data)
    .bss                                     0x20000050   Section      220  main.o(.bss)
    .bss                                     0x2000012c   Section       96  main.o(.bss)
    .bss                                     0x2000018c   Section      564  fatfs.o(.bss)
    .bss                                     0x200003c0   Section     4150  b_tp.o(.bss)
    sg_b_tp_buf                              0x200003c0   Data        4128  b_tp.o(.bss)
    gs_tp_rec_info                           0x200013e0   Data          22  b_tp.o(.bss)
    .bss                                     0x200013f6   Section     4128  uart.o(.bss)
    .bss                                     0x20002416   Section     4096  flash_drv.o(.bss)
    .bss                                     0x20003418   Section      544  ff_1.o(.bss)
    Files                                    0x20003418   Data          32  ff_1.o(.bss)
    LfnBuf                                   0x20003438   Data         512  ff_1.o(.bss)
    .bss                                     0x20003638   Section       12  ff_gen_drv.o(.bss)
    STACK                                    0x20003648   Section     1024  startup_stm32f429xx.o(STACK)
    .ARM.__AT_0xC0000000                     0xc0000000   Section    172800  main.o(.ARM.__AT_0xC0000000)
    .ARM.__AT_0xC002A300                     0xc002a300   Section    172800  main.o(.ARM.__AT_0xC002A300)

    Global Symbols

    Symbol Name                              Value     Ov Type        Size  Object(Section)

    BuildAttributes$$THM_ISAv4$E$P$D$K$B$S$7EM$VFPi3$EXTD16$VFPS$VFMA$PE$A:L22UL41UL21$X:L11$S22US41US21$IEEE1$IW$USESV6$~STKCKD$USESV7$~SHL$OTIME$ROPI$EBA8$MICROLIB$REQ8$PRES8$EABIv2 0x00000000   Number         0  anon$$obj.o ABSOLUTE
    __ARM_use_no_argv                        0x00000000   Number         0  main.o ABSOLUTE
    _printf_a                                0x00000000   Number         0  stubs.o ABSOLUTE
    _printf_c                                0x00000000   Number         0  stubs.o ABSOLUTE
    _printf_charcount                        0x00000000   Number         0  stubs.o ABSOLUTE
    _printf_d                                0x00000000   Number         0  stubs.o ABSOLUTE
    _printf_e                                0x00000000   Number         0  stubs.o ABSOLUTE
    _printf_f                                0x00000000   Number         0  stubs.o ABSOLUTE
    _printf_flags                            0x00000000   Number         0  stubs.o ABSOLUTE
    _printf_fp_dec                           0x00000000   Number         0  stubs.o ABSOLUTE
    _printf_fp_hex                           0x00000000   Number         0  stubs.o ABSOLUTE
    _printf_g                                0x00000000   Number         0  stubs.o ABSOLUTE
    _printf_i                                0x00000000   Number         0  stubs.o ABSOLUTE
    _printf_int_dec                          0x00000000   Number         0  stubs.o ABSOLUTE
    _printf_l                                0x00000000   Number         0  stubs.o ABSOLUTE
    _printf_lc                               0x00000000   Number         0  stubs.o ABSOLUTE
    _printf_ll                               0x00000000   Number         0  stubs.o ABSOLUTE
    _printf_lld                              0x00000000   Number         0  stubs.o ABSOLUTE
    _printf_lli                              0x00000000   Number         0  stubs.o ABSOLUTE
    _printf_llo                              0x00000000   Number         0  stubs.o ABSOLUTE
    _printf_llu                              0x00000000   Number         0  stubs.o ABSOLUTE
    _printf_llx                              0x00000000   Number         0  stubs.o ABSOLUTE
    _printf_longlong_dec                     0x00000000   Number         0  stubs.o ABSOLUTE
    _printf_longlong_hex                     0x00000000   Number         0  stubs.o ABSOLUTE
    _printf_longlong_oct                     0x00000000   Number         0  stubs.o ABSOLUTE
    _printf_ls                               0x00000000   Number         0  stubs.o ABSOLUTE
    _printf_mbtowc                           0x00000000   Number         0  stubs.o ABSOLUTE
    _printf_n                                0x00000000   Number         0  stubs.o ABSOLUTE
    _printf_o                                0x00000000   Number         0  stubs.o ABSOLUTE
    _printf_p                                0x00000000   Number         0  stubs.o ABSOLUTE
    _printf_percent                          0x00000000   Number         0  stubs.o ABSOLUTE
    _printf_pre_padding                      0x00000000   Number         0  stubs.o ABSOLUTE
    _printf_return_value                     0x00000000   Number         0  stubs.o ABSOLUTE
    _printf_s                                0x00000000   Number         0  stubs.o ABSOLUTE
    _printf_sizespec                         0x00000000   Number         0  stubs.o ABSOLUTE
    _printf_str                              0x00000000   Number         0  stubs.o ABSOLUTE
    _printf_truncate_signed                  0x00000000   Number         0  stubs.o ABSOLUTE
    _printf_truncate_unsigned                0x00000000   Number         0  stubs.o ABSOLUTE
    _printf_u                                0x00000000   Number         0  stubs.o ABSOLUTE
    _printf_wc                               0x00000000   Number         0  stubs.o ABSOLUTE
    _printf_wctomb                           0x00000000   Number         0  stubs.o ABSOLUTE
    _printf_widthprec                        0x00000000   Number         0  stubs.o ABSOLUTE
    _printf_x                                0x00000000   Number         0  stubs.o ABSOLUTE
    __cpp_initialize__aeabi_                  - Undefined Weak Reference
    __cxa_finalize                            - Undefined Weak Reference
    __decompress                              - Undefined Weak Reference
    _clock_init                               - Undefined Weak Reference
    _microlib_exit                            - Undefined Weak Reference
    __Vectors_Size                           0x000001ac   Number         0  startup_stm32f429xx.o ABSOLUTE
    __Vectors                                0x08000000   Data           4  startup_stm32f429xx.o(RESET)
    __Vectors_End                            0x080001ac   Data           0  startup_stm32f429xx.o(RESET)
    __main                                   0x080001ad   Thumb Code     0  entry.o(.ARM.Collect$$$$00000000)
    _main_stk                                0x080001ad   Thumb Code     0  entry2.o(.ARM.Collect$$$$00000001)
    _main_scatterload                        0x080001b1   Thumb Code     0  entry5.o(.ARM.Collect$$$$00000004)
    __main_after_scatterload                 0x080001b5   Thumb Code     0  entry5.o(.ARM.Collect$$$$00000004)
    _main_clock                              0x080001b5   Thumb Code     0  entry7b.o(.ARM.Collect$$$$00000008)
    _main_cpp_init                           0x080001b5   Thumb Code     0  entry8b.o(.ARM.Collect$$$$0000000A)
    _main_init                               0x080001b5   Thumb Code     0  entry9a.o(.ARM.Collect$$$$0000000B)
    __rt_final_cpp                           0x080001bd   Thumb Code     0  entry10a.o(.ARM.Collect$$$$0000000D)
    __rt_final_exit                          0x080001bd   Thumb Code     0  entry11a.o(.ARM.Collect$$$$0000000F)
    Reset_Handler                            0x080001c1   Thumb Code     8  startup_stm32f429xx.o(.text)
    ADC_IRQHandler                           0x080001db   Thumb Code     0  startup_stm32f429xx.o(.text)
    CAN1_RX0_IRQHandler                      0x080001db   Thumb Code     0  startup_stm32f429xx.o(.text)
    CAN1_RX1_IRQHandler                      0x080001db   Thumb Code     0  startup_stm32f429xx.o(.text)
    CAN1_SCE_IRQHandler                      0x080001db   Thumb Code     0  startup_stm32f429xx.o(.text)
    CAN1_TX_IRQHandler                       0x080001db   Thumb Code     0  startup_stm32f429xx.o(.text)
    CAN2_RX0_IRQHandler                      0x080001db   Thumb Code     0  startup_stm32f429xx.o(.text)
    CAN2_RX1_IRQHandler                      0x080001db   Thumb Code     0  startup_stm32f429xx.o(.text)
    CAN2_SCE_IRQHandler                      0x080001db   Thumb Code     0  startup_stm32f429xx.o(.text)
    CAN2_TX_IRQHandler                       0x080001db   Thumb Code     0  startup_stm32f429xx.o(.text)
    DCMI_IRQHandler                          0x080001db   Thumb Code     0  startup_stm32f429xx.o(.text)
    DMA1_Stream0_IRQHandler                  0x080001db   Thumb Code     0  startup_stm32f429xx.o(.text)
    DMA1_Stream1_IRQHandler                  0x080001db   Thumb Code     0  startup_stm32f429xx.o(.text)
    DMA1_Stream2_IRQHandler                  0x080001db   Thumb Code     0  startup_stm32f429xx.o(.text)
    DMA1_Stream3_IRQHandler                  0x080001db   Thumb Code     0  startup_stm32f429xx.o(.text)
    DMA1_Stream4_IRQHandler                  0x080001db   Thumb Code     0  startup_stm32f429xx.o(.text)
    DMA1_Stream5_IRQHandler                  0x080001db   Thumb Code     0  startup_stm32f429xx.o(.text)
    DMA1_Stream6_IRQHandler                  0x080001db   Thumb Code     0  startup_stm32f429xx.o(.text)
    DMA1_Stream7_IRQHandler                  0x080001db   Thumb Code     0  startup_stm32f429xx.o(.text)
    DMA2D_IRQHandler                         0x080001db   Thumb Code     0  startup_stm32f429xx.o(.text)
    DMA2_Stream0_IRQHandler                  0x080001db   Thumb Code     0  startup_stm32f429xx.o(.text)
    DMA2_Stream1_IRQHandler                  0x080001db   Thumb Code     0  startup_stm32f429xx.o(.text)
    DMA2_Stream3_IRQHandler                  0x080001db   Thumb Code     0  startup_stm32f429xx.o(.text)
    DMA2_Stream4_IRQHandler                  0x080001db   Thumb Code     0  startup_stm32f429xx.o(.text)
    DMA2_Stream5_IRQHandler                  0x080001db   Thumb Code     0  startup_stm32f429xx.o(.text)
    DMA2_Stream6_IRQHandler                  0x080001db   Thumb Code     0  startup_stm32f429xx.o(.text)
    DMA2_Stream7_IRQHandler                  0x080001db   Thumb Code     0  startup_stm32f429xx.o(.text)
    ETH_IRQHandler                           0x080001db   Thumb Code     0  startup_stm32f429xx.o(.text)
    ETH_WKUP_IRQHandler                      0x080001db   Thumb Code     0  startup_stm32f429xx.o(.text)
    EXTI0_IRQHandler                         0x080001db   Thumb Code     0  startup_stm32f429xx.o(.text)
    EXTI15_10_IRQHandler                     0x080001db   Thumb Code     0  startup_stm32f429xx.o(.text)
    EXTI1_IRQHandler                         0x080001db   Thumb Code     0  startup_stm32f429xx.o(.text)
    EXTI2_IRQHandler                         0x080001db   Thumb Code     0  startup_stm32f429xx.o(.text)
    EXTI3_IRQHandler                         0x080001db   Thumb Code     0  startup_stm32f429xx.o(.text)
    EXTI4_IRQHandler                         0x080001db   Thumb Code     0  startup_stm32f429xx.o(.text)
    EXTI9_5_IRQHandler                       0x080001db   Thumb Code     0  startup_stm32f429xx.o(.text)
    FLASH_IRQHandler                         0x080001db   Thumb Code     0  startup_stm32f429xx.o(.text)
    FMC_IRQHandler                           0x080001db   Thumb Code     0  startup_stm32f429xx.o(.text)
    FPU_IRQHandler                           0x080001db   Thumb Code     0  startup_stm32f429xx.o(.text)
    HASH_RNG_IRQHandler                      0x080001db   Thumb Code     0  startup_stm32f429xx.o(.text)
    I2C1_ER_IRQHandler                       0x080001db   Thumb Code     0  startup_stm32f429xx.o(.text)
    I2C1_EV_IRQHandler                       0x080001db   Thumb Code     0  startup_stm32f429xx.o(.text)
    I2C2_ER_IRQHandler                       0x080001db   Thumb Code     0  startup_stm32f429xx.o(.text)
    I2C2_EV_IRQHandler                       0x080001db   Thumb Code     0  startup_stm32f429xx.o(.text)
    I2C3_ER_IRQHandler                       0x080001db   Thumb Code     0  startup_stm32f429xx.o(.text)
    I2C3_EV_IRQHandler                       0x080001db   Thumb Code     0  startup_stm32f429xx.o(.text)
    LTDC_ER_IRQHandler                       0x080001db   Thumb Code     0  startup_stm32f429xx.o(.text)
    LTDC_IRQHandler                          0x080001db   Thumb Code     0  startup_stm32f429xx.o(.text)
    OTG_FS_IRQHandler                        0x080001db   Thumb Code     0  startup_stm32f429xx.o(.text)
    OTG_FS_WKUP_IRQHandler                   0x080001db   Thumb Code     0  startup_stm32f429xx.o(.text)
    OTG_HS_EP1_IN_IRQHandler                 0x080001db   Thumb Code     0  startup_stm32f429xx.o(.text)
    OTG_HS_EP1_OUT_IRQHandler                0x080001db   Thumb Code     0  startup_stm32f429xx.o(.text)
    OTG_HS_IRQHandler                        0x080001db   Thumb Code     0  startup_stm32f429xx.o(.text)
    OTG_HS_WKUP_IRQHandler                   0x080001db   Thumb Code     0  startup_stm32f429xx.o(.text)
    PVD_IRQHandler                           0x080001db   Thumb Code     0  startup_stm32f429xx.o(.text)
    RCC_IRQHandler                           0x080001db   Thumb Code     0  startup_stm32f429xx.o(.text)
    RTC_Alarm_IRQHandler                     0x080001db   Thumb Code     0  startup_stm32f429xx.o(.text)
    RTC_WKUP_IRQHandler                      0x080001db   Thumb Code     0  startup_stm32f429xx.o(.text)
    SAI1_IRQHandler                          0x080001db   Thumb Code     0  startup_stm32f429xx.o(.text)
    SDIO_IRQHandler                          0x080001db   Thumb Code     0  startup_stm32f429xx.o(.text)
    SPI1_IRQHandler                          0x080001db   Thumb Code     0  startup_stm32f429xx.o(.text)
    SPI2_IRQHandler                          0x080001db   Thumb Code     0  startup_stm32f429xx.o(.text)
    SPI3_IRQHandler                          0x080001db   Thumb Code     0  startup_stm32f429xx.o(.text)
    SPI4_IRQHandler                          0x080001db   Thumb Code     0  startup_stm32f429xx.o(.text)
    SPI5_IRQHandler                          0x080001db   Thumb Code     0  startup_stm32f429xx.o(.text)
    SPI6_IRQHandler                          0x080001db   Thumb Code     0  startup_stm32f429xx.o(.text)
    TAMP_STAMP_IRQHandler                    0x080001db   Thumb Code     0  startup_stm32f429xx.o(.text)
    TIM1_BRK_TIM9_IRQHandler                 0x080001db   Thumb Code     0  startup_stm32f429xx.o(.text)
    TIM1_CC_IRQHandler                       0x080001db   Thumb Code     0  startup_stm32f429xx.o(.text)
    TIM1_TRG_COM_TIM11_IRQHandler            0x080001db   Thumb Code     0  startup_stm32f429xx.o(.text)
    TIM1_UP_TIM10_IRQHandler                 0x080001db   Thumb Code     0  startup_stm32f429xx.o(.text)
    TIM2_IRQHandler                          0x080001db   Thumb Code     0  startup_stm32f429xx.o(.text)
    TIM3_IRQHandler                          0x080001db   Thumb Code     0  startup_stm32f429xx.o(.text)
    TIM4_IRQHandler                          0x080001db   Thumb Code     0  startup_stm32f429xx.o(.text)
    TIM5_IRQHandler                          0x080001db   Thumb Code     0  startup_stm32f429xx.o(.text)
    TIM6_DAC_IRQHandler                      0x080001db   Thumb Code     0  startup_stm32f429xx.o(.text)
    TIM7_IRQHandler                          0x080001db   Thumb Code     0  startup_stm32f429xx.o(.text)
    TIM8_BRK_TIM12_IRQHandler                0x080001db   Thumb Code     0  startup_stm32f429xx.o(.text)
    TIM8_CC_IRQHandler                       0x080001db   Thumb Code     0  startup_stm32f429xx.o(.text)
    TIM8_TRG_COM_TIM14_IRQHandler            0x080001db   Thumb Code     0  startup_stm32f429xx.o(.text)
    TIM8_UP_TIM13_IRQHandler                 0x080001db   Thumb Code     0  startup_stm32f429xx.o(.text)
    UART4_IRQHandler                         0x080001db   Thumb Code     0  startup_stm32f429xx.o(.text)
    UART5_IRQHandler                         0x080001db   Thumb Code     0  startup_stm32f429xx.o(.text)
    UART7_IRQHandler                         0x080001db   Thumb Code     0  startup_stm32f429xx.o(.text)
    UART8_IRQHandler                         0x080001db   Thumb Code     0  startup_stm32f429xx.o(.text)
    USART2_IRQHandler                        0x080001db   Thumb Code     0  startup_stm32f429xx.o(.text)
    USART3_IRQHandler                        0x080001db   Thumb Code     0  startup_stm32f429xx.o(.text)
    USART6_IRQHandler                        0x080001db   Thumb Code     0  startup_stm32f429xx.o(.text)
    WWDG_IRQHandler                          0x080001db   Thumb Code     0  startup_stm32f429xx.o(.text)
    __aeabi_uldivmod                         0x080001e5   Thumb Code    98  uldiv.o(.text)
    __aeabi_memcpy                           0x08000247   Thumb Code    36  memcpya.o(.text)
    __aeabi_memcpy4                          0x08000247   Thumb Code     0  memcpya.o(.text)
    __aeabi_memcpy8                          0x08000247   Thumb Code     0  memcpya.o(.text)
    __aeabi_llsl                             0x0800026b   Thumb Code    30  llshl.o(.text)
    _ll_shift_l                              0x0800026b   Thumb Code     0  llshl.o(.text)
    __aeabi_llsr                             0x08000289   Thumb Code    32  llushr.o(.text)
    _ll_ushift_r                             0x08000289   Thumb Code     0  llushr.o(.text)
    __scatterload                            0x080002a9   Thumb Code    28  init.o(.text)
    __scatterload_rt2                        0x080002a9   Thumb Code     0  init.o(.text)
    BusFault_Handler                         0x080002cd   Thumb Code     2  stm32f4xx_it.o(i.BusFault_Handler)
    DMA2_Stream2_IRQHandler                  0x080002d1   Thumb Code     6  stm32f4xx_it.o(i.DMA2_Stream2_IRQHandler)
    DebugMon_Handler                         0x08000381   Thumb Code     2  stm32f4xx_it.o(i.DebugMon_Handler)
    FATFS_LinkDriver                         0x08000383   Thumb Code     6  ff_gen_drv.o(i.FATFS_LinkDriver)
    FATFS_LinkDriverEx                       0x08000389   Thumb Code    58  ff_gen_drv.o(i.FATFS_LinkDriverEx)
    FMC_SDRAM_Init                           0x080003c9   Thumb Code    80  stm32f4xx_ll_fmc.o(i.FMC_SDRAM_Init)
    FMC_SDRAM_ProgramRefreshRate             0x08000419   Thumb Code    12  stm32f4xx_ll_fmc.o(i.FMC_SDRAM_ProgramRefreshRate)
    FMC_SDRAM_SendCommand                    0x08000425   Thumb Code    72  stm32f4xx_ll_fmc.o(i.FMC_SDRAM_SendCommand)
    FMC_SDRAM_Timing_Init                    0x0800046d   Thumb Code   124  stm32f4xx_ll_fmc.o(i.FMC_SDRAM_Timing_Init)
    HAL_DMA_Abort                            0x080004ed   Thumb Code   142  stm32f4xx_hal_dma.o(i.HAL_DMA_Abort)
    HAL_DMA_Abort_IT                         0x0800057b   Thumb Code    36  stm32f4xx_hal_dma.o(i.HAL_DMA_Abort_IT)
    HAL_DMA_IRQHandler                       0x080005a1   Thumb Code   412  stm32f4xx_hal_dma.o(i.HAL_DMA_IRQHandler)
    HAL_DMA_Init                             0x08000741   Thumb Code   206  stm32f4xx_hal_dma.o(i.HAL_DMA_Init)
    HAL_DMA_Start_IT                         0x08000815   Thumb Code   120  stm32f4xx_hal_dma.o(i.HAL_DMA_Start_IT)
    HAL_Delay                                0x0800088d   Thumb Code    32  stm32f4xx_hal.o(i.HAL_Delay)
    HAL_GPIO_Init                            0x08000969   Thumb Code   408  stm32f4xx_hal_gpio.o(i.HAL_GPIO_Init)
    HAL_GPIO_WritePin                        0x08000b35   Thumb Code    10  stm32f4xx_hal_gpio.o(i.HAL_GPIO_WritePin)
    HAL_GetTick                              0x08000b41   Thumb Code     6  stm32f4xx_hal.o(i.HAL_GetTick)
    HAL_IncTick                              0x08000b4d   Thumb Code    12  stm32f4xx_hal.o(i.HAL_IncTick)
    HAL_Init                                 0x08000b5d   Thumb Code    48  stm32f4xx_hal.o(i.HAL_Init)
    HAL_InitTick                             0x08000b91   Thumb Code    54  stm32f4xx_hal.o(i.HAL_InitTick)
    HAL_MspInit                              0x08000bd1   Thumb Code   126  stm32f4xx_hal_msp.o(i.HAL_MspInit)
    HAL_NVIC_EnableIRQ                       0x08000c55   Thumb Code    22  stm32f4xx_hal_cortex.o(i.HAL_NVIC_EnableIRQ)
    HAL_NVIC_SetPriority                     0x08000c6d   Thumb Code    60  stm32f4xx_hal_cortex.o(i.HAL_NVIC_SetPriority)
    HAL_NVIC_SetPriorityGrouping             0x08000cad   Thumb Code    26  stm32f4xx_hal_cortex.o(i.HAL_NVIC_SetPriorityGrouping)
    HAL_PWREx_EnableOverDrive                0x08000cd1   Thumb Code    98  stm32f4xx_hal_pwr_ex.o(i.HAL_PWREx_EnableOverDrive)
    HAL_RCC_ClockConfig                      0x08000d41   Thumb Code   286  stm32f4xx_hal_rcc.o(i.HAL_RCC_ClockConfig)
    HAL_RCC_GetHCLKFreq                      0x08000e71   Thumb Code     6  stm32f4xx_hal_rcc.o(i.HAL_RCC_GetHCLKFreq)
    HAL_RCC_GetPCLK1Freq                     0x08000e7d   Thumb Code    20  stm32f4xx_hal_rcc.o(i.HAL_RCC_GetPCLK1Freq)
    HAL_RCC_GetPCLK2Freq                     0x08000e9d   Thumb Code    20  stm32f4xx_hal_rcc.o(i.HAL_RCC_GetPCLK2Freq)
    HAL_RCC_GetSysClockFreq                  0x08000ebd   Thumb Code    88  stm32f4xx_hal_rcc.o(i.HAL_RCC_GetSysClockFreq)
    HAL_RCC_OscConfig                        0x08000f21   Thumb Code   770  stm32f4xx_hal_rcc.o(i.HAL_RCC_OscConfig)
    HAL_SDRAM_Init                           0x0800123d   Thumb Code    66  stm32f4xx_hal_sdram.o(i.HAL_SDRAM_Init)
    HAL_SDRAM_MspInit                        0x0800127f   Thumb Code     4  stm32f4xx_hal_msp.o(i.HAL_SDRAM_MspInit)
    HAL_SDRAM_ProgramRefreshRate             0x08001283   Thumb Code    34  stm32f4xx_hal_sdram.o(i.HAL_SDRAM_ProgramRefreshRate)
    HAL_SDRAM_SendCommand                    0x080012a5   Thumb Code    48  stm32f4xx_hal_sdram.o(i.HAL_SDRAM_SendCommand)
    HAL_SPI_Init                             0x080012d5   Thumb Code   128  stm32f4xx_hal_spi.o(i.HAL_SPI_Init)
    HAL_SPI_MspInit                          0x08001355   Thumb Code    64  stm32f4xx_hal_msp.o(i.HAL_SPI_MspInit)
    HAL_SPI_Receive                          0x080013a1   Thumb Code   336  stm32f4xx_hal_spi.o(i.HAL_SPI_Receive)
    HAL_SPI_Transmit                         0x080014f1   Thumb Code   360  stm32f4xx_hal_spi.o(i.HAL_SPI_Transmit)
    HAL_SPI_TransmitReceive                  0x08001659   Thumb Code   472  stm32f4xx_hal_spi.o(i.HAL_SPI_TransmitReceive)
    HAL_SYSTICK_CLKSourceConfig              0x08001831   Thumb Code    24  stm32f4xx_hal_cortex.o(i.HAL_SYSTICK_CLKSourceConfig)
    HAL_SYSTICK_Callback                     0x08001849   Thumb Code     2  stm32f4xx_hal_cortex.o(i.HAL_SYSTICK_Callback)
    HAL_SYSTICK_Config                       0x0800184b   Thumb Code    40  stm32f4xx_hal_cortex.o(i.HAL_SYSTICK_Config)
    HAL_SYSTICK_IRQHandler                   0x08001873   Thumb Code     8  stm32f4xx_hal_cortex.o(i.HAL_SYSTICK_IRQHandler)
    HAL_UART_DMAStop                         0x0800187b   Thumb Code    88  stm32f4xx_hal_uart.o(i.HAL_UART_DMAStop)
    HAL_UART_ErrorCallback                   0x080018d3   Thumb Code     2  stm32f4xx_hal_uart.o(i.HAL_UART_ErrorCallback)
    HAL_UART_IRQHandler                      0x080018d5   Thumb Code   266  stm32f4xx_hal_uart.o(i.HAL_UART_IRQHandler)
    HAL_UART_Init                            0x080019e5   Thumb Code    98  stm32f4xx_hal_uart.o(i.HAL_UART_Init)
    HAL_UART_MspInit                         0x08001a49   Thumb Code   136  stm32f4xx_hal_msp.o(i.HAL_UART_MspInit)
    HAL_UART_Receive_DMA                     0x08001b01   Thumb Code   138  stm32f4xx_hal_uart.o(i.HAL_UART_Receive_DMA)
    HAL_UART_RxCpltCallback                  0x08001b99   Thumb Code     2  stm32f4xx_hal_uart.o(i.HAL_UART_RxCpltCallback)
    HAL_UART_RxHalfCpltCallback              0x08001b9b   Thumb Code     2  stm32f4xx_hal_uart.o(i.HAL_UART_RxHalfCpltCallback)
    HAL_UART_Transmit                        0x08001b9d   Thumb Code   186  stm32f4xx_hal_uart.o(i.HAL_UART_Transmit)
    HAL_UART_TxCpltCallback                  0x08001c57   Thumb Code     2  stm32f4xx_hal_uart.o(i.HAL_UART_TxCpltCallback)
    HardFault_Handler                        0x08001c59   Thumb Code     2  stm32f4xx_it.o(i.HardFault_Handler)
    MX_FATFS_Init                            0x08001c5d   Thumb Code    18  fatfs.o(i.MX_FATFS_Init)
    MX_LIBJPEG_Init                          0x08001d81   Thumb Code     2  libjpeg.o(i.MX_LIBJPEG_Init)
    MemManage_Handler                        0x08001dc5   Thumb Code     2  stm32f4xx_it.o(i.MemManage_Handler)
    NMI_Handler                              0x08001dc7   Thumb Code     2  stm32f4xx_it.o(i.NMI_Handler)
    PendSV_Handler                           0x08001de9   Thumb Code     2  stm32f4xx_it.o(i.PendSV_Handler)
    SVC_Handler                              0x08001f19   Thumb Code     2  stm32f4xx_it.o(i.SVC_Handler)
    SysTick_Handler                          0x08001f1b   Thumb Code    14  stm32f4xx_it.o(i.SysTick_Handler)
    SystemClock_Config                       0x08001f29   Thumb Code   160  main.o(i.SystemClock_Config)
    SystemInit                               0x08001fd1   Thumb Code    66  system_stm32f4xx.o(i.SystemInit)
    USART1_IRQHandler                        0x080024f5   Thumb Code    28  stm32f4xx_it.o(i.USART1_IRQHandler)
    USER_initialize                          0x08002515   Thumb Code    16  user_diskio.o(i.USER_initialize)
    USER_ioctl                               0x08002529   Thumb Code    50  user_diskio.o(i.USER_ioctl)
    USER_read                                0x0800255b   Thumb Code    46  user_diskio.o(i.USER_read)
    USER_status                              0x08002589   Thumb Code    16  user_diskio.o(i.USER_status)
    USER_write                               0x0800259d   Thumb Code    46  user_diskio.o(i.USER_write)
    UsageFault_Handler                       0x080025cb   Thumb Code     2  stm32f4xx_it.o(i.UsageFault_Handler)
    _Error_Handler                           0x080025cd   Thumb Code     2  main.o(i._Error_Handler)
    __0printf$8                              0x080025d1   Thumb Code    22  printf8.o(i.__0printf$8)
    __1printf$8                              0x080025d1   Thumb Code     0  printf8.o(i.__0printf$8)
    __2printf                                0x080025d1   Thumb Code     0  printf8.o(i.__0printf$8)
    __scatterload_copy                       0x080025f1   Thumb Code    14  handlers.o(i.__scatterload_copy)
    __scatterload_null                       0x080025ff   Thumb Code     2  handlers.o(i.__scatterload_null)
    __scatterload_zeroinit                   0x08002601   Thumb Code    14  handlers.o(i.__scatterload_zeroinit)
    _b_tp_rec_check_head                     0x0800262f   Thumb Code     4  b_tp.o(i._b_tp_rec_check_head)
    _b_tp_send_set_head                      0x08002655   Thumb Code     2  b_tp.o(i._b_tp_send_set_head)
    b_tp_port_send                           0x08002b7f   Thumb Code    10  b_tp_port.o(i.b_tp_port_send)
    b_tp_receive_data                        0x08002b89   Thumb Code   290  b_tp.o(i.b_tp_receive_data)
    b_tp_reg_callback                        0x08002cb5   Thumb Code    14  b_tp.o(i.b_tp_reg_callback)
    b_tp_send_data                           0x08002cc9   Thumb Code    96  b_tp.o(i.b_tp_send_data)
    crc16                                    0x08002ee1   Thumb Code    48  crc16.o(i.crc16)
    disk_initialize                          0x08003659   Thumb Code    36  diskio_1.o(i.disk_initialize)
    disk_ioctl                               0x08003681   Thumb Code    24  diskio_1.o(i.disk_ioctl)
    disk_read                                0x0800369d   Thumb Code    24  diskio_1.o(i.disk_read)
    disk_status                              0x080036b9   Thumb Code    18  diskio_1.o(i.disk_status)
    disk_write                               0x080036d1   Thumb Code    24  diskio_1.o(i.disk_write)
    f_close                                  0x080036ed   Thumb Code    40  ff_1.o(i.f_close)
    f_mkfs                                   0x08003715   Thumb Code  1362  ff_1.o(i.f_mkfs)
    f_mount                                  0x08003c69   Thumb Code    84  ff_1.o(i.f_mount)
    f_open                                   0x08003cc1   Thumb Code   516  ff_1.o(i.f_open)
    f_read                                   0x08003ecd   Thumb Code   338  ff_1.o(i.f_read)
    f_spi_read                               0x08004021   Thumb Code    14  flash_drv.o(i.f_spi_read)
    f_spi_rw_byte                            0x08004035   Thumb Code    28  flash_drv.o(i.f_spi_rw_byte)
    f_spi_write                              0x08004055   Thumb Code    14  flash_drv.o(i.f_spi_write)
    f_sync                                   0x08004069   Thumb Code   138  ff_1.o(i.f_sync)
    ff_convert                               0x080040f9   Thumb Code    68  cc936.o(i.ff_convert)
    ff_wtoupper                              0x08004145   Thumb Code   120  cc936.o(i.ff_wtoupper)
    flash_erase_xsector                      0x08004421   Thumb Code   104  flash_drv.o(i.flash_erase_xsector)
    flash_init                               0x08004491   Thumb Code    80  flash_drv.o(i.flash_init)
    flash_read_buf                           0x080044e9   Thumb Code    90  flash_drv.o(i.flash_read_buf)
    flash_write_buf                          0x08004595   Thumb Code   128  flash_drv.o(i.flash_write_buf)
    flash_write_buf_plus                     0x08004619   Thumb Code   156  flash_drv.o(i.flash_write_buf_plus)
    fputc                                    0x080047b9   Thumb Code    26  uart.o(i.fputc)
    main                                     0x08004a29   Thumb Code   284  main.o(i.main)
    pro_file_ack                             0x08004c35   Thumb Code    12  protocol.o(i.pro_file_ack)
    protocol_cb                              0x08004c41   Thumb Code    94  protocol.o(i.protocol_cb)
    protocol_init                            0x08004ca1   Thumb Code     6  protocol.o(i.protocol_init)
    protocol_send                            0x08004cad   Thumb Code    42  protocol.o(i.protocol_send)
    uart1_idle_cb                            0x08004f6d   Thumb Code    56  uart.o(i.uart1_idle_cb)
    uart_rec_start                           0x08004fb5   Thumb Code    30  uart.o(i.uart_rec_start)
    uart_send_buf                            0x08004fdd   Thumb Code    20  uart.o(i.uart_send_buf)
    AHBPrescTable                            0x0800502e   Data          16  system_stm32f4xx.o(.constdata)
    APBPrescTable                            0x0800503e   Data           8  system_stm32f4xx.o(.constdata)
    Region$$Table$$Base                      0x0802fc28   Number         0  anon$$obj.o(Region$$Table)
    Region$$Table$$Limit                     0x0802fc48   Number         0  anon$$obj.o(Region$$Table)
    USER_Driver                              0x20000004   Data          20  user_diskio.o(.data)
    retUSER                                  0x20000018   Data           1  fatfs.o(.data)
    USERPath                                 0x20000019   Data           4  fatfs.o(.data)
    uwTickFreq                               0x20000028   Data           1  stm32f4xx_hal.o(.data)
    uwTickPrio                               0x2000002c   Data           4  stm32f4xx_hal.o(.data)
    uwTick                                   0x20000030   Data           4  stm32f4xx_hal.o(.data)
    SystemCoreClock                          0x20000034   Data           4  system_stm32f4xx.o(.data)
    __stdout                                 0x2000004c   Data           4  stdout.o(.data)
    hspi5                                    0x20000050   Data          88  main.o(.bss)
    huart1                                   0x200000a8   Data          64  main.o(.bss)
    hsdram1                                  0x200000e8   Data          52  main.o(.bss)
    command                                  0x2000011c   Data          16  main.o(.bss)
    hdma_usart1_rx                           0x2000012c   Data          96  main.o(.bss)
    USERFatFS                                0x2000018c   Data         564  fatfs.o(.bss)
    dma_buf                                  0x200013f6   Data        4128  uart.o(.bss)
    tmp_buf                                  0x20002416   Data        4096  flash_drv.o(.bss)
    disk                                     0x20003638   Data          12  ff_gen_drv.o(.bss)
    __initial_sp                             0x20003a48   Data           0  startup_stm32f429xx.o(STACK)
    in_img_tmp                               0xc0000000   Data       172800  main.o(.ARM.__AT_0xC0000000)
    out_img_tmp                              0xc002a300   Data       172800  main.o(.ARM.__AT_0xC002A300)



==============================================================================

Memory Map of the image

  Image Entry point : 0x080001ad

  Load Region LR_IROM1 (Base: 0x08000000, Size: 0x0002fc98, Max: 0x00100000, ABSOLUTE)

    Execution Region ER_IROM1 (Exec base: 0x08000000, Load base: 0x08000000, Size: 0x0002fc48, Max: 0x00100000, ABSOLUTE)

    Exec Addr    Load Addr    Size         Type   Attr      Idx    E Section Name        Object

    0x08000000   0x08000000   0x000001ac   Data   RO            3    RESET               startup_stm32f429xx.o
    0x080001ac   0x080001ac   0x00000000   Code   RO         6672  * .ARM.Collect$$$$00000000  mc_w.l(entry.o)
    0x080001ac   0x080001ac   0x00000004   Code   RO         6980    .ARM.Collect$$$$00000001  mc_w.l(entry2.o)
    0x080001b0   0x080001b0   0x00000004   Code   RO         6983    .ARM.Collect$$$$00000004  mc_w.l(entry5.o)
    0x080001b4   0x080001b4   0x00000000   Code   RO         6985    .ARM.Collect$$$$00000008  mc_w.l(entry7b.o)
    0x080001b4   0x080001b4   0x00000000   Code   RO         6987    .ARM.Collect$$$$0000000A  mc_w.l(entry8b.o)
    0x080001b4   0x080001b4   0x00000008   Code   RO         6988    .ARM.Collect$$$$0000000B  mc_w.l(entry9a.o)
    0x080001bc   0x080001bc   0x00000000   Code   RO         6990    .ARM.Collect$$$$0000000D  mc_w.l(entry10a.o)
    0x080001bc   0x080001bc   0x00000000   Code   RO         6992    .ARM.Collect$$$$0000000F  mc_w.l(entry11a.o)
    0x080001bc   0x080001bc   0x00000004   Code   RO         6981    .ARM.Collect$$$$00002712  mc_w.l(entry2.o)
    0x080001c0   0x080001c0   0x00000024   Code   RO            4    .text               startup_stm32f429xx.o
    0x080001e4   0x080001e4   0x00000062   Code   RO         6675    .text               mc_w.l(uldiv.o)
    0x08000246   0x08000246   0x00000024   Code   RO         6677    .text               mc_w.l(memcpya.o)
    0x0800026a   0x0800026a   0x0000001e   Code   RO         6997    .text               mc_w.l(llshl.o)
    0x08000288   0x08000288   0x00000020   Code   RO         6999    .text               mc_w.l(llushr.o)
    0x080002a8   0x080002a8   0x00000024   Code   RO         7014    .text               mc_w.l(init.o)
    0x080002cc   0x080002cc   0x00000002   Code   RO          387    i.BusFault_Handler  stm32f4xx_it.o
    0x080002ce   0x080002ce   0x00000002   PAD
    0x080002d0   0x080002d0   0x0000000c   Code   RO          388    i.DMA2_Stream2_IRQHandler  stm32f4xx_it.o
    0x080002dc   0x080002dc   0x00000028   Code   RO         2069    i.DMA_CalcBaseAndBitshift  stm32f4xx_hal_dma.o
    0x08000304   0x08000304   0x00000054   Code   RO         2070    i.DMA_CheckFifoParam  stm32f4xx_hal_dma.o
    0x08000358   0x08000358   0x00000028   Code   RO         2071    i.DMA_SetConfig     stm32f4xx_hal_dma.o
    0x08000380   0x08000380   0x00000002   Code   RO          389    i.DebugMon_Handler  stm32f4xx_it.o
    0x08000382   0x08000382   0x00000006   Code   RO         3507    i.FATFS_LinkDriver  ff_gen_drv.o
    0x08000388   0x08000388   0x00000040   Code   RO         3508    i.FATFS_LinkDriverEx  ff_gen_drv.o
    0x080003c8   0x080003c8   0x00000050   Code   RO          563    i.FMC_SDRAM_Init    stm32f4xx_ll_fmc.o
    0x08000418   0x08000418   0x0000000c   Code   RO          564    i.FMC_SDRAM_ProgramRefreshRate  stm32f4xx_ll_fmc.o
    0x08000424   0x08000424   0x00000048   Code   RO          565    i.FMC_SDRAM_SendCommand  stm32f4xx_ll_fmc.o
    0x0800046c   0x0800046c   0x00000080   Code   RO          567    i.FMC_SDRAM_Timing_Init  stm32f4xx_ll_fmc.o
    0x080004ec   0x080004ec   0x0000008e   Code   RO         2072    i.HAL_DMA_Abort     stm32f4xx_hal_dma.o
    0x0800057a   0x0800057a   0x00000024   Code   RO         2073    i.HAL_DMA_Abort_IT  stm32f4xx_hal_dma.o
    0x0800059e   0x0800059e   0x00000002   PAD
    0x080005a0   0x080005a0   0x000001a0   Code   RO         2077    i.HAL_DMA_IRQHandler  stm32f4xx_hal_dma.o
    0x08000740   0x08000740   0x000000d4   Code   RO         2078    i.HAL_DMA_Init      stm32f4xx_hal_dma.o
    0x08000814   0x08000814   0x00000078   Code   RO         2082    i.HAL_DMA_Start_IT  stm32f4xx_hal_dma.o
    0x0800088c   0x0800088c   0x00000024   Code   RO         2509    i.HAL_Delay         stm32f4xx_hal.o
    0x080008b0   0x080008b0   0x000000b8   Code   RO          475    i.HAL_FMC_MspInit   stm32f4xx_hal_msp.o
    0x08000968   0x08000968   0x000001cc   Code   RO         1965    i.HAL_GPIO_Init     stm32f4xx_hal_gpio.o
    0x08000b34   0x08000b34   0x0000000a   Code   RO         1969    i.HAL_GPIO_WritePin  stm32f4xx_hal_gpio.o
    0x08000b3e   0x08000b3e   0x00000002   PAD
    0x08000b40   0x08000b40   0x0000000c   Code   RO         2517    i.HAL_GetTick       stm32f4xx_hal.o
    0x08000b4c   0x08000b4c   0x00000010   Code   RO         2521    i.HAL_IncTick       stm32f4xx_hal.o
    0x08000b5c   0x08000b5c   0x00000034   Code   RO         2522    i.HAL_Init          stm32f4xx_hal.o
    0x08000b90   0x08000b90   0x00000040   Code   RO         2523    i.HAL_InitTick      stm32f4xx_hal.o
    0x08000bd0   0x08000bd0   0x00000084   Code   RO          476    i.HAL_MspInit       stm32f4xx_hal_msp.o
    0x08000c54   0x08000c54   0x00000016   Code   RO         2372    i.HAL_NVIC_EnableIRQ  stm32f4xx_hal_cortex.o
    0x08000c6a   0x08000c6a   0x00000002   PAD
    0x08000c6c   0x08000c6c   0x00000040   Code   RO         2378    i.HAL_NVIC_SetPriority  stm32f4xx_hal_cortex.o
    0x08000cac   0x08000cac   0x00000024   Code   RO         2379    i.HAL_NVIC_SetPriorityGrouping  stm32f4xx_hal_cortex.o
    0x08000cd0   0x08000cd0   0x00000070   Code   RO         2301    i.HAL_PWREx_EnableOverDrive  stm32f4xx_hal_pwr_ex.o
    0x08000d40   0x08000d40   0x00000130   Code   RO         1559    i.HAL_RCC_ClockConfig  stm32f4xx_hal_rcc.o
    0x08000e70   0x08000e70   0x0000000c   Code   RO         1564    i.HAL_RCC_GetHCLKFreq  stm32f4xx_hal_rcc.o
    0x08000e7c   0x08000e7c   0x00000020   Code   RO         1566    i.HAL_RCC_GetPCLK1Freq  stm32f4xx_hal_rcc.o
    0x08000e9c   0x08000e9c   0x00000020   Code   RO         1567    i.HAL_RCC_GetPCLK2Freq  stm32f4xx_hal_rcc.o
    0x08000ebc   0x08000ebc   0x00000064   Code   RO         1568    i.HAL_RCC_GetSysClockFreq  stm32f4xx_hal_rcc.o
    0x08000f20   0x08000f20   0x0000031c   Code   RO         1571    i.HAL_RCC_OscConfig  stm32f4xx_hal_rcc.o
    0x0800123c   0x0800123c   0x00000042   Code   RO          729    i.HAL_SDRAM_Init    stm32f4xx_hal_sdram.o
    0x0800127e   0x0800127e   0x00000004   Code   RO          478    i.HAL_SDRAM_MspInit  stm32f4xx_hal_msp.o
    0x08001282   0x08001282   0x00000022   Code   RO          732    i.HAL_SDRAM_ProgramRefreshRate  stm32f4xx_hal_sdram.o
    0x080012a4   0x080012a4   0x00000030   Code   RO          738    i.HAL_SDRAM_SendCommand  stm32f4xx_hal_sdram.o
    0x080012d4   0x080012d4   0x00000080   Code   RO          890    i.HAL_SPI_Init      stm32f4xx_hal_spi.o
    0x08001354   0x08001354   0x0000004c   Code   RO          480    i.HAL_SPI_MspInit   stm32f4xx_hal_msp.o
    0x080013a0   0x080013a0   0x00000150   Code   RO          893    i.HAL_SPI_Receive   stm32f4xx_hal_spi.o
    0x080014f0   0x080014f0   0x00000168   Code   RO          898    i.HAL_SPI_Transmit  stm32f4xx_hal_spi.o
    0x08001658   0x08001658   0x000001d8   Code   RO          899    i.HAL_SPI_TransmitReceive  stm32f4xx_hal_spi.o
    0x08001830   0x08001830   0x00000018   Code   RO         2381    i.HAL_SYSTICK_CLKSourceConfig  stm32f4xx_hal_cortex.o
    0x08001848   0x08001848   0x00000002   Code   RO         2382    i.HAL_SYSTICK_Callback  stm32f4xx_hal_cortex.o
    0x0800184a   0x0800184a   0x00000028   Code   RO         2383    i.HAL_SYSTICK_Config  stm32f4xx_hal_cortex.o
    0x08001872   0x08001872   0x00000008   Code   RO         2384    i.HAL_SYSTICK_IRQHandler  stm32f4xx_hal_cortex.o
    0x0800187a   0x0800187a   0x00000058   Code   RO         1251    i.HAL_UART_DMAStop  stm32f4xx_hal_uart.o
    0x080018d2   0x080018d2   0x00000002   Code   RO         1253    i.HAL_UART_ErrorCallback  stm32f4xx_hal_uart.o
    0x080018d4   0x080018d4   0x00000110   Code   RO         1256    i.HAL_UART_IRQHandler  stm32f4xx_hal_uart.o
    0x080019e4   0x080019e4   0x00000062   Code   RO         1257    i.HAL_UART_Init     stm32f4xx_hal_uart.o
    0x08001a46   0x08001a46   0x00000002   PAD
    0x08001a48   0x08001a48   0x000000b8   Code   RO          482    i.HAL_UART_MspInit  stm32f4xx_hal_msp.o
    0x08001b00   0x08001b00   0x00000098   Code   RO         1261    i.HAL_UART_Receive_DMA  stm32f4xx_hal_uart.o
    0x08001b98   0x08001b98   0x00000002   Code   RO         1263    i.HAL_UART_RxCpltCallback  stm32f4xx_hal_uart.o
    0x08001b9a   0x08001b9a   0x00000002   Code   RO         1264    i.HAL_UART_RxHalfCpltCallback  stm32f4xx_hal_uart.o
    0x08001b9c   0x08001b9c   0x000000ba   Code   RO         1265    i.HAL_UART_Transmit  stm32f4xx_hal_uart.o
    0x08001c56   0x08001c56   0x00000002   Code   RO         1268    i.HAL_UART_TxCpltCallback  stm32f4xx_hal_uart.o
    0x08001c58   0x08001c58   0x00000002   Code   RO          390    i.HardFault_Handler  stm32f4xx_it.o
    0x08001c5a   0x08001c5a   0x00000002   PAD
    0x08001c5c   0x08001c5c   0x0000001c   Code   RO          294    i.MX_FATFS_Init     fatfs.o
    0x08001c78   0x08001c78   0x00000060   Code   RO           13    i.MX_FMC_Init       main.o
    0x08001cd8   0x08001cd8   0x000000a8   Code   RO           14    i.MX_GPIO_Init      main.o
    0x08001d80   0x08001d80   0x00000002   Code   RO          332    i.MX_LIBJPEG_Init   libjpeg.o
    0x08001d82   0x08001d82   0x00000002   PAD
    0x08001d84   0x08001d84   0x00000040   Code   RO           15    i.MX_SPI5_Init      main.o
    0x08001dc4   0x08001dc4   0x00000002   Code   RO          391    i.MemManage_Handler  stm32f4xx_it.o
    0x08001dc6   0x08001dc6   0x00000002   Code   RO          392    i.NMI_Handler       stm32f4xx_it.o
    0x08001dc8   0x08001dc8   0x00000020   Code   RO         2385    i.NVIC_SetPriority  stm32f4xx_hal_cortex.o
    0x08001de8   0x08001de8   0x00000002   Code   RO          393    i.PendSV_Handler    stm32f4xx_it.o
    0x08001dea   0x08001dea   0x00000078   Code   RO           16    i.SDRAM_Initialization_Sequence  main.o
    0x08001e62   0x08001e62   0x00000020   Code   RO          914    i.SPI_CheckFlag_BSY  stm32f4xx_hal_spi.o
    0x08001e82   0x08001e82   0x00000096   Code   RO          932    i.SPI_WaitFlagStateUntilTimeout  stm32f4xx_hal_spi.o
    0x08001f18   0x08001f18   0x00000002   Code   RO          394    i.SVC_Handler       stm32f4xx_it.o
    0x08001f1a   0x08001f1a   0x0000000e   Code   RO          395    i.SysTick_Handler   stm32f4xx_it.o
    0x08001f28   0x08001f28   0x000000a8   Code   RO           17    i.SystemClock_Config  main.o
    0x08001fd0   0x08001fd0   0x00000054   Code   RO         2686    i.SystemInit        system_stm32f4xx.o
    0x08002024   0x08002024   0x00000010   Code   RO         1270    i.UART_DMAAbortOnError  stm32f4xx_hal_uart.o
    0x08002034   0x08002034   0x0000004a   Code   RO         1271    i.UART_DMAError     stm32f4xx_hal_uart.o
    0x0800207e   0x0800207e   0x0000003c   Code   RO         1272    i.UART_DMAReceiveCplt  stm32f4xx_hal_uart.o
    0x080020ba   0x080020ba   0x0000000a   Code   RO         1274    i.UART_DMARxHalfCplt  stm32f4xx_hal_uart.o
    0x080020c4   0x080020c4   0x0000001c   Code   RO         1280    i.UART_EndRxTransfer  stm32f4xx_hal_uart.o
    0x080020e0   0x080020e0   0x00000012   Code   RO         1281    i.UART_EndTxTransfer  stm32f4xx_hal_uart.o
    0x080020f2   0x080020f2   0x0000008c   Code   RO         1282    i.UART_Receive_IT   stm32f4xx_hal_uart.o
    0x0800217e   0x0800217e   0x00000002   PAD
    0x08002180   0x08002180   0x000002ac   Code   RO         1283    i.UART_SetConfig    stm32f4xx_hal_uart.o
    0x0800242c   0x0800242c   0x00000062   Code   RO         1284    i.UART_Transmit_IT  stm32f4xx_hal_uart.o
    0x0800248e   0x0800248e   0x00000064   Code   RO         1285    i.UART_WaitOnFlagUntilTimeout  stm32f4xx_hal_uart.o
    0x080024f2   0x080024f2   0x00000002   PAD
    0x080024f4   0x080024f4   0x00000020   Code   RO          396    i.USART1_IRQHandler  stm32f4xx_it.o
    0x08002514   0x08002514   0x00000014   Code   RO          232    i.USER_initialize   user_diskio.o
    0x08002528   0x08002528   0x00000032   Code   RO          233    i.USER_ioctl        user_diskio.o
    0x0800255a   0x0800255a   0x0000002e   Code   RO          234    i.USER_read         user_diskio.o
    0x08002588   0x08002588   0x00000014   Code   RO          235    i.USER_status       user_diskio.o
    0x0800259c   0x0800259c   0x0000002e   Code   RO          236    i.USER_write        user_diskio.o
    0x080025ca   0x080025ca   0x00000002   Code   RO          397    i.UsageFault_Handler  stm32f4xx_it.o
    0x080025cc   0x080025cc   0x00000002   Code   RO           18    i._Error_Handler    main.o
    0x080025ce   0x080025ce   0x00000002   PAD
    0x080025d0   0x080025d0   0x00000020   Code   RO         6890    i.__0printf$8       mc_w.l(printf8.o)
    0x080025f0   0x080025f0   0x0000000e   Code   RO         7020    i.__scatterload_copy  mc_w.l(handlers.o)
    0x080025fe   0x080025fe   0x00000002   Code   RO         7021    i.__scatterload_null  mc_w.l(handlers.o)
    0x08002600   0x08002600   0x0000000e   Code   RO         7022    i.__scatterload_zeroinit  mc_w.l(handlers.o)
    0x0800260e   0x0800260e   0x00000020   Code   RO         2720    i._b_tp_check_data  b_tp.o
    0x0800262e   0x0800262e   0x00000004   Code   RO         2721    i._b_tp_rec_check_head  b_tp.o
    0x08002632   0x08002632   0x00000002   PAD
    0x08002634   0x08002634   0x00000020   Code   RO         2722    i._b_tp_reset_rec_info  b_tp.o
    0x08002654   0x08002654   0x00000002   Code   RO         2723    i._b_tp_send_set_head  b_tp.o
    0x08002656   0x08002656   0x00000002   PAD
    0x08002658   0x08002658   0x000000c2   Code   RO         2724    i._b_tp_unpack_send  b_tp.o
    0x0800271a   0x0800271a   0x00000002   PAD
    0x0800271c   0x0800271c   0x00000410   Code   RO         6897    i._printf_core      mc_w.l(printf8.o)
    0x08002b2c   0x08002b2c   0x00000024   Code   RO         6898    i._printf_post_padding  mc_w.l(printf8.o)
    0x08002b50   0x08002b50   0x0000002e   Code   RO         6899    i._printf_pre_padding  mc_w.l(printf8.o)
    0x08002b7e   0x08002b7e   0x0000000a   Code   RO         2810    i.b_tp_port_send    b_tp_port.o
    0x08002b88   0x08002b88   0x0000012c   Code   RO         2725    i.b_tp_receive_data  b_tp.o
    0x08002cb4   0x08002cb4   0x00000014   Code   RO         2726    i.b_tp_reg_callback  b_tp.o
    0x08002cc8   0x08002cc8   0x00000060   Code   RO         2727    i.b_tp_send_data    b_tp.o
    0x08002d28   0x08002d28   0x00000070   Code   RO         3146    i.check_fs          ff_1.o
    0x08002d98   0x08002d98   0x00000010   Code   RO         3147    i.chk_chr           ff_1.o
    0x08002da8   0x08002da8   0x0000005c   Code   RO         3148    i.chk_lock          ff_1.o
    0x08002e04   0x08002e04   0x00000020   Code   RO         3149    i.clear_lock        ff_1.o
    0x08002e24   0x08002e24   0x00000024   Code   RO         3150    i.clmt_clust        ff_1.o
    0x08002e48   0x08002e48   0x00000018   Code   RO         3151    i.clust2sect        ff_1.o
    0x08002e60   0x08002e60   0x00000080   Code   RO         3152    i.cmp_lfn           ff_1.o
    0x08002ee0   0x08002ee0   0x00000030   Code   RO         2792    i.crc16             crc16.o
    0x08002f10   0x08002f10   0x000000a4   Code   RO         3153    i.create_chain      ff_1.o
    0x08002fb4   0x08002fb4   0x00000244   Code   RO         3154    i.create_name       ff_1.o
    0x080031f8   0x080031f8   0x00000034   Code   RO         3155    i.dec_lock          ff_1.o
    0x0800322c   0x0800322c   0x000000d0   Code   RO         3156    i.dir_find          ff_1.o
    0x080032fc   0x080032fc   0x000000f4   Code   RO         3157    i.dir_next          ff_1.o
    0x080033f0   0x080033f0   0x000001e4   Code   RO         3159    i.dir_register      ff_1.o
    0x080035d4   0x080035d4   0x00000082   Code   RO         3161    i.dir_sdi           ff_1.o
    0x08003656   0x08003656   0x00000002   PAD
    0x08003658   0x08003658   0x00000028   Code   RO         3091    i.disk_initialize   diskio_1.o
    0x08003680   0x08003680   0x0000001c   Code   RO         3092    i.disk_ioctl        diskio_1.o
    0x0800369c   0x0800369c   0x0000001c   Code   RO         3093    i.disk_read         diskio_1.o
    0x080036b8   0x080036b8   0x00000018   Code   RO         3094    i.disk_status       diskio_1.o
    0x080036d0   0x080036d0   0x0000001c   Code   RO         3095    i.disk_write        diskio_1.o
    0x080036ec   0x080036ec   0x00000028   Code   RO         3162    i.f_close           ff_1.o
    0x08003714   0x08003714   0x00000552   Code   RO         3168    i.f_mkfs            ff_1.o
    0x08003c66   0x08003c66   0x00000002   PAD
    0x08003c68   0x08003c68   0x00000058   Code   RO         3169    i.f_mount           ff_1.o
    0x08003cc0   0x08003cc0   0x0000020c   Code   RO         3170    i.f_open            ff_1.o
    0x08003ecc   0x08003ecc   0x00000152   Code   RO         3175    i.f_read            ff_1.o
    0x0800401e   0x0800401e   0x00000002   PAD
    0x08004020   0x08004020   0x00000014   Code   RO         2928    i.f_spi_read        flash_drv.o
    0x08004034   0x08004034   0x00000020   Code   RO         2929    i.f_spi_rw_byte     flash_drv.o
    0x08004054   0x08004054   0x00000014   Code   RO         2930    i.f_spi_write       flash_drv.o
    0x08004068   0x08004068   0x00000090   Code   RO         3179    i.f_sync            ff_1.o
    0x080040f8   0x080040f8   0x0000004c   Code   RO         3059    i.ff_convert        cc936.o
    0x08004144   0x08004144   0x00000080   Code   RO         3060    i.ff_wtoupper       cc936.o
    0x080041c4   0x080041c4   0x0000025c   Code   RO         3183    i.find_volume       ff_1.o
    0x08004420   0x08004420   0x00000070   Code   RO         2933    i.flash_erase_xsector  flash_drv.o
    0x08004490   0x08004490   0x00000058   Code   RO         2934    i.flash_init        flash_drv.o
    0x080044e8   0x080044e8   0x00000064   Code   RO         2936    i.flash_read_buf    flash_drv.o
    0x0800454c   0x0800454c   0x00000048   Code   RO         2937    i.flash_wait_write_end  flash_drv.o
    0x08004594   0x08004594   0x00000084   Code   RO         2939    i.flash_write_buf   flash_drv.o
    0x08004618   0x08004618   0x000000a0   Code   RO         2940    i.flash_write_buf_plus  flash_drv.o
    0x080046b8   0x080046b8   0x00000028   Code   RO         2941    i.flash_write_enable  flash_drv.o
    0x080046e0   0x080046e0   0x00000064   Code   RO         2942    i.flash_write_page  flash_drv.o
    0x08004744   0x08004744   0x00000074   Code   RO         3184    i.follow_path       ff_1.o
    0x080047b8   0x080047b8   0x00000020   Code   RO         2881    i.fputc             uart.o
    0x080047d8   0x080047d8   0x0000008c   Code   RO         3185    i.gen_numname       ff_1.o
    0x08004864   0x08004864   0x000000be   Code   RO         3186    i.get_fat           ff_1.o
    0x08004922   0x08004922   0x0000003c   Code   RO         3188    i.get_ldnumber      ff_1.o
    0x0800495e   0x0800495e   0x00000002   PAD
    0x08004960   0x08004960   0x00000080   Code   RO         3189    i.inc_lock          ff_1.o
    0x080049e0   0x080049e0   0x00000026   Code   RO         3190    i.ld_clust          ff_1.o
    0x08004a06   0x08004a06   0x00000016   Code   RO         3191    i.ld_dword          ff_1.o
    0x08004a1c   0x08004a1c   0x0000000a   Code   RO         3192    i.ld_word           ff_1.o
    0x08004a26   0x08004a26   0x00000002   PAD
    0x08004a28   0x08004a28   0x000001b8   Code   RO           19    i.main              main.o
    0x08004be0   0x08004be0   0x00000012   Code   RO         3193    i.mem_cpy           ff_1.o
    0x08004bf2   0x08004bf2   0x00000002   PAD
    0x08004bf4   0x08004bf4   0x0000000e   Code   RO         3194    i.mem_set           ff_1.o
    0x08004c02   0x08004c02   0x00000032   Code   RO         3195    i.move_window       ff_1.o
    0x08004c34   0x08004c34   0x0000000c   Code   RO         2840    i.pro_file_ack      protocol.o
    0x08004c40   0x08004c40   0x0000005e   Code   RO         2841    i.protocol_cb       protocol.o
    0x08004c9e   0x08004c9e   0x00000002   PAD
    0x08004ca0   0x08004ca0   0x0000000c   Code   RO         2842    i.protocol_init     protocol.o
    0x08004cac   0x08004cac   0x0000002a   Code   RO         2843    i.protocol_send     protocol.o
    0x08004cd6   0x08004cd6   0x000000ea   Code   RO         3197    i.put_fat           ff_1.o
    0x08004dc0   0x08004dc0   0x00000074   Code   RO         3200    i.remove_chain      ff_1.o
    0x08004e34   0x08004e34   0x00000028   Code   RO         3201    i.st_clust          ff_1.o
    0x08004e5c   0x08004e5c   0x00000010   Code   RO         3202    i.st_dword          ff_1.o
    0x08004e6c   0x08004e6c   0x00000008   Code   RO         3203    i.st_word           ff_1.o
    0x08004e74   0x08004e74   0x0000001a   Code   RO         3204    i.sum_sfn           ff_1.o
    0x08004e8e   0x08004e8e   0x00000002   PAD
    0x08004e90   0x08004e90   0x00000088   Code   RO         3205    i.sync_fs           ff_1.o
    0x08004f18   0x08004f18   0x00000052   Code   RO         3206    i.sync_window       ff_1.o
    0x08004f6a   0x08004f6a   0x00000002   PAD
    0x08004f6c   0x08004f6c   0x00000048   Code   RO         2882    i.uart1_idle_cb     uart.o
    0x08004fb4   0x08004fb4   0x00000028   Code   RO         2883    i.uart_rec_start    uart.o
    0x08004fdc   0x08004fdc   0x00000018   Code   RO         2884    i.uart_send_buf     uart.o
    0x08004ff4   0x08004ff4   0x00000032   Code   RO         3207    i.validate          ff_1.o
    0x08005026   0x08005026   0x00000008   Data   RO         2084    .constdata          stm32f4xx_hal_dma.o
    0x0800502e   0x0800502e   0x00000010   Data   RO         2687    .constdata          system_stm32f4xx.o
    0x0800503e   0x0800503e   0x00000008   Data   RO         2688    .constdata          system_stm32f4xx.o
    0x08005046   0x08005046   0x0002abb6   Data   RO         3061    .constdata          cc936.o
    0x0802fbfc   0x0802fbfc   0x0000002a   Data   RO         3209    .constdata          ff_1.o
    0x0802fc26   0x0802fc26   0x00000002   PAD
    0x0802fc28   0x0802fc28   0x00000020   Data   RO         7018    Region$$Table       anon$$obj.o


    Execution Region RW_IRAM1 (Exec base: 0x20000000, Load base: 0x0802fc48, Size: 0x00003a48, Max: 0x00030000, ABSOLUTE)

    Exec Addr    Load Addr    Size         Type   Attr      Idx    E Section Name        Object

    0x20000000   0x0802fc48   0x00000001   Data   RW          237    .data               user_diskio.o
    0x20000001   0x0802fc49   0x00000003   PAD
    0x20000004   0x0802fc4c   0x00000014   Data   RW          238    .data               user_diskio.o
    0x20000018   0x0802fc60   0x00000005   Data   RW          298    .data               fatfs.o
    0x2000001d   0x0802fc65   0x00000003   PAD
    0x20000020   0x0802fc68   0x00000008   Data   RW          483    .data               stm32f4xx_hal_msp.o
    0x20000028   0x0802fc70   0x0000000c   Data   RW         2529    .data               stm32f4xx_hal.o
    0x20000034   0x0802fc7c   0x00000004   Data   RW         2689    .data               system_stm32f4xx.o
    0x20000038   0x0802fc80   0x00000004   Data   RW         2729    .data               b_tp.o
    0x2000003c   0x0802fc84   0x00000004   Data   RW         2886    .data               uart.o
    0x20000040   0x0802fc88   0x00000003   Data   RW         2944    .data               flash_drv.o
    0x20000043   0x0802fc8b   0x00000001   PAD
    0x20000044   0x0802fc8c   0x00000008   Data   RW         3210    .data               ff_1.o
    0x2000004c   0x0802fc94   0x00000004   Data   RW         6994    .data               mc_w.l(stdout.o)
    0x20000050        -       0x000000dc   Zero   RW           23    .bss                main.o
    0x2000012c        -       0x00000060   Zero   RW           24    .bss                main.o
    0x2000018c        -       0x00000234   Zero   RW          296    .bss                fatfs.o
    0x200003c0        -       0x00001036   Zero   RW         2728    .bss                b_tp.o
    0x200013f6        -       0x00001020   Zero   RW         2885    .bss                uart.o
    0x20002416        -       0x00001000   Zero   RW         2943    .bss                flash_drv.o
    0x20003416   0x0802fc98   0x00000002   PAD
    0x20003418        -       0x00000220   Zero   RW         3208    .bss                ff_1.o
    0x20003638        -       0x0000000c   Zero   RW         3511    .bss                ff_gen_drv.o
    0x20003644   0x0802fc98   0x00000004   PAD
    0x20003648        -       0x00000400   Zero   RW            1    STACK               startup_stm32f429xx.o



  Load Region LR$$.ARM.__AT_0xC0000000 (Base: 0xc0000000, Size: 0x00000000, Max: 0x0002a300, ABSOLUTE)

    Execution Region ER$$.ARM.__AT_0xC0000000 (Exec base: 0xc0000000, Load base: 0xc0000000, Size: 0x0002a300, Max: 0x0002a300, ABSOLUTE, UNINIT)

    Exec Addr    Load Addr    Size         Type   Attr      Idx    E Section Name        Object

    0xc0000000        -       0x0002a300   Zero   RW           21    .ARM.__AT_0xC0000000  main.o



  Load Region LR$$.ARM.__AT_0xC002A300 (Base: 0xc002a300, Size: 0x00000000, Max: 0x0002a300, ABSOLUTE)

    Execution Region ER$$.ARM.__AT_0xC002A300 (Exec base: 0xc002a300, Load base: 0xc002a300, Size: 0x0002a300, Max: 0x0002a300, ABSOLUTE, UNINIT)

    Exec Addr    Load Addr    Size         Type   Attr      Idx    E Section Name        Object

    0xc002a300        -       0x0002a300   Zero   RW           22    .ARM.__AT_0xC002A300  main.o


==============================================================================

Image component sizes


      Code (inc. data)   RO Data    RW Data    ZI Data      Debug   Object Name

       680         20          0          4       4150       8446   b_tp.o
        10          0          0          0          0        981   b_tp_port.o
       204         26     175030          0          0       2503   cc936.o
        48          0          0          0          0        932   crc16.o
       148         22          0          0          0       3741   diskio_1.o
        28         10          0          5        564       1030   fatfs.o
      6896        186         42          8        544      42232   ff_1.o
        70          6          0          0         12       1635   ff_gen_drv.o
       876         66          0          3       4096       8472   flash_drv.o
         2          0          0          0          0        442   libjpeg.o
      1058        192          0          0     345916     747263   main.o
       160          6          0          0          0       3091   protocol.o
        36          8        428          0       1024        836   startup_stm32f429xx.o
       180         28          0         12          0       4589   stm32f4xx_hal.o
       228         14          0          0          0      32149   stm32f4xx_hal_cortex.o
      1090         16          8          0          0       7370   stm32f4xx_hal_dma.o
       470         52          0          0          0       2440   stm32f4xx_hal_gpio.o
       580         96          0          8          0       3732   stm32f4xx_hal_msp.o
       112         14          0          0          0       1288   stm32f4xx_hal_pwr_ex.o
      1276         86          0          0          0       5632   stm32f4xx_hal_rcc.o
       148          0          0          0          0       2720   stm32f4xx_hal_sdram.o
      1478          0          0          0          0       6926   stm32f4xx_hal_spi.o
      2032         28          0          0          0      14095   stm32f4xx_hal_uart.o
        74         10          0          0          0       5136   stm32f4xx_it.o
       292          4          0          0          0       3504   stm32f4xx_ll_fmc.o
         0          0          0          0          0        540   syscall.o
        84         18         24          4          0       1159   system_stm32f4xx.o
       168         36          0          4       4128       2887   uart.o
       182          8          0         21          0       3912   user_diskio.o

    ----------------------------------------------------------------------
     18654        952     175566         76     360440     919683   Object Totals
         0          0         32          0          0          0   (incl. Generated)
        44          0          2          7          6          0   (incl. Padding)

    ----------------------------------------------------------------------

      Code (inc. data)   RO Data    RW Data    ZI Data      Debug   Library Member Name

         0          0          0          0          0          0   entry.o
         0          0          0          0          0          0   entry10a.o
         0          0          0          0          0          0   entry11a.o
         8          4          0          0          0          0   entry2.o
         4          0          0          0          0          0   entry5.o
         0          0          0          0          0          0   entry7b.o
         0          0          0          0          0          0   entry8b.o
         8          4          0          0          0          0   entry9a.o
        30          0          0          0          0          0   handlers.o
        36          8          0          0          0         68   init.o
        30          0          0          0          0         68   llshl.o
        32          0          0          0          0         68   llushr.o
        36          0          0          0          0         68   memcpya.o
      1154         54          0          0          0        352   printf8.o
         0          0          0          4          0          0   stdout.o
        98          0          0          0          0         92   uldiv.o

    ----------------------------------------------------------------------
      1436         70          0          4          0        716   Library Totals
         0          0          0          0          0          0   (incl. Padding)

    ----------------------------------------------------------------------

      Code (inc. data)   RO Data    RW Data    ZI Data      Debug   Library Name

      1436         70          0          4          0        716   mc_w.l

    ----------------------------------------------------------------------
      1436         70          0          4          0        716   Library Totals

    ----------------------------------------------------------------------

==============================================================================


      Code (inc. data)   RO Data    RW Data    ZI Data      Debug   

     20090       1022     175566         80     360440     903791   Grand Totals
     20090       1022     175566         80     360440     903791   ELF Image Totals
     20090       1022     175566         80          0          0   ROM Totals

==============================================================================

    Total RO  Size (Code + RO Data)               195656 ( 191.07kB)
    Total RW  Size (RW Data + ZI Data)            360520 ( 352.07kB)
    Total ROM Size (Code + RO Data + RW Data)     195736 ( 191.15kB)

==============================================================================

