Component: ARM Compiler 5.06 update 6 (build 750) Tool: armlink [4d35ed]

==============================================================================

Section Cross References

    startup_stm32f429xx.o(RESET) refers to startup_stm32f429xx.o(STACK) for __initial_sp
    startup_stm32f429xx.o(RESET) refers to startup_stm32f429xx.o(.text) for Reset_Handler
    startup_stm32f429xx.o(RESET) refers to stm32f4xx_it.o(i.NMI_Handler) for NMI_Handler
    startup_stm32f429xx.o(RESET) refers to stm32f4xx_it.o(i.HardFault_Handler) for HardFault_Handler
    startup_stm32f429xx.o(RESET) refers to stm32f4xx_it.o(i.MemManage_Handler) for MemManage_Handler
    startup_stm32f429xx.o(RESET) refers to stm32f4xx_it.o(i.BusFault_Handler) for BusFault_Handler
    startup_stm32f429xx.o(RESET) refers to stm32f4xx_it.o(i.UsageFault_Handler) for UsageFault_Handler
    startup_stm32f429xx.o(RESET) refers to stm32f4xx_it.o(i.SVC_Handler) for SVC_Handler
    startup_stm32f429xx.o(RESET) refers to stm32f4xx_it.o(i.DebugMon_Handler) for DebugMon_Handler
    startup_stm32f429xx.o(RESET) refers to stm32f4xx_it.o(i.PendSV_Handler) for PendSV_Handler
    startup_stm32f429xx.o(RESET) refers to stm32f4xx_it.o(i.SysTick_Handler) for SysTick_Handler
    startup_stm32f429xx.o(RESET) refers to stm32f4xx_it.o(i.USART1_IRQHandler) for USART1_IRQHandler
    startup_stm32f429xx.o(RESET) refers to stm32f4xx_it.o(i.DMA2_Stream2_IRQHandler) for DMA2_Stream2_IRQHandler
    startup_stm32f429xx.o(.text) refers to system_stm32f4xx.o(i.SystemInit) for SystemInit
    startup_stm32f429xx.o(.text) refers to entry.o(.ARM.Collect$$$$00000000) for __main
    main.o(i.MX_FMC_Init) refers to stm32f4xx_hal_sdram.o(i.HAL_SDRAM_Init) for HAL_SDRAM_Init
    main.o(i.MX_FMC_Init) refers to main.o(.bss) for .bss
    main.o(i.MX_GPIO_Init) refers to stm32f4xx_hal_gpio.o(i.HAL_GPIO_WritePin) for HAL_GPIO_WritePin
    main.o(i.MX_GPIO_Init) refers to stm32f4xx_hal_gpio.o(i.HAL_GPIO_Init) for HAL_GPIO_Init
    main.o(i.MX_SPI5_Init) refers to stm32f4xx_hal_spi.o(i.HAL_SPI_Init) for HAL_SPI_Init
    main.o(i.MX_SPI5_Init) refers to main.o(.bss) for .bss
    main.o(i.SDRAM_Initialization_Sequence) refers to stm32f4xx_hal_sdram.o(i.HAL_SDRAM_SendCommand) for HAL_SDRAM_SendCommand
    main.o(i.SDRAM_Initialization_Sequence) refers to stm32f4xx_hal.o(i.HAL_Delay) for HAL_Delay
    main.o(i.SDRAM_Initialization_Sequence) refers to stm32f4xx_hal_sdram.o(i.HAL_SDRAM_ProgramRefreshRate) for HAL_SDRAM_ProgramRefreshRate
    main.o(i.SystemClock_Config) refers to stm32f4xx_hal_rcc.o(i.HAL_RCC_OscConfig) for HAL_RCC_OscConfig
    main.o(i.SystemClock_Config) refers to stm32f4xx_hal_pwr_ex.o(i.HAL_PWREx_EnableOverDrive) for HAL_PWREx_EnableOverDrive
    main.o(i.SystemClock_Config) refers to stm32f4xx_hal_rcc.o(i.HAL_RCC_ClockConfig) for HAL_RCC_ClockConfig
    main.o(i.SystemClock_Config) refers to stm32f4xx_hal_rcc.o(i.HAL_RCC_GetHCLKFreq) for HAL_RCC_GetHCLKFreq
    main.o(i.SystemClock_Config) refers to stm32f4xx_hal_cortex.o(i.HAL_SYSTICK_Config) for HAL_SYSTICK_Config
    main.o(i.SystemClock_Config) refers to stm32f4xx_hal_cortex.o(i.HAL_SYSTICK_CLKSourceConfig) for HAL_SYSTICK_CLKSourceConfig
    main.o(i.SystemClock_Config) refers to stm32f4xx_hal_cortex.o(i.HAL_NVIC_SetPriority) for HAL_NVIC_SetPriority
    main.o(i.main) refers to stm32f4xx_hal.o(i.HAL_Init) for HAL_Init
    main.o(i.main) refers to main.o(i.SystemClock_Config) for SystemClock_Config
    main.o(i.main) refers to main.o(i.MX_GPIO_Init) for MX_GPIO_Init
    main.o(i.main) refers to stm32f4xx_hal_cortex.o(i.HAL_NVIC_SetPriority) for HAL_NVIC_SetPriority
    main.o(i.main) refers to stm32f4xx_hal_cortex.o(i.HAL_NVIC_EnableIRQ) for HAL_NVIC_EnableIRQ
    main.o(i.main) refers to main.o(i.MX_SPI5_Init) for MX_SPI5_Init
    main.o(i.main) refers to stm32f4xx_hal_uart.o(i.HAL_UART_Init) for HAL_UART_Init
    main.o(i.main) refers to main.o(i.MX_FMC_Init) for MX_FMC_Init
    main.o(i.main) refers to fatfs.o(i.MX_FATFS_Init) for MX_FATFS_Init
    main.o(i.main) refers to flash_drv.o(i.flash_init) for flash_init
    main.o(i.main) refers to main.o(i.SDRAM_Initialization_Sequence) for SDRAM_Initialization_Sequence
    main.o(i.main) refers to protocol.o(i.protocol_init) for protocol_init
    main.o(i.main) refers to ff_1.o(i.f_mount) for f_mount
    main.o(i.main) refers to uart.o(i.uart_send_buf) for uart_send_buf
    main.o(i.main) refers to ff_1.o(i.f_mkfs) for f_mkfs
    main.o(i.main) refers to uart.o(i.uart_rec_start) for uart_rec_start
    main.o(i.main) refers to main.o(.bss) for .bss
    main.o(i.main) refers to fatfs.o(.bss) for USERFatFS
    main.o(i.main) refers to main.o(.ARM.__AT_0xC0000000) for .ARM.__AT_0xC0000000
    user_diskio.o(i.USER_initialize) refers to user_diskio.o(.data) for .data
    user_diskio.o(i.USER_read) refers to flash_drv.o(i.flash_read_buf) for flash_read_buf
    user_diskio.o(i.USER_status) refers to user_diskio.o(.data) for .data
[...]
    Removing stm32f4xx_hal_cortex.o(i.HAL_NVIC_DisableIRQ), (22 bytes).
    Removing stm32f4xx_hal_cortex.o(i.HAL_NVIC_GetActive), (32 bytes).
    Removing stm32f4xx_hal_cortex.o(i.HAL_NVIC_GetPendingIRQ), (32 bytes).
    Removing stm32f4xx_hal_cortex.o(i.HAL_NVIC_GetPriority), (82 bytes).
    Removing stm32f4xx_hal_cortex.o(i.HAL_NVIC_GetPriorityGrouping), (16 bytes).
    Removing stm32f4xx_hal_cortex.o(i.HAL_NVIC_SetPendingIRQ), (22 bytes).
    Removing stm32f4xx_hal_cortex.o(i.HAL_NVIC_SystemReset), (36 bytes).
    Removing stm32f4xx_hal.o(.rev16_text), (4 bytes).
    Removing stm32f4xx_hal.o(.revsh_text), (4 bytes).
    Removing stm32f4xx_hal.o(.rrx_text), (6 bytes).
    Removing stm32f4xx_hal.o(i.HAL_DBGMCU_DisableDBGSleepMode), (16 bytes).
    Removing stm32f4xx_hal.o(i.HAL_DBGMCU_DisableDBGStandbyMode), (16 bytes).
    Removing stm32f4xx_hal.o(i.HAL_DBGMCU_DisableDBGStopMode), (16 bytes).
    Removing stm32f4xx_hal.o(i.HAL_DBGMCU_EnableDBGSleepMode), (16 bytes).
    Removing stm32f4xx_hal.o(i.HAL_DBGMCU_EnableDBGStandbyMode), (16 bytes).
    Removing stm32f4xx_hal.o(i.HAL_DBGMCU_EnableDBGStopMode), (16 bytes).
    Removing stm32f4xx_hal.o(i.HAL_DeInit), (52 bytes).
    Removing stm32f4xx_hal.o(i.HAL_DisableCompensationCell), (12 bytes).
    Removing stm32f4xx_hal.o(i.HAL_DisableMemorySwappingBank), (12 bytes).
    Removing stm32f4xx_hal.o(i.HAL_EnableCompensationCell), (12 bytes).
    Removing stm32f4xx_hal.o(i.HAL_EnableMemorySwappingBank), (12 bytes).
    Removing stm32f4xx_hal.o(i.HAL_GetDEVID), (16 bytes).
    Removing stm32f4xx_hal.o(i.HAL_GetHalVersion), (8 bytes).
    Removing stm32f4xx_hal.o(i.HAL_GetREVID), (12 bytes).
    Removing stm32f4xx_hal.o(i.HAL_GetTickFreq), (12 bytes).
    Removing stm32f4xx_hal.o(i.HAL_GetTickPrio), (12 bytes).
    Removing stm32f4xx_hal.o(i.HAL_GetUID), (28 bytes).
    Removing stm32f4xx_hal.o(i.HAL_MspDeInit), (2 bytes).
    Removing stm32f4xx_hal.o(i.HAL_MspInit), (2 bytes).
    Removing stm32f4xx_hal.o(i.HAL_ResumeTick), (14 bytes).
    Removing stm32f4xx_hal.o(i.HAL_SetTickFreq), (28 bytes).
    Removing stm32f4xx_hal.o(i.HAL_SuspendTick), (14 bytes).
    Removing system_stm32f4xx.o(.rev16_text), (4 bytes).
    Removing system_stm32f4xx.o(.revsh_text), (4 bytes).
    Removing system_stm32f4xx.o(.rrx_text), (6 bytes).
    Removing system_stm32f4xx.o(i.SystemCoreClockUpdate), (124 bytes).
    Removing b_tp_port.o(.rev16_text), (4 bytes).
    Removing b_tp_port.o(.revsh_text), (4 bytes).
    Removing b_tp_port.o(.rrx_text), (6 bytes).
    Removing protocol.o(.rev16_text), (4 bytes).
    Removing protocol.o(.revsh_text), (4 bytes).
    Removing protocol.o(.rrx_text), (6 bytes).
    Removing uart.o(.rev16_text), (4 bytes).
    Removing uart.o(.revsh_text), (4 bytes).
    Removing uart.o(.rrx_text), (6 bytes).
    Removing uart.o(i.fputc), (32 bytes).
    Removing flash_drv.o(.rev16_text), (4 bytes).
    Removing flash_drv.o(.revsh_text), (4 bytes).
    Removing flash_drv.o(.rrx_text), (6 bytes).
    Removing flash_drv.o(i.flash_breakdown), (20 bytes).
    Removing flash_drv.o(i.flash_erase_chip), (64 bytes).
    Removing flash_drv.o(i.flash_power_down), (76 bytes).
    Removing flash_drv.o(i.flash_wakeup), (64 bytes).
    Removing syscall.o(.rev16_text), (4 bytes).
    Removing syscall.o(.revsh_text), (4 bytes).
    Removing syscall.o(.rrx_text), (6 bytes).
    Removing diskio_1.o(.rev16_text), (4 bytes).
    Removing diskio_1.o(.revsh_text), (4 bytes).
    Removing diskio_1.o(.rrx_text), (6 bytes).
    Removing diskio_1.o(i.get_fattime), (4 bytes).
    Removing ff_1.o(.rev16_text), (4 bytes).
    Removing ff_1.o(.revsh_text), (4 bytes).
    Removing ff_1.o(.rrx_text), (6 bytes).
    Removing ff_1.o(i.chk_lock), (92 bytes).
    Removing ff_1.o(i.clmt_clust), (36 bytes).
    Removing ff_1.o(i.clust2sect), (24 bytes).
    Removing ff_1.o(i.create_chain), (164 bytes).
    Removing ff_1.o(i.create_name), (220 bytes).
    Removing ff_1.o(i.dec_lock), (52 bytes).
    Removing ff_1.o(i.dir_find), (100 bytes).
    Removing ff_1.o(i.dir_next), (244 bytes).
    Removing ff_1.o(i.dir_read), (96 bytes).
    Removing ff_1.o(i.dir_register), (102 bytes).
    Removing ff_1.o(i.dir_remove), (30 bytes).
    Removing ff_1.o(i.dir_sdi), (130 bytes).
    Removing ff_1.o(i.f_close), (40 bytes).
    Removing ff_1.o(i.f_closedir), (34 bytes).
    Removing ff_1.o(i.f_getfree), (212 bytes).
    Removing ff_1.o(i.f_gets), (72 bytes).
    Removing ff_1.o(i.f_lseek), (530 bytes).
    Removing ff_1.o(i.f_mkdir), (336 bytes).
    Removing ff_1.o(i.f_open), (524 bytes).
    Removing ff_1.o(i.f_opendir), (130 bytes).
    Removing ff_1.o(i.f_printf), (460 bytes).
    Removing ff_1.o(i.f_putc), (30 bytes).
    Removing ff_1.o(i.f_puts), (38 bytes).
    Removing ff_1.o(i.f_read), (338 bytes).
    Removing ff_1.o(i.f_readdir), (64 bytes).
    Removing ff_1.o(i.f_rename), (258 bytes).
    Removing ff_1.o(i.f_stat), (60 bytes).
    Removing ff_1.o(i.f_sync), (142 bytes).
    Removing ff_1.o(i.f_truncate), (162 bytes).
    Removing ff_1.o(i.f_unlink), (158 bytes).
    Removing ff_1.o(i.f_write), (398 bytes).
    Removing ff_1.o(i.follow_path), (116 bytes).
    Removing ff_1.o(i.get_fat), (190 bytes).
    Removing ff_1.o(i.get_fileinfo), (98 bytes).
    Removing ff_1.o(i.inc_lock), (128 bytes).
    Removing ff_1.o(i.ld_clust), (38 bytes).
    Removing ff_1.o(i.put_fat), (234 bytes).
    Removing ff_1.o(i.putc_bfd), (70 bytes).
    Removing ff_1.o(i.putc_flush), (42 bytes).
    Removing ff_1.o(i.remove_chain), (116 bytes).
    Removing ff_1.o(i.st_clust), (40 bytes).
    Removing ff_1.o(i.sync_fs), (136 bytes).
    Removing ff_1.o(i.validate), (50 bytes).
    Removing ff_gen_drv.o(.rev16_text), (4 bytes).
    Removing ff_gen_drv.o(.revsh_text), (4 bytes).
    Removing ff_gen_drv.o(.rrx_text), (6 bytes).
    Removing ff_gen_drv.o(i.FATFS_GetAttachedDriversNbr), (12 bytes).
    Removing ff_gen_drv.o(i.FATFS_UnLinkDriver), (6 bytes).
    Removing ff_gen_drv.o(i.FATFS_UnLinkDriverEx), (52 bytes).

403 unused section(s) (total 25262 bytes) removed from the image.

==============================================================================

Image Symbol Table

    Local Symbols

    Symbol Name                              Value     Ov Type        Size  Object(Section)

    ..//Src/system_stm32f4xx.c               0x00000000   Number         0  system_stm32f4xx.o ABSOLUTE
    ../Drivers/STM32F4xx_HAL_Driver/Src/stm32f4xx_hal.c 0x00000000   Number         0  stm32f4xx_hal.o ABSOLUTE
    ../Drivers/STM32F4xx_HAL_Driver/Src/stm32f4xx_hal_cortex.c 0x00000000   Number         0  stm32f4xx_hal_cortex.o ABSOLUTE
    ../Drivers/STM32F4xx_HAL_Driver/Src/stm32f4xx_hal_dma.c 0x00000000   Number         0  stm32f4xx_hal_dma.o ABSOLUTE
    ../Drivers/STM32F4xx_HAL_Driver/Src/stm32f4xx_hal_dma_ex.c 0x00000000   Number         0  stm32f4xx_hal_dma_ex.o ABSOLUTE
    ../Drivers/STM32F4xx_HAL_Driver/Src/stm32f4xx_hal_flash.c 0x00000000   Number         0  stm32f4xx_hal_flash.o ABSOLUTE
    ../Drivers/STM32F4xx_HAL_Driver/Src/stm32f4xx_hal_flash_ex.c 0x00000000   Number         0  stm32f4xx_hal_flash_ex.o ABSOLUTE
    ../Drivers/STM32F4xx_HAL_Driver/Src/stm32f4xx_hal_flash_ramfunc.c 0x00000000   Number         0  stm32f4xx_hal_flash_ramfunc.o ABSOLUTE
    ../Drivers/STM32F4xx_HAL_Driver/Src/stm32f4xx_hal_gpio.c 0x00000000   Number         0  stm32f4xx_hal_gpio.o ABSOLUTE
    ../Drivers/STM32F4xx_HAL_Driver/Src/stm32f4xx_hal_pwr.c 0x00000000   Number         0  stm32f4xx_hal_pwr.o ABSOLUTE
    ../Drivers/STM32F4xx_HAL_Driver/Src/stm32f4xx_hal_pwr_ex.c 0x00000000   Number         0  stm32f4xx_hal_pwr_ex.o ABSOLUTE
    ../Drivers/STM32F4xx_HAL_Driver/Src/stm32f4xx_hal_rcc.c 0x00000000   Number         0  stm32f4xx_hal_rcc.o ABSOLUTE
    ../Drivers/STM32F4xx_HAL_Driver/Src/stm32f4xx_hal_rcc_ex.c 0x00000000   Number         0  stm32f4xx_hal_rcc_ex.o ABSOLUTE
    ../Drivers/STM32F4xx_HAL_Driver/Src/stm32f4xx_hal_sdram.c 0x00000000   Number         0  stm32f4xx_hal_sdram.o ABSOLUTE
    ../Drivers/STM32F4xx_HAL_Driver/Src/stm32f4xx_hal_spi.c 0x00000000   Number         0  stm32f4xx_hal_spi.o ABSOLUTE
    ../Drivers/STM32F4xx_HAL_Driver/Src/stm32f4xx_hal_tim.c 0x00000000   Number         0  stm32f4xx_hal_tim.o ABSOLUTE
    ../Drivers/STM32F4xx_HAL_Driver/Src/stm32f4xx_hal_tim_ex.c 0x00000000   Number         0  stm32f4xx_hal_tim_ex.o ABSOLUTE
    ../Drivers/STM32F4xx_HAL_Driver/Src/stm32f4xx_hal_uart.c 0x00000000   Number         0  stm32f4xx_hal_uart.o ABSOLUTE
    ../Drivers/STM32F4xx_HAL_Driver/Src/stm32f4xx_ll_fmc.c 0x00000000   Number         0  stm32f4xx_ll_fmc.o ABSOLUTE
    ../Middlewares/Third_Party/FatFs/src/diskio.c 0x00000000   Number         0  diskio_1.o ABSOLUTE
    ../Middlewares/Third_Party/FatFs/src/ff.c 0x00000000   Number         0  ff_1.o ABSOLUTE
    ../Middlewares/Third_Party/FatFs/src/ff_gen_drv.c 0x00000000   Number         0  ff_gen_drv.o ABSOLUTE
    ../Middlewares/Third_Party/FatFs/src/option/syscall.c 0x00000000   Number         0  syscall.o ABSOLUTE
    ../Src/fatfs.c                           0x00000000   Number         0  fatfs.o ABSOLUTE
    ../Src/main.c                            0x00000000   Number         0  main.o ABSOLUTE
    ../Src/stm32f4xx_hal_msp.c               0x00000000   Number         0  stm32f4xx_hal_msp.o ABSOLUTE
    ../Src/stm32f4xx_it.c                    0x00000000   Number         0  stm32f4xx_it.o ABSOLUTE
    ../Src/user_diskio.c                     0x00000000   Number         0  user_diskio.o ABSOLUTE
    ../clib/microlib/division.c              0x00000000   Number         0  uldiv.o ABSOLUTE
    ../clib/microlib/init/entry.s            0x00000000   Number         0  entry10b.o ABSOLUTE
    ../clib/microlib/init/entry.s            0x00000000   Number         0  entry.o ABSOLUTE
    ../clib/microlib/init/entry.s            0x00000000   Number         0  entry10a.o ABSOLUTE
    ../clib/microlib/init/entry.s            0x00000000   Number         0  entry9a.o ABSOLUTE
    ../clib/microlib/init/entry.s            0x00000000   Number         0  entry8b.o ABSOLUTE
    ../clib/microlib/init/entry.s            0x00000000   Number         0  entry8a.o ABSOLUTE
    ../clib/microlib/init/entry.s            0x00000000   Number         0  entry7b.o ABSOLUTE
    ../clib/microlib/init/entry.s            0x00000000   Number         0  entry2.o ABSOLUTE
    ../clib/microlib/init/entry.s            0x00000000   Number         0  entry7a.o ABSOLUTE
    ../clib/microlib/init/entry.s            0x00000000   Number         0  entry5.o ABSOLUTE
    ../clib/microlib/init/entry.s            0x00000000   Number         0  entry9b.o ABSOLUTE
    ../clib/microlib/init/entry.s            0x00000000   Number         0  entry11b.o ABSOLUTE
    ../clib/microlib/init/entry.s            0x00000000   Number         0  entry11a.o ABSOLUTE
    ../clib/microlib/longlong.c              0x00000000   Number         0  llshl.o ABSOLUTE
    ../clib/microlib/longlong.c              0x00000000   Number         0  llushr.o ABSOLUTE
    ../clib/microlib/string/memcpy.c         0x00000000   Number         0  memcpyb.o ABSOLUTE
    ../clib/microlib/string/memcpy.c         0x00000000   Number         0  memcpya.o ABSOLUTE
    ..\Drivers\STM32F4xx_HAL_Driver\Src\stm32f4xx_hal.c 0x00000000   Number         0  stm32f4xx_hal.o ABSOLUTE
    ..\Drivers\STM32F4xx_HAL_Driver\Src\stm32f4xx_hal_cortex.c 0x00000000   Number         0  stm32f4xx_hal_cortex.o ABSOLUTE
    ..\Drivers\STM32F4xx_HAL_Driver\Src\stm32f4xx_hal_dma.c 0x00000000   Number         0  stm32f4xx_hal_dma.o ABSOLUTE
    ..\Drivers\STM32F4xx_HAL_Driver\Src\stm32f4xx_hal_dma_ex.c 0x00000000   Number         0  stm32f4xx_hal_dma_ex.o ABSOLUTE
    ..\Drivers\STM32F4xx_HAL_Driver\Src\stm32f4xx_hal_flash.c 0x00000000   Number         0  stm32f4xx_hal_flash.o ABSOLUTE
    ..\Drivers\STM32F4xx_HAL_Driver\Src\stm32f4xx_hal_flash_ex.c 0x00000000   Number         0  stm32f4xx_hal_flash_ex.o ABSOLUTE
    ..\Drivers\STM32F4xx_HAL_Driver\Src\stm32f4xx_hal_flash_ramfunc.c 0x00000000   Number         0  stm32f4xx_hal_flash_ramfunc.o ABSOLUTE
    ..\Drivers\STM32F4xx_HAL_Driver\Src\stm32f4xx_hal_gpio.c 0x00000000   Number         0  stm32f4xx_hal_gpio.o ABSOLUTE
    ..\Drivers\STM32F4xx_HAL_Driver\Src\stm32f4xx_hal_pwr.c 0x00000000   Number         0  stm32f4xx_hal_pwr.o ABSOLUTE
    ..\Drivers\STM32F4xx_HAL_Driver\Src\stm32f4xx_hal_pwr_ex.c 0x00000000   Number         0  stm32f4xx_hal_pwr_ex.o ABSOLUTE
    ..\Drivers\STM32F4xx_HAL_Driver\Src\stm32f4xx_hal_rcc.c 0x00000000   Number         0  stm32f4xx_hal_rcc.o ABSOLUTE
    ..\Drivers\STM32F4xx_HAL_Driver\Src\stm32f4xx_hal_rcc_ex.c 0x00000000   Number         0  stm32f4xx_hal_rcc_ex.o ABSOLUTE
    ..\Drivers\STM32F4xx_HAL_Driver\Src\stm32f4xx_hal_sdram.c 0x00000000   Number         0  stm32f4xx_hal_sdram.o ABSOLUTE
    ..\Drivers\STM32F4xx_HAL_Driver\Src\stm32f4xx_hal_spi.c 0x00000000   Number         0  stm32f4xx_hal_spi.o ABSOLUTE
    ..\Drivers\STM32F4xx_HAL_Driver\Src\stm32f4xx_hal_tim.c 0x00000000   Number         0  stm32f4xx_hal_tim.o ABSOLUTE
    ..\Drivers\STM32F4xx_HAL_Driver\Src\stm32f4xx_hal_tim_ex.c 0x00000000   Number         0  stm32f4xx_hal_tim_ex.o ABSOLUTE
    ..\Drivers\STM32F4xx_HAL_Driver\Src\stm32f4xx_hal_uart.c 0x00000000   Number         0  stm32f4xx_hal_uart.o ABSOLUTE
    ..\Drivers\STM32F4xx_HAL_Driver\Src\stm32f4xx_ll_fmc.c 0x00000000   Number         0  stm32f4xx_ll_fmc.o ABSOLUTE
    ..\Drivers\spiflash\flash_drv.c          0x00000000   Number         0  flash_drv.o ABSOLUTE
    ..\Drivers\uart\uart.c                   0x00000000   Number         0  uart.o ABSOLUTE
    ..\Middlewares\Third_Party\FatFs\src\diskio.c 0x00000000   Number         0  diskio_1.o ABSOLUTE
    ..\Middlewares\Third_Party\FatFs\src\ff.c 0x00000000   Number         0  ff_1.o ABSOLUTE
    ..\Middlewares\Third_Party\FatFs\src\ff_gen_drv.c 0x00000000   Number         0  ff_gen_drv.o ABSOLUTE
    ..\Middlewares\Third_Party\FatFs\src\option\syscall.c 0x00000000   Number         0  syscall.o ABSOLUTE
    ..\Src\fatfs.c                           0x00000000   Number         0  fatfs.o ABSOLUTE
    ..\Src\main.c                            0x00000000   Number         0  main.o ABSOLUTE
    ..\Src\stm32f4xx_hal_msp.c               0x00000000   Number         0  stm32f4xx_hal_msp.o ABSOLUTE
    ..\Src\stm32f4xx_it.c                    0x00000000   Number         0  stm32f4xx_it.o ABSOLUTE
    ..\Src\user_diskio.c                     0x00000000   Number         0  user_diskio.o ABSOLUTE
    ..\\Drivers\\spiflash\\flash_drv.c       0x00000000   Number         0  flash_drv.o ABSOLUTE
    ..\\Drivers\\uart\\uart.c                0x00000000   Number         0  uart.o ABSOLUTE
    ..\\Src\system_stm32f4xx.c               0x00000000   Number         0  system_stm32f4xx.o ABSOLUTE
    ..\\b_tp\\b_tp_port\\b_tp_port.c         0x00000000   Number         0  b_tp_port.o ABSOLUTE
    ..\\protocol\\protocol.c                 0x00000000   Number         0  protocol.o ABSOLUTE
    ..\b_tp\b_tp_port\b_tp_port.c            0x00000000   Number         0  b_tp_port.o ABSOLUTE
    ..\b_tp\check\crc16\crc16.c              0x00000000   Number         0  crc16.o ABSOLUTE
    ..\b_tp\src\b_tp.c                       0x00000000   Number         0  b_tp.o ABSOLUTE
    ..\protocol\protocol.c                   0x00000000   Number         0  protocol.o ABSOLUTE
    dc.s                                     0x00000000   Number         0  dc.o ABSOLUTE
    handlers.s                               0x00000000   Number         0  handlers.o ABSOLUTE
    init.s                                   0x00000000   Number         0  init.o ABSOLUTE
    startup_stm32f429xx.s                    0x00000000   Number         0  startup_stm32f429xx.o ABSOLUTE
    RESET                                    0x08000000   Section      428  startup_stm32f429xx.o(RESET)
    .ARM.Collect$$$$00000000                 0x080001ac   Section        0  entry.o(.ARM.Collect$$$$00000000)
    .ARM.Collect$$$$00000001                 0x080001ac   Section        4  entry2.o(.ARM.Collect$$$$00000001)
    .ARM.Collect$$$$00000004                 0x080001b0   Section        4  entry5.o(.ARM.Collect$$$$00000004)
    .ARM.Collect$$$$00000008                 0x080001b4   Section        0  entry7b.o(.ARM.Collect$$$$00000008)
    .ARM.Collect$$$$0000000A                 0x080001b4   Section        0  entry8b.o(.ARM.Collect$$$$0000000A)
    .ARM.Collect$$$$0000000B                 0x080001b4   Section        8  entry9a.o(.ARM.Collect$$$$0000000B)
    .ARM.Collect$$$$0000000D                 0x080001bc   Section        0  entry10a.o(.ARM.Collect$$$$0000000D)
    .ARM.Collect$$$$0000000F                 0x080001bc   Section        0  entry11a.o(.ARM.Collect$$$$0000000F)
    .ARM.Collect$$$$00002712                 0x080001bc   Section        4  entry2.o(.ARM.Collect$$$$00002712)
    __lit__00000000                          0x080001bc   Data           4  entry2.o(.ARM.Collect$$$$00002712)
    .text                                    0x080001c0   Section       36  startup_stm32f429xx.o(.text)
    $v0                                      0x080001c0   Number         0  startup_stm32f429xx.o(.text)
    .text                                    0x080001e4   Section        0  uldiv.o(.text)
    .text                                    0x08000246   Section        0  memcpya.o(.text)
    .text                                    0x0800026a   Section        0  llshl.o(.text)
    .text                                    0x08000288   Section        0  llushr.o(.text)
    .text                                    0x080002a8   Section       36  init.o(.text)
    i.BusFault_Handler                       0x080002cc   Section        0  stm32f4xx_it.o(i.BusFault_Handler)
    i.DMA2_Stream2_IRQHandler                0x080002d0   Section        0  stm32f4xx_it.o(i.DMA2_Stream2_IRQHandler)
    i.DMA_CalcBaseAndBitshift                0x080002dc   Section        0  stm32f4xx_hal_dma.o(i.DMA_CalcBaseAndBitshift)
    DMA_CalcBaseAndBitshift                  0x080002dd   Thumb Code    34  stm32f4xx_hal_dma.o(i.DMA_CalcBaseAndBitshift)
    i.DMA_CheckFifoParam                     0x08000304   Section        0  stm32f4xx_hal_dma.o(i.DMA_CheckFifoParam)
    DMA_CheckFifoParam                       0x08000305   Thumb Code    84  stm32f4xx_hal_dma.o(i.DMA_CheckFifoParam)
    i.DMA_SetConfig                          0x08000358   Section        0  stm32f4xx_hal_dma.o(i.DMA_SetConfig)
    DMA_SetConfig                            0x08000359   Thumb Code    40  stm32f4xx_hal_dma.o(i.DMA_SetConfig)
    i.DebugMon_Handler                       0x08000380   Section        0  stm32f4xx_it.o(i.DebugMon_Handler)
    i.FATFS_LinkDriver                       0x08000382   Section        0  ff_gen_drv.o(i.FATFS_LinkDriver)
    i.FATFS_LinkDriverEx                     0x08000388   Section        0  ff_gen_drv.o(i.FATFS_LinkDriverEx)
    i.FMC_SDRAM_Init                         0x080003c8   Section        0  stm32f4xx_ll_fmc.o(i.FMC_SDRAM_Init)
    i.FMC_SDRAM_ProgramRefreshRate           0x08000418   Section        0  stm32f4xx_ll_fmc.o(i.FMC_SDRAM_ProgramRefreshRate)
    i.FMC_SDRAM_SendCommand                  0x08000424   Section        0  stm32f4xx_ll_fmc.o(i.FMC_SDRAM_SendCommand)
    i.FMC_SDRAM_Timing_Init                  0x0800046c   Section        0  stm32f4xx_ll_fmc.o(i.FMC_SDRAM_Timing_Init)
    i.HAL_DMA_Abort                          0x080004ec   Section        0  stm32f4xx_hal_dma.o(i.HAL_DMA_Abort)
    i.HAL_DMA_Abort_IT                       0x0800057a   Section        0  stm32f4xx_hal_dma.o(i.HAL_DMA_Abort_IT)
    i.HAL_DMA_IRQHandler                     0x080005a0   Section        0  stm32f4xx_hal_dma.o(i.HAL_DMA_IRQHandler)
    i.HAL_DMA_Init                           0x08000740   Section        0  stm32f4xx_hal_dma.o(i.HAL_DMA_Init)
    i.HAL_DMA_Start_IT                       0x08000814   Section        0  stm32f4xx_hal_dma.o(i.HAL_DMA_Start_IT)
    i.HAL_Delay                              0x0800088c   Section        0  stm32f4xx_hal.o(i.HAL_Delay)
    i.HAL_FMC_MspInit                        0x080008b0   Section        0  stm32f4xx_hal_msp.o(i.HAL_FMC_MspInit)
    HAL_FMC_MspInit                          0x080008b1   Thumb Code   154  stm32f4xx_hal_msp.o(i.HAL_FMC_MspInit)
    i.HAL_GPIO_Init                          0x08000968   Section        0  stm32f4xx_hal_gpio.o(i.HAL_GPIO_Init)
    i.HAL_GPIO_WritePin                      0x08000b34   Section        0  stm32f4xx_hal_gpio.o(i.HAL_GPIO_WritePin)
    i.HAL_GetTick                            0x08000b40   Section        0  stm32f4xx_hal.o(i.HAL_GetTick)
    i.HAL_IncTick                            0x08000b4c   Section        0  stm32f4xx_hal.o(i.HAL_IncTick)
    i.HAL_Init                               0x08000b5c   Section        0  stm32f4xx_hal.o(i.HAL_Init)
    i.HAL_InitTick                           0x08000b90   Section        0  stm32f4xx_hal.o(i.HAL_InitTick)
    i.HAL_MspInit                            0x08000bd0   Section        0  stm32f4xx_hal_msp.o(i.HAL_MspInit)
    i.HAL_NVIC_EnableIRQ                     0x08000c54   Section        0  stm32f4xx_hal_cortex.o(i.HAL_NVIC_EnableIRQ)
    i.HAL_NVIC_SetPriority                   0x08000c6c   Section        0  stm32f4xx_hal_cortex.o(i.HAL_NVIC_SetPriority)
    i.HAL_NVIC_SetPriorityGrouping           0x08000cac   Section        0  stm32f4xx_hal_cortex.o(i.HAL_NVIC_SetPriorityGrouping)
    i.HAL_PWREx_EnableOverDrive              0x08000cd0   Section        0  stm32f4xx_hal_pwr_ex.o(i.HAL_PWREx_EnableOverDrive)
    i.HAL_RCC_ClockConfig                    0x08000d40   Section        0  stm32f4xx_hal_rcc.o(i.HAL_RCC_ClockConfig)
    i.HAL_RCC_GetHCLKFreq                    0x08000e70   Section        0  stm32f4xx_hal_rcc.o(i.HAL_RCC_GetHCLKFreq)
    i.HAL_RCC_GetPCLK1Freq                   0x08000e7c   Section        0  stm32f4xx_hal_rcc.o(i.HAL_RCC_GetPCLK1Freq)
    i.HAL_RCC_GetPCLK2Freq                   0x08000e9c   Section        0  stm32f4xx_hal_rcc.o(i.HAL_RCC_GetPCLK2Freq)
    i.HAL_RCC_GetSysClockFreq                0x08000ebc   Section        0  stm32f4xx_hal_rcc.o(i.HAL_RCC_GetSysClockFreq)
    i.HAL_RCC_OscConfig                      0x08000f20   Section        0  stm32f4xx_hal_rcc.o(i.HAL_RCC_OscConfig)
    i.HAL_SDRAM_Init                         0x0800123c   Section        0  stm32f4xx_hal_sdram.o(i.HAL_SDRAM_Init)
    i.HAL_SDRAM_MspInit                      0x0800127e   Section        0  stm32f4xx_hal_msp.o(i.HAL_SDRAM_MspInit)
    i.HAL_SDRAM_ProgramRefreshRate           0x08001282   Section        0  stm32f4xx_hal_sdram.o(i.HAL_SDRAM_ProgramRefreshRate)
    i.HAL_SDRAM_SendCommand                  0x080012a4   Section        0  stm32f4xx_hal_sdram.o(i.HAL_SDRAM_SendCommand)
    i.HAL_SPI_Init                           0x080012d4   Section        0  stm32f4xx_hal_spi.o(i.HAL_SPI_Init)
    i.HAL_SPI_MspInit                        0x08001354   Section        0  stm32f4xx_hal_msp.o(i.HAL_SPI_MspInit)
    i.HAL_SPI_Receive                        0x080013a0   Section        0  stm32f4xx_hal_spi.o(i.HAL_SPI_Receive)
    i.HAL_SPI_Transmit                       0x080014f0   Section        0  stm32f4xx_hal_spi.o(i.HAL_SPI_Transmit)
    i.HAL_SPI_TransmitReceive                0x08001658   Section        0  stm32f4xx_hal_spi.o(i.HAL_SPI_TransmitReceive)
    i.HAL_SYSTICK_CLKSourceConfig            0x08001830   Section        0  stm32f4xx_hal_cortex.o(i.HAL_SYSTICK_CLKSourceConfig)
    i.HAL_SYSTICK_Callback                   0x08001848   Section        0  stm32f4xx_hal_cortex.o(i.HAL_SYSTICK_Callback)
    i.HAL_SYSTICK_Config                     0x0800184a   Section        0  stm32f4xx_hal_cortex.o(i.HAL_SYSTICK_Config)
    i.HAL_SYSTICK_IRQHandler                 0x08001872   Section        0  stm32f4xx_hal_cortex.o(i.HAL_SYSTICK_IRQHandler)
    i.HAL_UART_DMAStop                       0x0800187a   Section        0  stm32f4xx_hal_uart.o(i.HAL_UART_DMAStop)
    i.HAL_UART_ErrorCallback                 0x080018d2   Section        0  stm32f4xx_hal_uart.o(i.HAL_UART_ErrorCallback)
    i.HAL_UART_IRQHandler                    0x080018d4   Section        0  stm32f4xx_hal_uart.o(i.HAL_UART_IRQHandler)
    i.HAL_UART_Init                          0x080019e4   Section        0  stm32f4xx_hal_uart.o(i.HAL_UART_Init)
    i.HAL_UART_MspInit                       0x08001a48   Section        0  stm32f4xx_hal_msp.o(i.HAL_UART_MspInit)
    i.HAL_UART_Receive_DMA                   0x08001b00   Section        0  stm32f4xx_hal_uart.o(i.HAL_UART_Receive_DMA)
    i.HAL_UART_RxCpltCallback                0x08001b98   Section        0  stm32f4xx_hal_uart.o(i.HAL_UART_RxCpltCallback)
    i.HAL_UART_RxHalfCpltCallback            0x08001b9a   Section        0  stm32f4xx_hal_uart.o(i.HAL_UART_RxHalfCpltCallback)
    i.HAL_UART_Transmit                      0x08001b9c   Section        0  stm32f4xx_hal_uart.o(i.HAL_UART_Transmit)
    i.HAL_UART_TxCpltCallback                0x08001c56   Section        0  stm32f4xx_hal_uart.o(i.HAL_UART_TxCpltCallback)
    i.HardFault_Handler                      0x08001c58   Section        0  stm32f4xx_it.o(i.HardFault_Handler)
    i.MX_FATFS_Init                          0x08001c5c   Section        0  fatfs.o(i.MX_FATFS_Init)
    i.MX_FMC_Init                            0x08001c78   Section        0  main.o(i.MX_FMC_Init)
    MX_FMC_Init                              0x08001c79   Thumb Code    88  main.o(i.MX_FMC_Init)
    i.MX_GPIO_Init                           0x08001cd8   Section        0  main.o(i.MX_GPIO_Init)
    MX_GPIO_Init                             0x08001cd9   Thumb Code   158  main.o(i.MX_GPIO_Init)
    i.MX_SPI5_Init                           0x08001d80   Section        0  main.o(i.MX_SPI5_Init)
    MX_SPI5_Init                             0x08001d81   Thumb Code    54  main.o(i.MX_SPI5_Init)
    i.MemManage_Handler                      0x08001dc0   Section        0  stm32f4xx_it.o(i.MemManage_Handler)
    i.NMI_Handler                            0x08001dc2   Section        0  stm32f4xx_it.o(i.NMI_Handler)
    i.NVIC_SetPriority                       0x08001dc4   Section        0  stm32f4xx_hal_cortex.o(i.NVIC_SetPriority)
    NVIC_SetPriority                         0x08001dc5   Thumb Code    32  stm32f4xx_hal_cortex.o(i.NVIC_SetPriority)
    i.PendSV_Handler                         0x08001de4   Section        0  stm32f4xx_it.o(i.PendSV_Handler)
    i.SDRAM_Initialization_Sequence          0x08001de6   Section        0  main.o(i.SDRAM_Initialization_Sequence)
    SDRAM_Initialization_Sequence            0x08001de7   Thumb Code   120  main.o(i.SDRAM_Initialization_Sequence)
    i.SPI_CheckFlag_BSY                      0x08001e5e   Section        0  stm32f4xx_hal_spi.o(i.SPI_CheckFlag_BSY)
    SPI_CheckFlag_BSY                        0x08001e5f   Thumb Code    32  stm32f4xx_hal_spi.o(i.SPI_CheckFlag_BSY)
    i.SPI_WaitFlagStateUntilTimeout          0x08001e7e   Section        0  stm32f4xx_hal_spi.o(i.SPI_WaitFlagStateUntilTimeout)
    SPI_WaitFlagStateUntilTimeout            0x08001e7f   Thumb Code   150  stm32f4xx_hal_spi.o(i.SPI_WaitFlagStateUntilTimeout)
    i.SVC_Handler                            0x08001f14   Section        0  stm32f4xx_it.o(i.SVC_Handler)
    i.SysTick_Handler                        0x08001f16   Section        0  stm32f4xx_it.o(i.SysTick_Handler)
    i.SystemClock_Config                     0x08001f24   Section        0  main.o(i.SystemClock_Config)
    i.SystemInit                             0x08001fcc   Section        0  system_stm32f4xx.o(i.SystemInit)
    i.UART_DMAAbortOnError                   0x08002020   Section        0  stm32f4xx_hal_uart.o(i.UART_DMAAbortOnError)
    UART_DMAAbortOnError                     0x08002021   Thumb Code    16  stm32f4xx_hal_uart.o(i.UART_DMAAbortOnError)
    i.UART_DMAError                          0x08002030   Section        0  stm32f4xx_hal_uart.o(i.UART_DMAError)
    UART_DMAError                            0x08002031   Thumb Code    74  stm32f4xx_hal_uart.o(i.UART_DMAError)
    i.UART_DMAReceiveCplt                    0x0800207a   Section        0  stm32f4xx_hal_uart.o(i.UART_DMAReceiveCplt)
    UART_DMAReceiveCplt                      0x0800207b   Thumb Code    60  stm32f4xx_hal_uart.o(i.UART_DMAReceiveCplt)
    i.UART_DMARxHalfCplt                     0x080020b6   Section        0  stm32f4xx_hal_uart.o(i.UART_DMARxHalfCplt)
    UART_DMARxHalfCplt                       0x080020b7   Thumb Code    10  stm32f4xx_hal_uart.o(i.UART_DMARxHalfCplt)
    i.UART_EndRxTransfer                     0x080020c0   Section        0  stm32f4xx_hal_uart.o(i.UART_EndRxTransfer)
    UART_EndRxTransfer                       0x080020c1   Thumb Code    28  stm32f4xx_hal_uart.o(i.UART_EndRxTransfer)
    i.UART_EndTxTransfer                     0x080020dc   Section        0  stm32f4xx_hal_uart.o(i.UART_EndTxTransfer)
    UART_EndTxTransfer                       0x080020dd   Thumb Code    18  stm32f4xx_hal_uart.o(i.UART_EndTxTransfer)
    i.UART_Receive_IT                        0x080020ee   Section        0  stm32f4xx_hal_uart.o(i.UART_Receive_IT)
    UART_Receive_IT                          0x080020ef   Thumb Code   140  stm32f4xx_hal_uart.o(i.UART_Receive_IT)
    i.UART_SetConfig                         0x0800217c   Section        0  stm32f4xx_hal_uart.o(i.UART_SetConfig)
    UART_SetConfig                           0x0800217d   Thumb Code   676  stm32f4xx_hal_uart.o(i.UART_SetConfig)
    i.UART_Transmit_IT                       0x08002428   Section        0  stm32f4xx_hal_uart.o(i.UART_Transmit_IT)
    UART_Transmit_IT                         0x08002429   Thumb Code    98  stm32f4xx_hal_uart.o(i.UART_Transmit_IT)
    i.UART_WaitOnFlagUntilTimeout            0x0800248a   Section        0  stm32f4xx_hal_uart.o(i.UART_WaitOnFlagUntilTimeout)
    UART_WaitOnFlagUntilTimeout              0x0800248b   Thumb Code   100  stm32f4xx_hal_uart.o(i.UART_WaitOnFlagUntilTimeout)
    i.USART1_IRQHandler                      0x080024f0   Section        0  stm32f4xx_it.o(i.USART1_IRQHandler)
    i.USER_initialize                        0x08002510   Section        0  user_diskio.o(i.USER_initialize)
    i.USER_ioctl                             0x08002524   Section        0  user_diskio.o(i.USER_ioctl)
    i.USER_read                              0x08002556   Section        0  user_diskio.o(i.USER_read)
    i.USER_status                            0x08002584   Section        0  user_diskio.o(i.USER_status)
    i.USER_write                             0x08002598   Section        0  user_diskio.o(i.USER_write)
    i.UsageFault_Handler                     0x080025c6   Section        0  stm32f4xx_it.o(i.UsageFault_Handler)
    i._Error_Handler                         0x080025c8   Section        0  main.o(i._Error_Handler)
    i.__scatterload_copy                     0x080025ca   Section       14  handlers.o(i.__scatterload_copy)
    i.__scatterload_null                     0x080025d8   Section        2  handlers.o(i.__scatterload_null)
    i.__scatterload_zeroinit                 0x080025da   Section       14  handlers.o(i.__scatterload_zeroinit)
    i._b_tp_check_data                       0x080025e8   Section        0  b_tp.o(i._b_tp_check_data)
    _b_tp_check_data                         0x080025e9   Thumb Code    32  b_tp.o(i._b_tp_check_data)
    i._b_tp_rec_check_head                   0x08002608   Section        0  b_tp.o(i._b_tp_rec_check_head)
    i._b_tp_reset_rec_info                   0x0800260c   Section        0  b_tp.o(i._b_tp_reset_rec_info)
    _b_tp_reset_rec_info                     0x0800260d   Thumb Code    28  b_tp.o(i._b_tp_reset_rec_info)
    i._b_tp_send_set_head                    0x0800262c   Section        0  b_tp.o(i._b_tp_send_set_head)
    i._b_tp_unpack_send                      0x08002630   Section        0  b_tp.o(i._b_tp_unpack_send)
    _b_tp_unpack_send                        0x08002631   Thumb Code   194  b_tp.o(i._b_tp_unpack_send)
    i.b_tp_port_send                         0x080026f2   Section        0  b_tp_port.o(i.b_tp_port_send)
    i.b_tp_receive_data                      0x080026fc   Section        0  b_tp.o(i.b_tp_receive_data)
    i.b_tp_reg_callback                      0x08002828   Section        0  b_tp.o(i.b_tp_reg_callback)
    i.b_tp_send_data                         0x0800283c   Section        0  b_tp.o(i.b_tp_send_data)
    i.check_fs                               0x0800289c   Section        0  ff_1.o(i.check_fs)
    check_fs                                 0x0800289d   Thumb Code   102  ff_1.o(i.check_fs)
    i.clear_lock                             0x0800290c   Section        0  ff_1.o(i.clear_lock)
    clear_lock                               0x0800290d   Thumb Code    28  ff_1.o(i.clear_lock)
    i.crc16                                  0x0800292c   Section        0  crc16.o(i.crc16)
    i.disk_initialize                        0x0800295c   Section        0  diskio_1.o(i.disk_initialize)
    i.disk_ioctl                             0x08002984   Section        0  diskio_1.o(i.disk_ioctl)
    i.disk_read                              0x080029a0   Section        0  diskio_1.o(i.disk_read)
    i.disk_status                            0x080029bc   Section        0  diskio_1.o(i.disk_status)
    i.disk_write                             0x080029d4   Section        0  diskio_1.o(i.disk_write)
    i.f_mkfs                                 0x080029f0   Section        0  ff_1.o(i.f_mkfs)
    i.f_mount                                0x08002f3c   Section        0  ff_1.o(i.f_mount)
    i.f_spi_read                             0x08002f94   Section        0  flash_drv.o(i.f_spi_read)
    i.f_spi_rw_byte                          0x08002fa8   Section        0  flash_drv.o(i.f_spi_rw_byte)
    i.f_spi_write                            0x08002fc8   Section        0  flash_drv.o(i.f_spi_write)
    i.find_volume                            0x08002fdc   Section        0  ff_1.o(i.find_volume)
    find_volume                              0x08002fdd   Thumb Code   582  ff_1.o(i.find_volume)
    i.flash_erase_xsector                    0x08003230   Section        0  flash_drv.o(i.flash_erase_xsector)
    i.flash_init                             0x080032a0   Section        0  flash_drv.o(i.flash_init)
    i.flash_read_buf                         0x080032f8   Section        0  flash_drv.o(i.flash_read_buf)
    i.flash_wait_write_end                   0x0800335c   Section        0  flash_drv.o(i.flash_wait_write_end)
    flash_wait_write_end                     0x0800335d   Thumb Code    68  flash_drv.o(i.flash_wait_write_end)
    i.flash_write_buf                        0x080033a4   Section        0  flash_drv.o(i.flash_write_buf)
    i.flash_write_buf_plus                   0x08003428   Section        0  flash_drv.o(i.flash_write_buf_plus)
    i.flash_write_enable                     0x080034c8   Section        0  flash_drv.o(i.flash_write_enable)
    flash_write_enable                       0x080034c9   Thumb Code    34  flash_drv.o(i.flash_write_enable)
    i.flash_write_page                       0x080034f0   Section        0  flash_drv.o(i.flash_write_page)
    flash_write_page                         0x080034f1   Thumb Code    94  flash_drv.o(i.flash_write_page)
    i.get_fattime                            0x08003554   Section        0  fatfs.o(i.get_fattime)
    i.get_ldnumber                           0x08003558   Section        0  ff_1.o(i.get_ldnumber)
    get_ldnumber                             0x08003559   Thumb Code    60  ff_1.o(i.get_ldnumber)
    i.ld_dword                               0x08003594   Section        0  ff_1.o(i.ld_dword)
    ld_dword                                 0x08003595   Thumb Code    22  ff_1.o(i.ld_dword)
    i.ld_word                                0x080035aa   Section        0  ff_1.o(i.ld_word)
    ld_word                                  0x080035ab   Thumb Code    10  ff_1.o(i.ld_word)
    i.main                                   0x080035b4   Section        0  main.o(i.main)
    i.mem_cpy                                0x080036dc   Section        0  ff_1.o(i.mem_cpy)
    mem_cpy                                  0x080036dd   Thumb Code    18  ff_1.o(i.mem_cpy)
    i.mem_set                                0x080036f0   Section        0  ff_1.o(i.mem_set)
    mem_set                                  0x080036f1   Thumb Code    14  ff_1.o(i.mem_set)
    i.move_window                            0x080036fe   Section        0  ff_1.o(i.move_window)
    move_window                              0x080036ff   Thumb Code    50  ff_1.o(i.move_window)
    i.pro_file_ack                           0x08003730   Section        0  protocol.o(i.pro_file_ack)
    i.protocol_cb                            0x0800373c   Section        0  protocol.o(i.protocol_cb)
    i.protocol_init                          0x0800379c   Section        0  protocol.o(i.protocol_init)
    i.protocol_send                          0x080037a8   Section        0  protocol.o(i.protocol_send)
    i.st_dword                               0x080037d2   Section        0  ff_1.o(i.st_dword)
    st_dword                                 0x080037d3   Thumb Code    16  ff_1.o(i.st_dword)
    i.st_word                                0x080037e2   Section        0  ff_1.o(i.st_word)
    st_word                                  0x080037e3   Thumb Code     8  ff_1.o(i.st_word)
    i.sync_window                            0x080037ea   Section        0  ff_1.o(i.sync_window)
    sync_window                              0x080037eb   Thumb Code    82  ff_1.o(i.sync_window)
    i.uart1_idle_cb                          0x0800383c   Section        0  uart.o(i.uart1_idle_cb)
    i.uart_rec_start                         0x08003884   Section        0  uart.o(i.uart_rec_start)
    i.uart_send_buf                          0x080038ac   Section        0  uart.o(i.uart_send_buf)
    .constdata                               0x080038c4   Section        8  stm32f4xx_hal_dma.o(.constdata)
    flagBitshiftOffset                       0x080038c4   Data           8  stm32f4xx_hal_dma.o(.constdata)
    .constdata                               0x080038cc   Section       16  system_stm32f4xx.o(.constdata)
    .constdata                               0x080038dc   Section        8  system_stm32f4xx.o(.constdata)
    .constdata                               0x080038e4   Section       28  ff_1.o(.constdata)
    cst                                      0x080038e4   Data          14  ff_1.o(.constdata)
    cst32                                    0x080038f2   Data          14  ff_1.o(.constdata)
    .data                                    0x20000000   Section        1  user_diskio.o(.data)
    Stat                                     0x20000000   Data           1  user_diskio.o(.data)
    .data                                    0x20000004   Section       20  user_diskio.o(.data)
    .data                                    0x20000018   Section        5  fatfs.o(.data)
    .data                                    0x20000020   Section        8  stm32f4xx_hal_msp.o(.data)
    FMC_Initialized                          0x20000020   Data           4  stm32f4xx_hal_msp.o(.data)
    FMC_DeInitialized                        0x20000024   Data           4  stm32f4xx_hal_msp.o(.data)
    .data                                    0x20000028   Section       12  stm32f4xx_hal.o(.data)
    .data                                    0x20000034   Section        4  system_stm32f4xx.o(.data)
    .data                                    0x20000038   Section        4  b_tp.o(.data)
    gps_rec_success_cb                       0x20000038   Data           4  b_tp.o(.data)
    .data                                    0x2000003c   Section        4  uart.o(.data)
    count                                    0x2000003c   Data           4  uart.o(.data)
    .data                                    0x20000040   Section        3  flash_drv.o(.data)
    sg_flash_breakdown                       0x20000040   Data           1  flash_drv.o(.data)
    sg_flash_power_count                     0x20000041   Data           1  flash_drv.o(.data)
    temp                                     0x20000042   Data           1  flash_drv.o(.data)
    .data                                    0x20000044   Section        8  ff_1.o(.data)
    Fsid                                     0x20000044   Data           2  ff_1.o(.data)
    FatFs                                    0x20000048   Data           4  ff_1.o(.data)
    .bss                                     0x2000004c   Section     4316  main.o(.bss)
    .bss                                     0x20001128   Section       96  main.o(.bss)
    .bss                                     0x20001188   Section      560  fatfs.o(.bss)
    .bss                                     0x200013b8   Section     4150  b_tp.o(.bss)
    sg_b_tp_buf                              0x200013b8   Data        4128  b_tp.o(.bss)
    gs_tp_rec_info                           0x200023d8   Data          22  b_tp.o(.bss)
    .bss                                     0x200023ee   Section     4128  uart.o(.bss)
    .bss                                     0x2000340e   Section     4096  flash_drv.o(.bss)
    .bss                                     0x20004410   Section       32  ff_1.o(.bss)
    Files                                    0x20004410   Data          32  ff_1.o(.bss)
    .bss                                     0x20004430   Section       12  ff_gen_drv.o(.bss)
    STACK                                    0x20004440   Section     1024  startup_stm32f429xx.o(STACK)
    .ARM.__AT_0xC0000000                     0xc0000000   Section     4096  main.o(.ARM.__AT_0xC0000000)

    Global Symbols

    Symbol Name                              Value     Ov Type        Size  Object(Section)

    BuildAttributes$$THM_ISAv4$E$P$D$K$B$S$7EM$VFPi3$EXTD16$VFPS$VFMA$PE$A:L22UL41UL21$X:L11$S22US41US21$IEEE1$IW$USESV6$~STKCKD$USESV7$~SHL$OSPACE$EBA8$MICROLIB$REQ8$PRES8$EABIv2 0x00000000   Number         0  anon$$obj.o ABSOLUTE
    __ARM_use_no_argv                        0x00000000   Number         0  main.o ABSOLUTE
    __cpp_initialize__aeabi_                  - Undefined Weak Reference
    __cxa_finalize                            - Undefined Weak Reference
    __decompress                              - Undefined Weak Reference
    _clock_init                               - Undefined Weak Reference
    _microlib_exit                            - Undefined Weak Reference
    __Vectors_Size                           0x000001ac   Number         0  startup_stm32f429xx.o ABSOLUTE
    __Vectors                                0x08000000   Data           4  startup_stm32f429xx.o(RESET)
    __Vectors_End                            0x080001ac   Data           0  startup_stm32f429xx.o(RESET)
    __main                                   0x080001ad   Thumb Code     0  entry.o(.ARM.Collect$$$$00000000)
    _main_stk                                0x080001ad   Thumb Code     0  entry2.o(.ARM.Collect$$$$00000001)
    _main_scatterload                        0x080001b1   Thumb Code     0  entry5.o(.ARM.Collect$$$$00000004)
    __main_after_scatterload                 0x080001b5   Thumb Code     0  entry5.o(.ARM.Collect$$$$00000004)
    _main_clock                              0x080001b5   Thumb Code     0  entry7b.o(.ARM.Collect$$$$00000008)
    _main_cpp_init                           0x080001b5   Thumb Code     0  entry8b.o(.ARM.Collect$$$$0000000A)
    _main_init                               0x080001b5   Thumb Code     0  entry9a.o(.ARM.Collect$$$$0000000B)
    __rt_final_cpp                           0x080001bd   Thumb Code     0  entry10a.o(.ARM.Collect$$$$0000000D)
    __rt_final_exit                          0x080001bd   Thumb Code     0  entry11a.o(.ARM.Collect$$$$0000000F)
    Reset_Handler                            0x080001c1   Thumb Code     8  startup_stm32f429xx.o(.text)
    ADC_IRQHandler                           0x080001db   Thumb Code     0  startup_stm32f429xx.o(.text)
    CAN1_RX0_IRQHandler                      0x080001db   Thumb Code     0  startup_stm32f429xx.o(.text)
    CAN1_RX1_IRQHandler                      0x080001db   Thumb Code     0  startup_stm32f429xx.o(.text)
    CAN1_SCE_IRQHandler                      0x080001db   Thumb Code     0  startup_stm32f429xx.o(.text)
    CAN1_TX_IRQHandler                       0x080001db   Thumb Code     0  startup_stm32f429xx.o(.text)
    CAN2_RX0_IRQHandler                      0x080001db   Thumb Code     0  startup_stm32f429xx.o(.text)
    CAN2_RX1_IRQHandler                      0x080001db   Thumb Code     0  startup_stm32f429xx.o(.text)
    CAN2_SCE_IRQHandler                      0x080001db   Thumb Code     0  startup_stm32f429xx.o(.text)
    CAN2_TX_IRQHandler                       0x080001db   Thumb Code     0  startup_stm32f429xx.o(.text)
    DCMI_IRQHandler                          0x080001db   Thumb Code     0  startup_stm32f429xx.o(.text)
    DMA1_Stream0_IRQHandler                  0x080001db   Thumb Code     0  startup_stm32f429xx.o(.text)
    DMA1_Stream1_IRQHandler                  0x080001db   Thumb Code     0  startup_stm32f429xx.o(.text)
    DMA1_Stream2_IRQHandler                  0x080001db   Thumb Code     0  startup_stm32f429xx.o(.text)
    DMA1_Stream3_IRQHandler                  0x080001db   Thumb Code     0  startup_stm32f429xx.o(.text)
    DMA1_Stream4_IRQHandler                  0x080001db   Thumb Code     0  startup_stm32f429xx.o(.text)
    DMA1_Stream5_IRQHandler                  0x080001db   Thumb Code     0  startup_stm32f429xx.o(.text)
    DMA1_Stream6_IRQHandler                  0x080001db   Thumb Code     0  startup_stm32f429xx.o(.text)
    DMA1_Stream7_IRQHandler                  0x080001db   Thumb Code     0  startup_stm32f429xx.o(.text)
    DMA2D_IRQHandler                         0x080001db   Thumb Code     0  startup_stm32f429xx.o(.text)
    DMA2_Stream0_IRQHandler                  0x080001db   Thumb Code     0  startup_stm32f429xx.o(.text)
    DMA2_Stream1_IRQHandler                  0x080001db   Thumb Code     0  startup_stm32f429xx.o(.text)
    DMA2_Stream3_IRQHandler                  0x080001db   Thumb Code     0  startup_stm32f429xx.o(.text)
    DMA2_Stream4_IRQHandler                  0x080001db   Thumb Code     0  startup_stm32f429xx.o(.text)
    DMA2_Stream5_IRQHandler                  0x080001db   Thumb Code     0  startup_stm32f429xx.o(.text)
    DMA2_Stream6_IRQHandler                  0x080001db   Thumb Code     0  startup_stm32f429xx.o(.text)
    DMA2_Stream7_IRQHandler                  0x080001db   Thumb Code     0  startup_stm32f429xx.o(.text)
    ETH_IRQHandler                           0x080001db   Thumb Code     0  startup_stm32f429xx.o(.text)
    ETH_WKUP_IRQHandler                      0x080001db   Thumb Code     0  startup_stm32f429xx.o(.text)
    EXTI0_IRQHandler                         0x080001db   Thumb Code     0  startup_stm32f429xx.o(.text)
    EXTI15_10_IRQHandler                     0x080001db   Thumb Code     0  startup_stm32f429xx.o(.text)
    EXTI1_IRQHandler                         0x080001db   Thumb Code     0  startup_stm32f429xx.o(.text)
    EXTI2_IRQHandler                         0x080001db   Thumb Code     0  startup_stm32f429xx.o(.text)
    EXTI3_IRQHandler                         0x080001db   Thumb Code     0  startup_stm32f429xx.o(.text)
    EXTI4_IRQHandler                         0x080001db   Thumb Code     0  startup_stm32f429xx.o(.text)
    EXTI9_5_IRQHandler                       0x080001db   Thumb Code     0  startup_stm32f429xx.o(.text)
    FLASH_IRQHandler                         0x080001db   Thumb Code     0  startup_stm32f429xx.o(.text)
    FMC_IRQHandler                           0x080001db   Thumb Code     0  startup_stm32f429xx.o(.text)
    FPU_IRQHandler                           0x080001db   Thumb Code     0  startup_stm32f429xx.o(.text)
    HASH_RNG_IRQHandler                      0x080001db   Thumb Code     0  startup_stm32f429xx.o(.text)
    I2C1_ER_IRQHandler                       0x080001db   Thumb Code     0  startup_stm32f429xx.o(.text)
    I2C1_EV_IRQHandler                       0x080001db   Thumb Code     0  startup_stm32f429xx.o(.text)
    I2C2_ER_IRQHandler                       0x080001db   Thumb Code     0  startup_stm32f429xx.o(.text)
    I2C2_EV_IRQHandler                       0x080001db   Thumb Code     0  startup_stm32f429xx.o(.text)
    I2C3_ER_IRQHandler                       0x080001db   Thumb Code     0  startup_stm32f429xx.o(.text)
    I2C3_EV_IRQHandler                       0x080001db   Thumb Code     0  startup_stm32f429xx.o(.text)
    LTDC_ER_IRQHandler                       0x080001db   Thumb Code     0  startup_stm32f429xx.o(.text)
    LTDC_IRQHandler                          0x080001db   Thumb Code     0  startup_stm32f429xx.o(.text)
    OTG_FS_IRQHandler                        0x080001db   Thumb Code     0  startup_stm32f429xx.o(.text)
    OTG_FS_WKUP_IRQHandler                   0x080001db   Thumb Code     0  startup_stm32f429xx.o(.text)
    OTG_HS_EP1_IN_IRQHandler                 0x080001db   Thumb Code     0  startup_stm32f429xx.o(.text)
    OTG_HS_EP1_OUT_IRQHandler                0x080001db   Thumb Code     0  startup_stm32f429xx.o(.text)
    OTG_HS_IRQHandler                        0x080001db   Thumb Code     0  startup_stm32f429xx.o(.text)
    OTG_HS_WKUP_IRQHandler                   0x080001db   Thumb Code     0  startup_stm32f429xx.o(.text)
    PVD_IRQHandler                           0x080001db   Thumb Code     0  startup_stm32f429xx.o(.text)
    RCC_IRQHandler                           0x080001db   Thumb Code     0  startup_stm32f429xx.o(.text)
    RTC_Alarm_IRQHandler                     0x080001db   Thumb Code     0  startup_stm32f429xx.o(.text)
    RTC_WKUP_IRQHandler                      0x080001db   Thumb Code     0  startup_stm32f429xx.o(.text)
    SAI1_IRQHandler                          0x080001db   Thumb Code     0  startup_stm32f429xx.o(.text)
    SDIO_IRQHandler                          0x080001db   Thumb Code     0  startup_stm32f429xx.o(.text)
    SPI1_IRQHandler                          0x080001db   Thumb Code     0  startup_stm32f429xx.o(.text)
    SPI2_IRQHandler                          0x080001db   Thumb Code     0  startup_stm32f429xx.o(.text)
    SPI3_IRQHandler                          0x080001db   Thumb Code     0  startup_stm32f429xx.o(.text)
    SPI4_IRQHandler                          0x080001db   Thumb Code     0  startup_stm32f429xx.o(.text)
    SPI5_IRQHandler                          0x080001db   Thumb Code     0  startup_stm32f429xx.o(.text)
    SPI6_IRQHandler                          0x080001db   Thumb Code     0  startup_stm32f429xx.o(.text)
    TAMP_STAMP_IRQHandler                    0x080001db   Thumb Code     0  startup_stm32f429xx.o(.text)
    TIM1_BRK_TIM9_IRQHandler                 0x080001db   Thumb Code     0  startup_stm32f429xx.o(.text)
    TIM1_CC_IRQHandler                       0x080001db   Thumb Code     0  startup_stm32f429xx.o(.text)
    TIM1_TRG_COM_TIM11_IRQHandler            0x080001db   Thumb Code     0  startup_stm32f429xx.o(.text)
    TIM1_UP_TIM10_IRQHandler                 0x080001db   Thumb Code     0  startup_stm32f429xx.o(.text)
    TIM2_IRQHandler                          0x080001db   Thumb Code     0  startup_stm32f429xx.o(.text)
    TIM3_IRQHandler                          0x080001db   Thumb Code     0  startup_stm32f429xx.o(.text)
    TIM4_IRQHandler                          0x080001db   Thumb Code     0  startup_stm32f429xx.o(.text)
    TIM5_IRQHandler                          0x080001db   Thumb Code     0  startup_stm32f429xx.o(.text)
    TIM6_DAC_IRQHandler                      0x080001db   Thumb Code     0  startup_stm32f429xx.o(.text)
    TIM7_IRQHandler                          0x080001db   Thumb Code     0  startup_stm32f429xx.o(.text)
    TIM8_BRK_TIM12_IRQHandler                0x080001db   Thumb Code     0  startup_stm32f429xx.o(.text)
    TIM8_CC_IRQHandler                       0x080001db   Thumb Code     0  startup_stm32f429xx.o(.text)
    TIM8_TRG_COM_TIM14_IRQHandler            0x080001db   Thumb Code     0  startup_stm32f429xx.o(.text)
    TIM8_UP_TIM13_IRQHandler                 0x080001db   Thumb Code     0  startup_stm32f429xx.o(.text)
    UART4_IRQHandler                         0x080001db   Thumb Code     0  startup_stm32f429xx.o(.text)
    UART5_IRQHandler                         0x080001db   Thumb Code     0  startup_stm32f429xx.o(.text)
    UART7_IRQHandler                         0x080001db   Thumb Code     0  startup_stm32f429xx.o(.text)
    UART8_IRQHandler                         0x080001db   Thumb Code     0  startup_stm32f429xx.o(.text)
    USART2_IRQHandler                        0x080001db   Thumb Code     0  startup_stm32f429xx.o(.text)
    USART3_IRQHandler                        0x080001db   Thumb Code     0  startup_stm32f429xx.o(.text)
    USART6_IRQHandler                        0x080001db   Thumb Code     0  startup_stm32f429xx.o(.text)
    WWDG_IRQHandler                          0x080001db   Thumb Code     0  startup_stm32f429xx.o(.text)
    __aeabi_uldivmod                         0x080001e5   Thumb Code    98  uldiv.o(.text)
    __aeabi_memcpy                           0x08000247   Thumb Code    36  memcpya.o(.text)
    __aeabi_memcpy4                          0x08000247   Thumb Code     0  memcpya.o(.text)
    __aeabi_memcpy8                          0x08000247   Thumb Code     0  memcpya.o(.text)
    __aeabi_llsl                             0x0800026b   Thumb Code    30  llshl.o(.text)
    _ll_shift_l                              0x0800026b   Thumb Code     0  llshl.o(.text)
    __aeabi_llsr                             0x08000289   Thumb Code    32  llushr.o(.text)
    _ll_ushift_r                             0x08000289   Thumb Code     0  llushr.o(.text)
    __scatterload                            0x080002a9   Thumb Code    28  init.o(.text)
    __scatterload_rt2                        0x080002a9   Thumb Code     0  init.o(.text)
    BusFault_Handler                         0x080002cd   Thumb Code     2  stm32f4xx_it.o(i.BusFault_Handler)
    DMA2_Stream2_IRQHandler                  0x080002d1   Thumb Code     6  stm32f4xx_it.o(i.DMA2_Stream2_IRQHandler)
    DebugMon_Handler                         0x08000381   Thumb Code     2  stm32f4xx_it.o(i.DebugMon_Handler)
    FATFS_LinkDriver                         0x08000383   Thumb Code     6  ff_gen_drv.o(i.FATFS_LinkDriver)
    FATFS_LinkDriverEx                       0x08000389   Thumb Code    58  ff_gen_drv.o(i.FATFS_LinkDriverEx)
    FMC_SDRAM_Init                           0x080003c9   Thumb Code    80  stm32f4xx_ll_fmc.o(i.FMC_SDRAM_Init)
    FMC_SDRAM_ProgramRefreshRate             0x08000419   Thumb Code    12  stm32f4xx_ll_fmc.o(i.FMC_SDRAM_ProgramRefreshRate)
    FMC_SDRAM_SendCommand                    0x08000425   Thumb Code    72  stm32f4xx_ll_fmc.o(i.FMC_SDRAM_SendCommand)
    FMC_SDRAM_Timing_Init                    0x0800046d   Thumb Code   124  stm32f4xx_ll_fmc.o(i.FMC_SDRAM_Timing_Init)
    HAL_DMA_Abort                            0x080004ed   Thumb Code   142  stm32f4xx_hal_dma.o(i.HAL_DMA_Abort)
    HAL_DMA_Abort_IT                         0x0800057b   Thumb Code    36  stm32f4xx_hal_dma.o(i.HAL_DMA_Abort_IT)
    HAL_DMA_IRQHandler                       0x080005a1   Thumb Code   412  stm32f4xx_hal_dma.o(i.HAL_DMA_IRQHandler)
    HAL_DMA_Init                             0x08000741   Thumb Code   206  stm32f4xx_hal_dma.o(i.HAL_DMA_Init)
    HAL_DMA_Start_IT                         0x08000815   Thumb Code   120  stm32f4xx_hal_dma.o(i.HAL_DMA_Start_IT)
    HAL_Delay                                0x0800088d   Thumb Code    32  stm32f4xx_hal.o(i.HAL_Delay)
    HAL_GPIO_Init                            0x08000969   Thumb Code   408  stm32f4xx_hal_gpio.o(i.HAL_GPIO_Init)
    HAL_GPIO_WritePin                        0x08000b35   Thumb Code    10  stm32f4xx_hal_gpio.o(i.HAL_GPIO_WritePin)
    HAL_GetTick                              0x08000b41   Thumb Code     6  stm32f4xx_hal.o(i.HAL_GetTick)
    HAL_IncTick                              0x08000b4d   Thumb Code    12  stm32f4xx_hal.o(i.HAL_IncTick)
    HAL_Init                                 0x08000b5d   Thumb Code    48  stm32f4xx_hal.o(i.HAL_Init)
    HAL_InitTick                             0x08000b91   Thumb Code    54  stm32f4xx_hal.o(i.HAL_InitTick)
    HAL_MspInit                              0x08000bd1   Thumb Code   126  stm32f4xx_hal_msp.o(i.HAL_MspInit)
    HAL_NVIC_EnableIRQ                       0x08000c55   Thumb Code    22  stm32f4xx_hal_cortex.o(i.HAL_NVIC_EnableIRQ)
    HAL_NVIC_SetPriority                     0x08000c6d   Thumb Code    60  stm32f4xx_hal_cortex.o(i.HAL_NVIC_SetPriority)
    HAL_NVIC_SetPriorityGrouping             0x08000cad   Thumb Code    26  stm32f4xx_hal_cortex.o(i.HAL_NVIC_SetPriorityGrouping)
    HAL_PWREx_EnableOverDrive                0x08000cd1   Thumb Code    98  stm32f4xx_hal_pwr_ex.o(i.HAL_PWREx_EnableOverDrive)
    HAL_RCC_ClockConfig                      0x08000d41   Thumb Code   286  stm32f4xx_hal_rcc.o(i.HAL_RCC_ClockConfig)
    HAL_RCC_GetHCLKFreq                      0x08000e71   Thumb Code     6  stm32f4xx_hal_rcc.o(i.HAL_RCC_GetHCLKFreq)
    HAL_RCC_GetPCLK1Freq                     0x08000e7d   Thumb Code    20  stm32f4xx_hal_rcc.o(i.HAL_RCC_GetPCLK1Freq)
    HAL_RCC_GetPCLK2Freq                     0x08000e9d   Thumb Code    20  stm32f4xx_hal_rcc.o(i.HAL_RCC_GetPCLK2Freq)
    HAL_RCC_GetSysClockFreq                  0x08000ebd   Thumb Code    88  stm32f4xx_hal_rcc.o(i.HAL_RCC_GetSysClockFreq)
    HAL_RCC_OscConfig                        0x08000f21   Thumb Code   770  stm32f4xx_hal_rcc.o(i.HAL_RCC_OscConfig)
    HAL_SDRAM_Init                           0x0800123d   Thumb Code    66  stm32f4xx_hal_sdram.o(i.HAL_SDRAM_Init)
    HAL_SDRAM_MspInit                        0x0800127f   Thumb Code     4  stm32f4xx_hal_msp.o(i.HAL_SDRAM_MspInit)
    HAL_SDRAM_ProgramRefreshRate             0x08001283   Thumb Code    34  stm32f4xx_hal_sdram.o(i.HAL_SDRAM_ProgramRefreshRate)
    HAL_SDRAM_SendCommand                    0x080012a5   Thumb Code    48  stm32f4xx_hal_sdram.o(i.HAL_SDRAM_SendCommand)
    HAL_SPI_Init                             0x080012d5   Thumb Code   128  stm32f4xx_hal_spi.o(i.HAL_SPI_Init)
    HAL_SPI_MspInit                          0x08001355   Thumb Code    64  stm32f4xx_hal_msp.o(i.HAL_SPI_MspInit)
    HAL_SPI_Receive                          0x080013a1   Thumb Code   336  stm32f4xx_hal_spi.o(i.HAL_SPI_Receive)
    HAL_SPI_Transmit                         0x080014f1   Thumb Code   360  stm32f4xx_hal_spi.o(i.HAL_SPI_Transmit)
    HAL_SPI_TransmitReceive                  0x08001659   Thumb Code   472  stm32f4xx_hal_spi.o(i.HAL_SPI_TransmitReceive)
    HAL_SYSTICK_CLKSourceConfig              0x08001831   Thumb Code    24  stm32f4xx_hal_cortex.o(i.HAL_SYSTICK_CLKSourceConfig)
    HAL_SYSTICK_Callback                     0x08001849   Thumb Code     2  stm32f4xx_hal_cortex.o(i.HAL_SYSTICK_Callback)
    HAL_SYSTICK_Config                       0x0800184b   Thumb Code    40  stm32f4xx_hal_cortex.o(i.HAL_SYSTICK_Config)
    HAL_SYSTICK_IRQHandler                   0x08001873   Thumb Code     8  stm32f4xx_hal_cortex.o(i.HAL_SYSTICK_IRQHandler)
    HAL_UART_DMAStop                         0x0800187b   Thumb Code    88  stm32f4xx_hal_uart.o(i.HAL_UART_DMAStop)
    HAL_UART_ErrorCallback                   0x080018d3   Thumb Code     2  stm32f4xx_hal_uart.o(i.HAL_UART_ErrorCallback)
    HAL_UART_IRQHandler                      0x080018d5   Thumb Code   266  stm32f4xx_hal_uart.o(i.HAL_UART_IRQHandler)
    HAL_UART_Init                            0x080019e5   Thumb Code    98  stm32f4xx_hal_uart.o(i.HAL_UART_Init)
    HAL_UART_MspInit                         0x08001a49   Thumb Code   136  stm32f4xx_hal_msp.o(i.HAL_UART_MspInit)
    HAL_UART_Receive_DMA                     0x08001b01   Thumb Code   138  stm32f4xx_hal_uart.o(i.HAL_UART_Receive_DMA)
    HAL_UART_RxCpltCallback                  0x08001b99   Thumb Code     2  stm32f4xx_hal_uart.o(i.HAL_UART_RxCpltCallback)
    HAL_UART_RxHalfCpltCallback              0x08001b9b   Thumb Code     2  stm32f4xx_hal_uart.o(i.HAL_UART_RxHalfCpltCallback)
    HAL_UART_Transmit                        0x08001b9d   Thumb Code   186  stm32f4xx_hal_uart.o(i.HAL_UART_Transmit)
    HAL_UART_TxCpltCallback                  0x08001c57   Thumb Code     2  stm32f4xx_hal_uart.o(i.HAL_UART_TxCpltCallback)
    HardFault_Handler                        0x08001c59   Thumb Code     2  stm32f4xx_it.o(i.HardFault_Handler)
    MX_FATFS_Init                            0x08001c5d   Thumb Code    18  fatfs.o(i.MX_FATFS_Init)
    MemManage_Handler                        0x08001dc1   Thumb Code     2  stm32f4xx_it.o(i.MemManage_Handler)
    NMI_Handler                              0x08001dc3   Thumb Code     2  stm32f4xx_it.o(i.NMI_Handler)
    PendSV_Handler                           0x08001de5   Thumb Code     2  stm32f4xx_it.o(i.PendSV_Handler)
    SVC_Handler                              0x08001f15   Thumb Code     2  stm32f4xx_it.o(i.SVC_Handler)
    SysTick_Handler                          0x08001f17   Thumb Code    14  stm32f4xx_it.o(i.SysTick_Handler)
    SystemClock_Config                       0x08001f25   Thumb Code   160  main.o(i.SystemClock_Config)
    SystemInit                               0x08001fcd   Thumb Code    66  system_stm32f4xx.o(i.SystemInit)
    USART1_IRQHandler                        0x080024f1   Thumb Code    28  stm32f4xx_it.o(i.USART1_IRQHandler)
    USER_initialize                          0x08002511   Thumb Code    16  user_diskio.o(i.USER_initialize)
    USER_ioctl                               0x08002525   Thumb Code    50  user_diskio.o(i.USER_ioctl)
    USER_read                                0x08002557   Thumb Code    46  user_diskio.o(i.USER_read)
    USER_status                              0x08002585   Thumb Code    16  user_diskio.o(i.USER_status)
    USER_write                               0x08002599   Thumb Code    46  user_diskio.o(i.USER_write)
    UsageFault_Handler                       0x080025c7   Thumb Code     2  stm32f4xx_it.o(i.UsageFault_Handler)
    _Error_Handler                           0x080025c9   Thumb Code     2  main.o(i._Error_Handler)
    __scatterload_copy                       0x080025cb   Thumb Code    14  handlers.o(i.__scatterload_copy)
    __scatterload_null                       0x080025d9   Thumb Code     2  handlers.o(i.__scatterload_null)
    __scatterload_zeroinit                   0x080025db   Thumb Code    14  handlers.o(i.__scatterload_zeroinit)
    _b_tp_rec_check_head                     0x08002609   Thumb Code     4  b_tp.o(i._b_tp_rec_check_head)
    _b_tp_send_set_head                      0x0800262d   Thumb Code     2  b_tp.o(i._b_tp_send_set_head)
    b_tp_port_send                           0x080026f3   Thumb Code    10  b_tp_port.o(i.b_tp_port_send)
    b_tp_receive_data                        0x080026fd   Thumb Code   290  b_tp.o(i.b_tp_receive_data)
    b_tp_reg_callback                        0x08002829   Thumb Code    14  b_tp.o(i.b_tp_reg_callback)
    b_tp_send_data                           0x0800283d   Thumb Code    96  b_tp.o(i.b_tp_send_data)
    crc16                                    0x0800292d   Thumb Code    48  crc16.o(i.crc16)
    disk_initialize                          0x0800295d   Thumb Code    36  diskio_1.o(i.disk_initialize)
    disk_ioctl                               0x08002985   Thumb Code    24  diskio_1.o(i.disk_ioctl)
    disk_read                                0x080029a1   Thumb Code    24  diskio_1.o(i.disk_read)
    disk_status                              0x080029bd   Thumb Code    18  diskio_1.o(i.disk_status)
    disk_write                               0x080029d5   Thumb Code    24  diskio_1.o(i.disk_write)
    f_mkfs                                   0x080029f1   Thumb Code  1352  ff_1.o(i.f_mkfs)
    f_mount                                  0x08002f3d   Thumb Code    84  ff_1.o(i.f_mount)
    f_spi_read                               0x08002f95   Thumb Code    14  flash_drv.o(i.f_spi_read)
    f_spi_rw_byte                            0x08002fa9   Thumb Code    28  flash_drv.o(i.f_spi_rw_byte)
    f_spi_write                              0x08002fc9   Thumb Code    14  flash_drv.o(i.f_spi_write)
    flash_erase_xsector                      0x08003231   Thumb Code   104  flash_drv.o(i.flash_erase_xsector)
    flash_init                               0x080032a1   Thumb Code    80  flash_drv.o(i.flash_init)
    flash_read_buf                           0x080032f9   Thumb Code    90  flash_drv.o(i.flash_read_buf)
    flash_write_buf                          0x080033a5   Thumb Code   128  flash_drv.o(i.flash_write_buf)
    flash_write_buf_plus                     0x08003429   Thumb Code   156  flash_drv.o(i.flash_write_buf_plus)
    get_fattime                              0x08003555   Thumb Code     4  fatfs.o(i.get_fattime)
    main                                     0x080035b5   Thumb Code   232  main.o(i.main)
    pro_file_ack                             0x08003731   Thumb Code    12  protocol.o(i.pro_file_ack)
    protocol_cb                              0x0800373d   Thumb Code    94  protocol.o(i.protocol_cb)
    protocol_init                            0x0800379d   Thumb Code     6  protocol.o(i.protocol_init)
    protocol_send                            0x080037a9   Thumb Code    42  protocol.o(i.protocol_send)
    uart1_idle_cb                            0x0800383d   Thumb Code    56  uart.o(i.uart1_idle_cb)
    uart_rec_start                           0x08003885   Thumb Code    30  uart.o(i.uart_rec_start)
    uart_send_buf                            0x080038ad   Thumb Code    20  uart.o(i.uart_send_buf)
    AHBPrescTable                            0x080038cc   Data          16  system_stm32f4xx.o(.constdata)
    APBPrescTable                            0x080038dc   Data           8  system_stm32f4xx.o(.constdata)
    Region$$Table$$Base                      0x08003900   Number         0  anon$$obj.o(Region$$Table)
    Region$$Table$$Limit                     0x08003920   Number         0  anon$$obj.o(Region$$Table)
    USER_Driver                              0x20000004   Data          20  user_diskio.o(.data)
    retUSER                                  0x20000018   Data           1  fatfs.o(.data)
    USERPath                                 0x20000019   Data           4  fatfs.o(.data)
    uwTickFreq                               0x20000028   Data           1  stm32f4xx_hal.o(.data)
    uwTickPrio                               0x2000002c   Data           4  stm32f4xx_hal.o(.data)
    uwTick                                   0x20000030   Data           4  stm32f4xx_hal.o(.data)
    SystemCoreClock                          0x20000034   Data           4  system_stm32f4xx.o(.data)
    hspi5                                    0x2000004c   Data          88  main.o(.bss)
    huart1                                   0x200000a4   Data          64  main.o(.bss)
    hsdram1                                  0x200000e4   Data          52  main.o(.bss)
    command                                  0x20000118   Data          16  main.o(.bss)
    fs_tmp                                   0x20000128   Data        4096  main.o(.bss)
    hdma_usart1_rx                           0x20001128   Data          96  main.o(.bss)
    USERFatFS                                0x20001188   Data         560  fatfs.o(.bss)
    dma_buf                                  0x200023ee   Data        4128  uart.o(.bss)
    tmp_buf                                  0x2000340e   Data        4096  flash_drv.o(.bss)
    disk                                     0x20004430   Data          12  ff_gen_drv.o(.bss)
    __initial_sp                             0x20004840   Data           0  startup_stm32f429xx.o(STACK)
    test_tmp                                 0xc0000000   Data        4096  main.o(.ARM.__AT_0xC0000000)



==============================================================================

Memory Map of the image

  Image Entry point : 0x080001ad

  Load Region LR_IROM1 (Base: 0x08000000, Size: 0x0000396c, Max: 0x00100000, ABSOLUTE)

    Execution Region ER_IROM1 (Exec base: 0x08000000, Load base: 0x08000000, Size: 0x00003920, Max: 0x00100000, ABSOLUTE)

    Exec Addr    Load Addr    Size         Type   Attr      Idx    E Section Name        Object

    0x08000000   0x08000000   0x000001ac   Data   RO            3    RESET               startup_stm32f429xx.o
    0x080001ac   0x080001ac   0x00000000   Code   RO         3419  * .ARM.Collect$$$$00000000  mc_w.l(entry.o)
    0x080001ac   0x080001ac   0x00000004   Code   RO         3428    .ARM.Collect$$$$00000001  mc_w.l(entry2.o)
    0x080001b0   0x080001b0   0x00000004   Code   RO         3431    .ARM.Collect$$$$00000004  mc_w.l(entry5.o)
    0x080001b4   0x080001b4   0x00000000   Code   RO         3433    .ARM.Collect$$$$00000008  mc_w.l(entry7b.o)
    0x080001b4   0x080001b4   0x00000000   Code   RO         3435    .ARM.Collect$$$$0000000A  mc_w.l(entry8b.o)
    0x080001b4   0x080001b4   0x00000008   Code   RO         3436    .ARM.Collect$$$$0000000B  mc_w.l(entry9a.o)
    0x080001bc   0x080001bc   0x00000000   Code   RO         3438    .ARM.Collect$$$$0000000D  mc_w.l(entry10a.o)
    0x080001bc   0x080001bc   0x00000000   Code   RO         3440    .ARM.Collect$$$$0000000F  mc_w.l(entry11a.o)
    0x080001bc   0x080001bc   0x00000004   Code   RO         3429    .ARM.Collect$$$$00002712  mc_w.l(entry2.o)
    0x080001c0   0x080001c0   0x00000024   Code   RO            4    .text               startup_stm32f429xx.o
    0x080001e4   0x080001e4   0x00000062   Code   RO         3422    .text               mc_w.l(uldiv.o)
    0x08000246   0x08000246   0x00000024   Code   RO         3424    .text               mc_w.l(memcpya.o)
    0x0800026a   0x0800026a   0x0000001e   Code   RO         3442    .text               mc_w.l(llshl.o)
    0x08000288   0x08000288   0x00000020   Code   RO         3444    .text               mc_w.l(llushr.o)
    0x080002a8   0x080002a8   0x00000024   Code   RO         3446    .text               mc_w.l(init.o)
    0x080002cc   0x080002cc   0x00000002   Code   RO          309    i.BusFault_Handler  stm32f4xx_it.o
    0x080002ce   0x080002ce   0x00000002   PAD
    0x080002d0   0x080002d0   0x0000000c   Code   RO          310    i.DMA2_Stream2_IRQHandler  stm32f4xx_it.o
    0x080002dc   0x080002dc   0x00000028   Code   RO         1991    i.DMA_CalcBaseAndBitshift  stm32f4xx_hal_dma.o
    0x08000304   0x08000304   0x00000054   Code   RO         1992    i.DMA_CheckFifoParam  stm32f4xx_hal_dma.o
    0x08000358   0x08000358   0x00000028   Code   RO         1993    i.DMA_SetConfig     stm32f4xx_hal_dma.o
    0x08000380   0x08000380   0x00000002   Code   RO          311    i.DebugMon_Handler  stm32f4xx_it.o
    0x08000382   0x08000382   0x00000006   Code   RO         3372    i.FATFS_LinkDriver  ff_gen_drv.o
    0x08000388   0x08000388   0x00000040   Code   RO         3373    i.FATFS_LinkDriverEx  ff_gen_drv.o
    0x080003c8   0x080003c8   0x00000050   Code   RO          485    i.FMC_SDRAM_Init    stm32f4xx_ll_fmc.o
    0x08000418   0x08000418   0x0000000c   Code   RO          486    i.FMC_SDRAM_ProgramRefreshRate  stm32f4xx_ll_fmc.o
    0x08000424   0x08000424   0x00000048   Code   RO          487    i.FMC_SDRAM_SendCommand  stm32f4xx_ll_fmc.o
    0x0800046c   0x0800046c   0x00000080   Code   RO          489    i.FMC_SDRAM_Timing_Init  stm32f4xx_ll_fmc.o
    0x080004ec   0x080004ec   0x0000008e   Code   RO         1994    i.HAL_DMA_Abort     stm32f4xx_hal_dma.o
    0x0800057a   0x0800057a   0x00000024   Code   RO         1995    i.HAL_DMA_Abort_IT  stm32f4xx_hal_dma.o
    0x0800059e   0x0800059e   0x00000002   PAD
    0x080005a0   0x080005a0   0x000001a0   Code   RO         1999    i.HAL_DMA_IRQHandler  stm32f4xx_hal_dma.o
    0x08000740   0x08000740   0x000000d4   Code   RO         2000    i.HAL_DMA_Init      stm32f4xx_hal_dma.o
    0x08000814   0x08000814   0x00000078   Code   RO         2004    i.HAL_DMA_Start_IT  stm32f4xx_hal_dma.o
    0x0800088c   0x0800088c   0x00000024   Code   RO         2431    i.HAL_Delay         stm32f4xx_hal.o
    0x080008b0   0x080008b0   0x000000b8   Code   RO          397    i.HAL_FMC_MspInit   stm32f4xx_hal_msp.o
    0x08000968   0x08000968   0x000001cc   Code   RO         1887    i.HAL_GPIO_Init     stm32f4xx_hal_gpio.o
    0x08000b34   0x08000b34   0x0000000a   Code   RO         1891    i.HAL_GPIO_WritePin  stm32f4xx_hal_gpio.o
    0x08000b3e   0x08000b3e   0x00000002   PAD
    0x08000b40   0x08000b40   0x0000000c   Code   RO         2439    i.HAL_GetTick       stm32f4xx_hal.o
    0x08000b4c   0x08000b4c   0x00000010   Code   RO         2443    i.HAL_IncTick       stm32f4xx_hal.o
    0x08000b5c   0x08000b5c   0x00000034   Code   RO         2444    i.HAL_Init          stm32f4xx_hal.o
    0x08000b90   0x08000b90   0x00000040   Code   RO         2445    i.HAL_InitTick      stm32f4xx_hal.o
    0x08000bd0   0x08000bd0   0x00000084   Code   RO          398    i.HAL_MspInit       stm32f4xx_hal_msp.o
    0x08000c54   0x08000c54   0x00000016   Code   RO         2294    i.HAL_NVIC_EnableIRQ  stm32f4xx_hal_cortex.o
    0x08000c6a   0x08000c6a   0x00000002   PAD
    0x08000c6c   0x08000c6c   0x00000040   Code   RO         2300    i.HAL_NVIC_SetPriority  stm32f4xx_hal_cortex.o
    0x08000cac   0x08000cac   0x00000024   Code   RO         2301    i.HAL_NVIC_SetPriorityGrouping  stm32f4xx_hal_cortex.o
    0x08000cd0   0x08000cd0   0x00000070   Code   RO         2223    i.HAL_PWREx_EnableOverDrive  stm32f4xx_hal_pwr_ex.o
    0x08000d40   0x08000d40   0x00000130   Code   RO         1481    i.HAL_RCC_ClockConfig  stm32f4xx_hal_rcc.o
    0x08000e70   0x08000e70   0x0000000c   Code   RO         1486    i.HAL_RCC_GetHCLKFreq  stm32f4xx_hal_rcc.o
    0x08000e7c   0x08000e7c   0x00000020   Code   RO         1488    i.HAL_RCC_GetPCLK1Freq  stm32f4xx_hal_rcc.o
    0x08000e9c   0x08000e9c   0x00000020   Code   RO         1489    i.HAL_RCC_GetPCLK2Freq  stm32f4xx_hal_rcc.o
    0x08000ebc   0x08000ebc   0x00000064   Code   RO         1490    i.HAL_RCC_GetSysClockFreq  stm32f4xx_hal_rcc.o
    0x08000f20   0x08000f20   0x0000031c   Code   RO         1493    i.HAL_RCC_OscConfig  stm32f4xx_hal_rcc.o
    0x0800123c   0x0800123c   0x00000042   Code   RO          651    i.HAL_SDRAM_Init    stm32f4xx_hal_sdram.o
    0x0800127e   0x0800127e   0x00000004   Code   RO          400    i.HAL_SDRAM_MspInit  stm32f4xx_hal_msp.o
    0x08001282   0x08001282   0x00000022   Code   RO          654    i.HAL_SDRAM_ProgramRefreshRate  stm32f4xx_hal_sdram.o
    0x080012a4   0x080012a4   0x00000030   Code   RO          660    i.HAL_SDRAM_SendCommand  stm32f4xx_hal_sdram.o
    0x080012d4   0x080012d4   0x00000080   Code   RO          812    i.HAL_SPI_Init      stm32f4xx_hal_spi.o
    0x08001354   0x08001354   0x0000004c   Code   RO          402    i.HAL_SPI_MspInit   stm32f4xx_hal_msp.o
    0x080013a0   0x080013a0   0x00000150   Code   RO          815    i.HAL_SPI_Receive   stm32f4xx_hal_spi.o
    0x080014f0   0x080014f0   0x00000168   Code   RO          820    i.HAL_SPI_Transmit  stm32f4xx_hal_spi.o
    0x08001658   0x08001658   0x000001d8   Code   RO          821    i.HAL_SPI_TransmitReceive  stm32f4xx_hal_spi.o
    0x08001830   0x08001830   0x00000018   Code   RO         2303    i.HAL_SYSTICK_CLKSourceConfig  stm32f4xx_hal_cortex.o
    0x08001848   0x08001848   0x00000002   Code   RO         2304    i.HAL_SYSTICK_Callback  stm32f4xx_hal_cortex.o
    0x0800184a   0x0800184a   0x00000028   Code   RO         2305    i.HAL_SYSTICK_Config  stm32f4xx_hal_cortex.o
    0x08001872   0x08001872   0x00000008   Code   RO         2306    i.HAL_SYSTICK_IRQHandler  stm32f4xx_hal_cortex.o
    0x0800187a   0x0800187a   0x00000058   Code   RO         1173    i.HAL_UART_DMAStop  stm32f4xx_hal_uart.o
    0x080018d2   0x080018d2   0x00000002   Code   RO         1175    i.HAL_UART_ErrorCallback  stm32f4xx_hal_uart.o
    0x080018d4   0x080018d4   0x00000110   Code   RO         1178    i.HAL_UART_IRQHandler  stm32f4xx_hal_uart.o
    0x080019e4   0x080019e4   0x00000062   Code   RO         1179    i.HAL_UART_Init     stm32f4xx_hal_uart.o
    0x08001a46   0x08001a46   0x00000002   PAD
    0x08001a48   0x08001a48   0x000000b8   Code   RO          404    i.HAL_UART_MspInit  stm32f4xx_hal_msp.o
    0x08001b00   0x08001b00   0x00000098   Code   RO         1183    i.HAL_UART_Receive_DMA  stm32f4xx_hal_uart.o
    0x08001b98   0x08001b98   0x00000002   Code   RO         1185    i.HAL_UART_RxCpltCallback  stm32f4xx_hal_uart.o
    0x08001b9a   0x08001b9a   0x00000002   Code   RO         1186    i.HAL_UART_RxHalfCpltCallback  stm32f4xx_hal_uart.o
    0x08001b9c   0x08001b9c   0x000000ba   Code   RO         1187    i.HAL_UART_Transmit  stm32f4xx_hal_uart.o
    0x08001c56   0x08001c56   0x00000002   Code   RO         1190    i.HAL_UART_TxCpltCallback  stm32f4xx_hal_uart.o
    0x08001c58   0x08001c58   0x00000002   Code   RO          312    i.HardFault_Handler  stm32f4xx_it.o
    0x08001c5a   0x08001c5a   0x00000002   PAD
    0x08001c5c   0x08001c5c   0x0000001c   Code   RO          271    i.MX_FATFS_Init     fatfs.o
    0x08001c78   0x08001c78   0x00000060   Code   RO           13    i.MX_FMC_Init       main.o
    0x08001cd8   0x08001cd8   0x000000a8   Code   RO           14    i.MX_GPIO_Init      main.o
    0x08001d80   0x08001d80   0x00000040   Code   RO           15    i.MX_SPI5_Init      main.o
    0x08001dc0   0x08001dc0   0x00000002   Code   RO          313    i.MemManage_Handler  stm32f4xx_it.o
    0x08001dc2   0x08001dc2   0x00000002   Code   RO          314    i.NMI_Handler       stm32f4xx_it.o
    0x08001dc4   0x08001dc4   0x00000020   Code   RO         2307    i.NVIC_SetPriority  stm32f4xx_hal_cortex.o
    0x08001de4   0x08001de4   0x00000002   Code   RO          315    i.PendSV_Handler    stm32f4xx_it.o
    0x08001de6   0x08001de6   0x00000078   Code   RO           16    i.SDRAM_Initialization_Sequence  main.o
    0x08001e5e   0x08001e5e   0x00000020   Code   RO          836    i.SPI_CheckFlag_BSY  stm32f4xx_hal_spi.o
    0x08001e7e   0x08001e7e   0x00000096   Code   RO          854    i.SPI_WaitFlagStateUntilTimeout  stm32f4xx_hal_spi.o
    0x08001f14   0x08001f14   0x00000002   Code   RO          316    i.SVC_Handler       stm32f4xx_it.o
    0x08001f16   0x08001f16   0x0000000e   Code   RO          317    i.SysTick_Handler   stm32f4xx_it.o
    0x08001f24   0x08001f24   0x000000a8   Code   RO           17    i.SystemClock_Config  main.o
    0x08001fcc   0x08001fcc   0x00000054   Code   RO         2608    i.SystemInit        system_stm32f4xx.o
    0x08002020   0x08002020   0x00000010   Code   RO         1192    i.UART_DMAAbortOnError  stm32f4xx_hal_uart.o
    0x08002030   0x08002030   0x0000004a   Code   RO         1193    i.UART_DMAError     stm32f4xx_hal_uart.o
    0x0800207a   0x0800207a   0x0000003c   Code   RO         1194    i.UART_DMAReceiveCplt  stm32f4xx_hal_uart.o
    0x080020b6   0x080020b6   0x0000000a   Code   RO         1196    i.UART_DMARxHalfCplt  stm32f4xx_hal_uart.o
    0x080020c0   0x080020c0   0x0000001c   Code   RO         1202    i.UART_EndRxTransfer  stm32f4xx_hal_uart.o
    0x080020dc   0x080020dc   0x00000012   Code   RO         1203    i.UART_EndTxTransfer  stm32f4xx_hal_uart.o
    0x080020ee   0x080020ee   0x0000008c   Code   RO         1204    i.UART_Receive_IT   stm32f4xx_hal_uart.o
    0x0800217a   0x0800217a   0x00000002   PAD
    0x0800217c   0x0800217c   0x000002ac   Code   RO         1205    i.UART_SetConfig    stm32f4xx_hal_uart.o
    0x08002428   0x08002428   0x00000062   Code   RO         1206    i.UART_Transmit_IT  stm32f4xx_hal_uart.o
    0x0800248a   0x0800248a   0x00000064   Code   RO         1207    i.UART_WaitOnFlagUntilTimeout  stm32f4xx_hal_uart.o
    0x080024ee   0x080024ee   0x00000002   PAD
    0x080024f0   0x080024f0   0x00000020   Code   RO          318    i.USART1_IRQHandler  stm32f4xx_it.o
    0x08002510   0x08002510   0x00000014   Code   RO          209    i.USER_initialize   user_diskio.o
    0x08002524   0x08002524   0x00000032   Code   RO          210    i.USER_ioctl        user_diskio.o
    0x08002556   0x08002556   0x0000002e   Code   RO          211    i.USER_read         user_diskio.o
    0x08002584   0x08002584   0x00000014   Code   RO          212    i.USER_status       user_diskio.o
    0x08002598   0x08002598   0x0000002e   Code   RO          213    i.USER_write        user_diskio.o
    0x080025c6   0x080025c6   0x00000002   Code   RO          319    i.UsageFault_Handler  stm32f4xx_it.o
    0x080025c8   0x080025c8   0x00000002   Code   RO           18    i._Error_Handler    main.o
    0x080025ca   0x080025ca   0x0000000e   Code   RO         3450    i.__scatterload_copy  mc_w.l(handlers.o)
    0x080025d8   0x080025d8   0x00000002   Code   RO         3451    i.__scatterload_null  mc_w.l(handlers.o)
    0x080025da   0x080025da   0x0000000e   Code   RO         3452    i.__scatterload_zeroinit  mc_w.l(handlers.o)
    0x080025e8   0x080025e8   0x00000020   Code   RO         2642    i._b_tp_check_data  b_tp.o
    0x08002608   0x08002608   0x00000004   Code   RO         2643    i._b_tp_rec_check_head  b_tp.o
    0x0800260c   0x0800260c   0x00000020   Code   RO         2644    i._b_tp_reset_rec_info  b_tp.o
    0x0800262c   0x0800262c   0x00000002   Code   RO         2645    i._b_tp_send_set_head  b_tp.o
    0x0800262e   0x0800262e   0x00000002   PAD
    0x08002630   0x08002630   0x000000c2   Code   RO         2646    i._b_tp_unpack_send  b_tp.o
    0x080026f2   0x080026f2   0x0000000a   Code   RO         2732    i.b_tp_port_send    b_tp_port.o
    0x080026fc   0x080026fc   0x0000012c   Code   RO         2647    i.b_tp_receive_data  b_tp.o
    0x08002828   0x08002828   0x00000014   Code   RO         2648    i.b_tp_reg_callback  b_tp.o
    0x0800283c   0x0800283c   0x00000060   Code   RO         2649    i.b_tp_send_data    b_tp.o
    0x0800289c   0x0800289c   0x00000070   Code   RO         3036    i.check_fs          ff_1.o
    0x0800290c   0x0800290c   0x00000020   Code   RO         3038    i.clear_lock        ff_1.o
    0x0800292c   0x0800292c   0x00000030   Code   RO         2714    i.crc16             crc16.o
    0x0800295c   0x0800295c   0x00000028   Code   RO         2981    i.disk_initialize   diskio_1.o
    0x08002984   0x08002984   0x0000001c   Code   RO         2982    i.disk_ioctl        diskio_1.o
    0x080029a0   0x080029a0   0x0000001c   Code   RO         2983    i.disk_read         diskio_1.o
    0x080029bc   0x080029bc   0x00000018   Code   RO         2984    i.disk_status       diskio_1.o
    0x080029d4   0x080029d4   0x0000001c   Code   RO         2985    i.disk_write        diskio_1.o
    0x080029f0   0x080029f0   0x0000054c   Code   RO         3056    i.f_mkfs            ff_1.o
    0x08002f3c   0x08002f3c   0x00000058   Code   RO         3057    i.f_mount           ff_1.o
    0x08002f94   0x08002f94   0x00000014   Code   RO         2850    i.f_spi_read        flash_drv.o
    0x08002fa8   0x08002fa8   0x00000020   Code   RO         2851    i.f_spi_rw_byte     flash_drv.o
    0x08002fc8   0x08002fc8   0x00000014   Code   RO         2852    i.f_spi_write       flash_drv.o
    0x08002fdc   0x08002fdc   0x00000254   Code   RO         3071    i.find_volume       ff_1.o
    0x08003230   0x08003230   0x00000070   Code   RO         2855    i.flash_erase_xsector  flash_drv.o
    0x080032a0   0x080032a0   0x00000058   Code   RO         2856    i.flash_init        flash_drv.o
    0x080032f8   0x080032f8   0x00000064   Code   RO         2858    i.flash_read_buf    flash_drv.o
    0x0800335c   0x0800335c   0x00000048   Code   RO         2859    i.flash_wait_write_end  flash_drv.o
    0x080033a4   0x080033a4   0x00000084   Code   RO         2861    i.flash_write_buf   flash_drv.o
    0x08003428   0x08003428   0x000000a0   Code   RO         2862    i.flash_write_buf_plus  flash_drv.o
    0x080034c8   0x080034c8   0x00000028   Code   RO         2863    i.flash_write_enable  flash_drv.o
    0x080034f0   0x080034f0   0x00000064   Code   RO         2864    i.flash_write_page  flash_drv.o
    0x08003554   0x08003554   0x00000004   Code   RO          272    i.get_fattime       fatfs.o
    0x08003558   0x08003558   0x0000003c   Code   RO         3075    i.get_ldnumber      ff_1.o
    0x08003594   0x08003594   0x00000016   Code   RO         3078    i.ld_dword          ff_1.o
    0x080035aa   0x080035aa   0x0000000a   Code   RO         3079    i.ld_word           ff_1.o
    0x080035b4   0x080035b4   0x00000128   Code   RO           19    i.main              main.o
    0x080036dc   0x080036dc   0x00000012   Code   RO         3080    i.mem_cpy           ff_1.o
    0x080036ee   0x080036ee   0x00000002   PAD
    0x080036f0   0x080036f0   0x0000000e   Code   RO         3081    i.mem_set           ff_1.o
    0x080036fe   0x080036fe   0x00000032   Code   RO         3082    i.move_window       ff_1.o
    0x08003730   0x08003730   0x0000000c   Code   RO         2762    i.pro_file_ack      protocol.o
    0x0800373c   0x0800373c   0x0000005e   Code   RO         2763    i.protocol_cb       protocol.o
    0x0800379a   0x0800379a   0x00000002   PAD
    0x0800379c   0x0800379c   0x0000000c   Code   RO         2764    i.protocol_init     protocol.o
    0x080037a8   0x080037a8   0x0000002a   Code   RO         2765    i.protocol_send     protocol.o
    0x080037d2   0x080037d2   0x00000010   Code   RO         3088    i.st_dword          ff_1.o
    0x080037e2   0x080037e2   0x00000008   Code   RO         3089    i.st_word           ff_1.o
    0x080037ea   0x080037ea   0x00000052   Code   RO         3091    i.sync_window       ff_1.o
    0x0800383c   0x0800383c   0x00000048   Code   RO         2804    i.uart1_idle_cb     uart.o
    0x08003884   0x08003884   0x00000028   Code   RO         2805    i.uart_rec_start    uart.o
    0x080038ac   0x080038ac   0x00000018   Code   RO         2806    i.uart_send_buf     uart.o
    0x080038c4   0x080038c4   0x00000008   Data   RO         2006    .constdata          stm32f4xx_hal_dma.o
    0x080038cc   0x080038cc   0x00000010   Data   RO         2609    .constdata          system_stm32f4xx.o
    0x080038dc   0x080038dc   0x00000008   Data   RO         2610    .constdata          system_stm32f4xx.o
    0x080038e4   0x080038e4   0x0000001c   Data   RO         3094    .constdata          ff_1.o
    0x08003900   0x08003900   0x00000020   Data   RO         3448    Region$$Table       anon$$obj.o


    Execution Region RW_IRAM1 (Exec base: 0x20000000, Load base: 0x08003920, Size: 0x00004840, Max: 0x00030000, ABSOLUTE)

    Exec Addr    Load Addr    Size         Type   Attr      Idx    E Section Name        Object

    0x20000000   0x08003920   0x00000001   Data   RW          214    .data               user_diskio.o
    0x20000001   0x08003921   0x00000003   PAD
    0x20000004   0x08003924   0x00000014   Data   RW          215    .data               user_diskio.o
    0x20000018   0x08003938   0x00000005   Data   RW          275    .data               fatfs.o
    0x2000001d   0x0800393d   0x00000003   PAD
    0x20000020   0x08003940   0x00000008   Data   RW          405    .data               stm32f4xx_hal_msp.o
    0x20000028   0x08003948   0x0000000c   Data   RW         2451    .data               stm32f4xx_hal.o
    0x20000034   0x08003954   0x00000004   Data   RW         2611    .data               system_stm32f4xx.o
    0x20000038   0x08003958   0x00000004   Data   RW         2651    .data               b_tp.o
    0x2000003c   0x0800395c   0x00000004   Data   RW         2808    .data               uart.o
    0x20000040   0x08003960   0x00000003   Data   RW         2866    .data               flash_drv.o
    0x20000043   0x08003963   0x00000001   PAD
    0x20000044   0x08003964   0x00000008   Data   RW         3095    .data               ff_1.o
    0x2000004c        -       0x000010dc   Zero   RW           21    .bss                main.o
    0x20001128        -       0x00000060   Zero   RW           22    .bss                main.o
    0x20001188        -       0x00000230   Zero   RW          273    .bss                fatfs.o
    0x200013b8        -       0x00001036   Zero   RW         2650    .bss                b_tp.o
    0x200023ee        -       0x00001020   Zero   RW         2807    .bss                uart.o
    0x2000340e        -       0x00001000   Zero   RW         2865    .bss                flash_drv.o
    0x2000440e   0x0800396c   0x00000002   PAD
    0x20004410        -       0x00000020   Zero   RW         3093    .bss                ff_1.o
    0x20004430        -       0x0000000c   Zero   RW         3376    .bss                ff_gen_drv.o
    0x2000443c   0x0800396c   0x00000004   PAD
    0x20004440        -       0x00000400   Zero   RW            1    STACK               startup_stm32f429xx.o



  Load Region LR$$.ARM.__AT_0xC0000000 (Base: 0xc0000000, Size: 0x00000000, Max: 0x00001000, ABSOLUTE)

    Execution Region ER$$.ARM.__AT_0xC0000000 (Exec base: 0xc0000000, Load base: 0xc0000000, Size: 0x00001000, Max: 0x00001000, ABSOLUTE, UNINIT)

    Exec Addr    Load Addr    Size         Type   Attr      Idx    E Section Name        Object

    0xc0000000        -       0x00001000   Zero   RW           20    .ARM.__AT_0xC0000000  main.o


==============================================================================

Image component sizes


      Code (inc. data)   RO Data    RW Data    ZI Data      Debug   Object Name

       680         20          0          4       4150       8446   b_tp.o
        10          0          0          0          0        981   b_tp_port.o
        48          0          0          0          0        932   crc16.o
       148         22          0          0          0       3741   diskio_1.o
        32         10          0          5        560       1488   fatfs.o
      2464        108         28          8         32      17483   ff_1.o
        70          6          0          0         12       1635   ff_gen_drv.o
       876         66          0          3       4096       8472   flash_drv.o
       914        100          0          0       8508     745799   main.o
       160          6          0          0          0       3091   protocol.o
        36          8        428          0       1024        836   startup_stm32f429xx.o
       180         28          0         12          0       4589   stm32f4xx_hal.o
       228         14          0          0          0      32149   stm32f4xx_hal_cortex.o
      1090         16          8          0          0       7370   stm32f4xx_hal_dma.o
       470         52          0          0          0       2440   stm32f4xx_hal_gpio.o
       580         96          0          8          0       3732   stm32f4xx_hal_msp.o
       112         14          0          0          0       1288   stm32f4xx_hal_pwr_ex.o
      1276         86          0          0          0       5632   stm32f4xx_hal_rcc.o
       148          0          0          0          0       2720   stm32f4xx_hal_sdram.o
      1478          0          0          0          0       6926   stm32f4xx_hal_spi.o
      2032         28          0          0          0      14095   stm32f4xx_hal_uart.o
        74         10          0          0          0       5136   stm32f4xx_it.o
       292          4          0          0          0       3504   stm32f4xx_ll_fmc.o
        84         18         24          4          0       1159   system_stm32f4xx.o
       136         30          0          4       4128       2319   uart.o
       182          8          0         21          0       3920   user_diskio.o

    ----------------------------------------------------------------------
     13822        750        520         76      22516     889883   Object Totals
         0          0         32          0          0          0   (incl. Generated)
        22          0          0          7          6          0   (incl. Padding)

    ----------------------------------------------------------------------

      Code (inc. data)   RO Data    RW Data    ZI Data      Debug   Library Member Name

         0          0          0          0          0          0   entry.o
         0          0          0          0          0          0   entry10a.o
         0          0          0          0          0          0   entry11a.o
         8          4          0          0          0          0   entry2.o
         4          0          0          0          0          0   entry5.o
         0          0          0          0          0          0   entry7b.o
         0          0          0          0          0          0   entry8b.o
         8          4          0          0          0          0   entry9a.o
        30          0          0          0          0          0   handlers.o
        36          8          0          0          0         68   init.o
        30          0          0          0          0         68   llshl.o
        32          0          0          0          0         68   llushr.o
        36          0          0          0          0         68   memcpya.o
        98          0          0          0          0         92   uldiv.o

    ----------------------------------------------------------------------
       282         16          0          0          0        364   Library Totals
         0          0          0          0          0          0   (incl. Padding)

    ----------------------------------------------------------------------

      Code (inc. data)   RO Data    RW Data    ZI Data      Debug   Library Name

       282         16          0          0          0        364   mc_w.l

    ----------------------------------------------------------------------
       282         16          0          0          0        364   Library Totals

    ----------------------------------------------------------------------

==============================================================================


      Code (inc. data)   RO Data    RW Data    ZI Data      Debug   

     14104        766        520         76      22516     876847   Grand Totals
     14104        766        520         76      22516     876847   ELF Image Totals
     14104        766        520         76          0          0   ROM Totals

==============================================================================

    Total RO  Size (Code + RO Data)                14624 (  14.28kB)
    Total RW  Size (RW Data + ZI Data)             22592 (  22.06kB)
    Total ROM Size (Code + RO Data + RW Data)      14700 (  14.36kB)

==============================================================================

